
[1m0. ENVIRONMENT[0m
==============================================================================
  python  Python 3.9.6
  numpy   2.0.2

[1m1. SEALS  (SHA-256 over every registered document and lane)[0m
==============================================================================
  FAIL  LANE_SCALE_D_THRESHOLD.sha256
  FAIL  replicate.sha256

[1m2. RE-RUN EVERY LANE SCRIPT AND DIFF AGAINST ITS SEALED OUTPUT[0m
==============================================================================
  lane                           script                     result
  ------------------------------ -------------------------- ------
  LANE_AA_GAUSS_AT_SURFACE       aa1_gauss_at_surface.py    [32mIDENTICAL[0m
  LANE_AA_GAUSS_AT_SURFACE       aa2_why_null.py            [32mIDENTICAL[0m
  LANE_AA_GAUSS_AT_SURFACE       aa3_open_graph.py          [32mIDENTICAL[0m
  LANE_AA_MEASURES               aa_area_law_forced.py      [32mIDENTICAL[0m
  LANE_AA_MEASURES               aa_thermal.py              [32mIDENTICAL[0m
  LANE_AA_MEASURES               aa_trit_forced.py          [32mIDENTICAL[0m
  LANE_AA_MEASURES               aa_what_is_a_surface.py    [32mIDENTICAL[0m
  LANE_AA_MEASURES               aa_which_entropy.py        [32mIDENTICAL[0m
  LANE_ASYM_A_ZERO_OR_GROWING    s1_f2_structure.py         [32mIDENTICAL[0m
  LANE_ASYM_A_ZERO_OR_GROWING    s1b_writer_weight_basis.py [32mIDENTICAL[0m
  LANE_ASYM_A_ZERO_OR_GROWING    s2_dense_clauses.py        [32mIDENTICAL[0m
  LANE_ASYM_A_ZERO_OR_GROWING    s3_chi_scaling.py          [32mIDENTICAL[0m
  LANE_ASYM_A_ZERO_OR_GROWING    s4_blocks_additivity.py    [32mIDENTICAL[0m
  LANE_ASYM_A_ZERO_OR_GROWING    s5_operator_scalars.py     [31mDIFFERS (4 lines)[0m
  LANE_ASYM_A_ZERO_OR_GROWING    s6_master_table.py         [32mIDENTICAL[0m
  LANE_ASYM_B_COLLAPSE           chi_lib.py                 no sealed output — SKIP
  LANE_ASYM_B_COLLAPSE           fss_lib.py                 no sealed output — SKIP
  LANE_ASYM_B_COLLAPSE           s1_validate.py             [32mIDENTICAL[0m
  LANE_ASYM_B_COLLAPSE           s2_combinatorial.py        [32mIDENTICAL[0m
  LANE_ASYM_B_COLLAPSE           s3_chi.py                  [32mIDENTICAL[0m
  LANE_ASYM_B_COLLAPSE           s4_fss.py                  [32mIDENTICAL[0m
  LANE_ASYM_B_COLLAPSE           s5_additivity.py           [32mIDENTICAL[0m
  LANE_ASYM_B_COLLAPSE           s6_saturating_control.py   [32mIDENTICAL[0m
  LANE_ASYM_B_COLLAPSE           s7_synthesis.py            [32mIDENTICAL[0m
  LANE_ASYM_C_EXTENSIVITY        lanelib.py                 no sealed output — SKIP
  LANE_ASYM_C_EXTENSIVITY        qcore.py                   no sealed output — SKIP
  LANE_ASYM_C_EXTENSIVITY        s1_block_verify.py         [32mIDENTICAL[0m
  LANE_ASYM_C_EXTENSIVITY        s2_exact_additivity.py     [32mIDENTICAL[0m
  LANE_ASYM_C_EXTENSIVITY        s3_chi_additivity.py       [32mIDENTICAL[0m
  LANE_ASYM_C_EXTENSIVITY        s4_induced_interaction.py  [32mIDENTICAL[0m
  LANE_ASYM_C_EXTENSIVITY        s5_master.py               [32mIDENTICAL[0m
  LANE_ASYM_C_EXTENSIVITY        s6_carrier_scale.py        [32mIDENTICAL[0m
  LANE_ASYM_C_EXTENSIVITY        s7_anchor_and_homogeneous.py [32mIDENTICAL[0m
  LANE_AUDIT_TOOLS               at1_capacity.py            [32mIDENTICAL[0m
  LANE_AUDIT_TOOLS               at2_s3_clauses.py          [32mIDENTICAL[0m
  LANE_EM_EXTENT                 em_extent.py               [32mIDENTICAL[0m
  LANE_EM_EXTENT                 holonomy.py                [32mIDENTICAL[0m
  LANE_EXACT_A_ZERO              e0_engine_selfcheck.py     [32mIDENTICAL[0m
  LANE_EXACT_A_ZERO              e10_gap_characterised.py   [32mIDENTICAL[0m
  LANE_EXACT_A_ZERO              e11_ledger.py              [32mIDENTICAL[0m
  LANE_EXACT_A_ZERO              e1_twobody.py              [32mIDENTICAL[0m
  LANE_EXACT_A_ZERO              e2_threebody.py            [32mIDENTICAL[0m
  LANE_EXACT_A_ZERO              e3_words_and_gauge.py      [32mIDENTICAL[0m
  LANE_EXACT_A_ZERO              e4_dg_exact.py             [32mIDENTICAL[0m
  LANE_EXACT_A_ZERO              e5_separation.py           [32mIDENTICAL[0m
  LANE_EXACT_A_ZERO              e6_gauge_content_and_quantisation.py no sealed output — SKIP
  LANE_EXACT_A_ZERO              e7_minimal_intersection.py [32mIDENTICAL[0m
  LANE_EXACT_A_ZERO              e8_threebody_minimal.py    [32mIDENTICAL[0m
  LANE_EXACT_A_ZERO              e9_frustration_gap.py      [32mIDENTICAL[0m
  LANE_EXACT_A_ZERO              exact_pauli.py             no sealed output — SKIP
  LANE_EXACT_B_RESIDUAL          b1_exact_reduction.py      [32mIDENTICAL[0m
  LANE_EXACT_B_RESIDUAL          b2_residual.py             [32mIDENTICAL[0m
  LANE_EXACT_B_RESIDUAL          b3_noisefloor.py           [32mIDENTICAL[0m
  LANE_EXACT_B_RESIDUAL          b4_reach.py                [31mDIFFERS (2 lines)[0m
  LANE_EXACT_B_RESIDUAL          b5_threebody.py            [32mIDENTICAL[0m
  LANE_EXACT_B_RESIDUAL          b6_hierarchy.py            [32mIDENTICAL[0m
  LANE_EXACT_B_RESIDUAL          b7_separation.py           [32mIDENTICAL[0m
  LANE_EXACT_B_RESIDUAL          b8_range.py                [32mIDENTICAL[0m
  LANE_EXACT_B_RESIDUAL          b9_synthesis.py            [32mIDENTICAL[0m
  LANE_EXACT_B_RESIDUAL          battery.py                 no sealed output — SKIP
  LANE_EXACT_B_RESIDUAL          common.py                  no sealed output — SKIP
  LANE_EXACT_C_FORM              lane_utils.py              no sealed output — SKIP
  LANE_EXACT_C_FORM              t0_clauses.py              [32mIDENTICAL[0m
  LANE_EXACT_C_FORM              t1_additivity.py           [32mIDENTICAL[0m
  LANE_EXACT_C_FORM              t2_separation.py           [32mIDENTICAL[0m
  LANE_EXACT_C_FORM              t4_superposition.py        [32mIDENTICAL[0m
  LANE_EXACT_C_FORM              t5_range.py                [32mIDENTICAL[0m
  LANE_EXACT_C_FORM              t6_scaling.py              [32mIDENTICAL[0m
  LANE_EXACT_C_FORM              t7_assumptions.py          [32mIDENTICAL[0m
  LANE_EXACT_C_FORM              t8_weakfield.py            [32mIDENTICAL[0m
  LANE_F1_ARROW                  f1_arrow.py                [32mIDENTICAL[0m
  LANE_F1_ARROW                  f1b_invariance.py          [32mIDENTICAL[0m
  LANE_F7_OCCUPANCY              f10_threshold.py           [32mIDENTICAL[0m
  LANE_F7_OCCUPANCY              f10b_threshold.py          [32mIDENTICAL[0m
  LANE_F7_OCCUPANCY              f10c_whatformsit.py        [32mIDENTICAL[0m
  LANE_F7_OCCUPANCY              f7_davies.py               [32mIDENTICAL[0m
  LANE_FC_BINARIES               fc1_variant_invariant.py   [32mIDENTICAL[0m
  LANE_FC_BINARIES               fc2_is_it_dynamical.py     [32mIDENTICAL[0m
  LANE_FC_BINARIES               fc3_discriminator.py       [32mIDENTICAL[0m
  LANE_FC_BINARIES               fc4_erratum.py             [32mIDENTICAL[0m
  LANE_FC_FRAMEWORK              fw1_gauge_or_constraint.py [32mIDENTICAL[0m
  LANE_FC_FRAMEWORK              fw2_locality.py            [32mIDENTICAL[0m
  LANE_FT_SHAM                   ft1_sham.py                [32mIDENTICAL[0m
  LANE_FUNCTION_CONFIG           fc1_function.py            [32mIDENTICAL[0m
  LANE_G10_NONMANIFOLD           g10_nonmanifold.py         [32mIDENTICAL[0m
  LANE_G1_RECORD_COUNT           g1_count.py                [32mIDENTICAL[0m
  LANE_G1_RECORD_COUNT           g1b_groundspace.py         [32mIDENTICAL[0m
  LANE_G2_GRAVITY_DEF            g2_gaussbonnet.py          [32mIDENTICAL[0m
  LANE_G7_INDEX                  g7_index.py                [32mIDENTICAL[0m
  LANE_GR2_PROTECTION            gr2_arrhenius_numbers.py   [32mIDENTICAL[0m
  LANE_GR3_WRITING               numbers.py                 no sealed output — SKIP
  LANE_GR4_DERIVE                gr4_numbers.py             no sealed output — SKIP
  LANE_G_GROUP_REFUTER           g0_validate.py             [32mIDENTICAL[0m
  LANE_G_GROUP_REFUTER           g1_rank2_abelian.py        [32mIDENTICAL[0m
  LANE_G_GROUP_REFUTER           g2_nonabelian.py           [32mIDENTICAL[0m
  LANE_G_GROUP_REFUTER           g2b_fixed_controls.py      [32mIDENTICAL[0m
  LANE_G_GROUP_REFUTER           g3_schedule.py             [32mIDENTICAL[0m
  LANE_G_GROUP_REFUTER           glib.py                    no sealed output — SKIP
  LANE_H15_CARRIER               h15_carrier.py             [32mIDENTICAL[0m
  LANE_H15_CARRIER               h15b_flux.py               [32mIDENTICAL[0m
  LANE_O10_SCALING               o10_arbitrary_coupling.py  [32mIDENTICAL[0m
  LANE_O10_SCALING               o10_proof_check.py         [32mIDENTICAL[0m
  LANE_O10_SCALING               o10_threshold.py           [32mIDENTICAL[0m
  LANE_O10_SCALING               o10_two_numbers.py         [32mIDENTICAL[0m
  LANE_O10_VERIFY                v1_writer_weight.py        [32mIDENTICAL[0m
  LANE_O10_VERIFY                v2_mutation.py             [32mIDENTICAL[0m
  LANE_O10_VERIFY                v3_sufficiency.py          [32mIDENTICAL[0m
  LANE_O11_MEANFORCE             o11_meanforce.py           [32mIDENTICAL[0m
  LANE_O11_MEANFORCE             o11b_weight1.py            [32mIDENTICAL[0m
  LANE_O16_DISSIPATIVE           o16_dissipative.py         [32mIDENTICAL[0m
  LANE_O17_TENSION               o17_resolve.py             [32mIDENTICAL[0m
  LANE_O18_GAUGENOISE            o18_gauge.py               [32mIDENTICAL[0m
  LANE_O1_CONVERSE               o1_converse_theorem.py     [32mIDENTICAL[0m
  LANE_O1_CONVERSE               o1_core.py                 [32mIDENTICAL[0m
  LANE_O1_CONVERSE               o1_gap_a_compatibility.py  [32mIDENTICAL[0m
  LANE_O1_CONVERSE               o1_gap_b_flippability.py   [32mIDENTICAL[0m
  LANE_O1_CONVERSE               o1_lemma_check.py          [32mIDENTICAL[0m
  LANE_O1_CONVERSE               o1_toric_pauli.py          [32mIDENTICAL[0m
  LANE_O20_HOMOLOGY              o20_homology.py            [32mIDENTICAL[0m
  LANE_O20_HOMOLOGY              o20b_pairing.py            [32mIDENTICAL[0m
  LANE_O23_CONNECTION            o23_connection.py          [32mIDENTICAL[0m
  LANE_O23_SPLITTING             o2_symmetry.py             [32mIDENTICAL[0m
  LANE_O23_SPLITTING             o2_topological.py          [32mIDENTICAL[0m
  LANE_O23_SPLITTING             o3_clauses.py              [32mIDENTICAL[0m
  LANE_O24_MINIMALITY            o24_minimality.py          [32mIDENTICAL[0m
  LANE_O25_DENSITY               o25_density.py             [32mIDENTICAL[0m
  LANE_O26_NONCODE               o26_noncode.py             [32mIDENTICAL[0m
  LANE_O26_NONCODE               o26b_action.py             [32mIDENTICAL[0m
  LANE_O27_ACTION                o27_action.py              [32mIDENTICAL[0m
  LANE_O29_NONABELIAN            o29_s3.py                  [32mIDENTICAL[0m
  LANE_O29_NONABELIAN            o29b_transport.py          [32mIDENTICAL[0m
  LANE_O30_DENSITY               o30_density.py             [32mIDENTICAL[0m
  LANE_O31_PAIRING               o31_pairing.py             [32mIDENTICAL[0m
  LANE_O32_MAGNITUDE             o32_crowding.py            [32mIDENTICAL[0m
  LANE_O32_MAGNITUDE             o32b_density.py            [32mIDENTICAL[0m
  LANE_O33_JOIN                  o33a_abelian.py            [32mIDENTICAL[0m
  LANE_O34_NONABELIAN_JOIN       o34_join.py                [32mIDENTICAL[0m
  LANE_O34_NONABELIAN_JOIN       o34b_exists.py             [32mIDENTICAL[0m
  LANE_O34_NONABELIAN_JOIN       probe.py                   no sealed output — SKIP
  LANE_O35_NONABELIAN_CARRIER    o35_carrier.py             [32mIDENTICAL[0m
  LANE_O36_EXACT                 o36_exact.py               [32mIDENTICAL[0m
  LANE_O36_EXACT                 o36_reconcile.py           [32mIDENTICAL[0m
  LANE_O36_EXACT                 o36_whyfail.py             [31mDIFFERS (2 lines)[0m
  LANE_O38_GAPLESS               o38_falloff.py             [32mIDENTICAL[0m
  LANE_O38_GAPLESS               o38b_orderparam.py         no sealed output — SKIP
  LANE_O42_EXCLUSION             o42_exclusion.py           [32mIDENTICAL[0m
  LANE_O44_ADMISSIBLE            o44_driven.py              [32mIDENTICAL[0m
  LANE_O46_GAP                   o46_gap.py                 [32mIDENTICAL[0m
  LANE_O47_BOTH                  o47_both.py                [32mIDENTICAL[0m
  LANE_O48_A_EXTENSIVE           chain.py                   no sealed output — SKIP
  LANE_O48_A_EXTENSIVE           s1_clauses.py              [32mIDENTICAL[0m
  LANE_O48_A_EXTENSIVE           s2_extensive.py            [32mIDENTICAL[0m
  LANE_O48_A_EXTENSIVE           s3_additive.py             [32mIDENTICAL[0m
  LANE_O48_A_EXTENSIVE           s4_count.py                [32mIDENTICAL[0m
  LANE_O48_A_EXTENSIVE           s5_sign_and_carrier.py     [32mIDENTICAL[0m
  LANE_O48_A_EXTENSIVE           s6_independence.py         [32mIDENTICAL[0m
  LANE_O48_A_EXTENSIVE           s7_standard.py             [32mIDENTICAL[0m
  LANE_O48_B_SEPARATION          common.py                  no sealed output — SKIP
  LANE_O48_B_SEPARATION          mediator.py                no sealed output — SKIP
  LANE_O48_B_SEPARATION          p1_baseline.py             [32mIDENTICAL[0m
  LANE_O48_B_SEPARATION          p2a_clauses.py             [32mIDENTICAL[0m
  LANE_O48_B_SEPARATION          p2b_induced.py             [32mIDENTICAL[0m
  LANE_O48_B_SEPARATION          p2c_construction_b.py      [32mIDENTICAL[0m
  LANE_O48_B_SEPARATION          p2d_largest_exact.py       [32mIDENTICAL[0m
  LANE_O48_C_SIGN                s1_clauses.py              [32mIDENTICAL[0m
  LANE_O48_C_SIGN                s2_sign.py                 [32mIDENTICAL[0m
  LANE_O48_C_SIGN                s3_structure.py            [32mIDENTICAL[0m
  LANE_O48_C_SIGN                s4_separation.py           [32mIDENTICAL[0m
  LANE_O48_C_SIGN                s5_grading.py              [32mIDENTICAL[0m
  LANE_O48_D_CLAUSES             o48_common.py              no sealed output — SKIP
  LANE_O48_D_CLAUSES             o48_part1_scale.py         [31mDIFFERS (2 lines)[0m
  LANE_O48_D_CLAUSES             o48_part2_generality.py    [31mDIFFERS (2 lines)[0m
  LANE_O48_D_CLAUSES             o48_part3_necessary.py     [31mDIFFERS (2 lines)[0m
  LANE_O48_D_CLAUSES             o48_part4_clausev.py       [31mDIFFERS (2 lines)[0m
  LANE_O48_D_CLAUSES             o48_part5_standard.py      [31mDIFFERS (2 lines)[0m
  LANE_O4_ADMISSIBLE             o4_L3.py                   [32mIDENTICAL[0m
  LANE_O4_ADMISSIBLE             o4_abstract.py             [32mIDENTICAL[0m
  LANE_O4_ADMISSIBLE             o4_diagnose_L2.py          [32mIDENTICAL[0m
  LANE_O4_ADMISSIBLE             o4_freeness.py             [32mIDENTICAL[0m
  LANE_O4_ADMISSIBLE             o4_toric.py                [32mIDENTICAL[0m
  LANE_O4_ADMISSIBLE             o4_variant.py              [32mIDENTICAL[0m
  LANE_O4_VERIFY                 verify_o4.py               [32mIDENTICAL[0m
  LANE_O4_VERIFY                 verify_o4b.py              [32mIDENTICAL[0m
  LANE_O50_A_ACTION              f2lib.py                   no sealed output — SKIP
  LANE_O50_A_ACTION              orbits.py                  no sealed output — SKIP
  LANE_O50_A_ACTION              s1_toric_f2.py             [32mIDENTICAL[0m
  LANE_O50_A_ACTION              s2_writers_f2.py           [32mIDENTICAL[0m
  LANE_O50_A_ACTION              s3_dense_L2.py             [32mIDENTICAL[0m
  LANE_O50_A_ACTION              s4_clause_v.py             [32mIDENTICAL[0m
  LANE_O50_A_ACTION              s4b_clause_v.py            [32mIDENTICAL[0m
  LANE_O50_A_ACTION              s4c_clause_v.py            [32mIDENTICAL[0m
  LANE_O50_A_ACTION              s5_controls_chain.py       [32mIDENTICAL[0m
  LANE_O50_A_ACTION              s6_theorem.py              [32mIDENTICAL[0m
  LANE_O50_A_ACTION              s7_master_table.py         [32mIDENTICAL[0m
  LANE_O50_A_ACTION              s8_dichotomy.py            [32mIDENTICAL[0m
  LANE_O50_B_THEOREM             o50_common.py              no sealed output — SKIP
  LANE_O50_B_THEOREM             t1_core.py                 [32mIDENTICAL[0m
  LANE_O50_B_THEOREM             t2_lemma.py                [32mIDENTICAL[0m
  LANE_O50_B_THEOREM             t3_stabiliser.py           [32mIDENTICAL[0m
  LANE_O50_B_THEOREM             t4_refute.py               [32mIDENTICAL[0m
  LANE_O50_B_THEOREM             t5_double.py               [31mDIFFERS (110 lines)[0m
  LANE_O50_B_THEOREM             t6_price.py                [31mDIFFERS (169 lines)[0m
  LANE_O50_B_THEOREM             t7_freezing.py             [31mDIFFERS (110 lines)[0m
  LANE_O50_B_THEOREM             t8_validate.py             [31mDIFFERS (110 lines)[0m
  LANE_O50_C_CANCEL              s1_carrier.py              [32mIDENTICAL[0m
  LANE_O50_C_CANCEL              s2_writer_group.py         [32mIDENTICAL[0m
  LANE_O50_C_CANCEL              s3_means.py                [32mIDENTICAL[0m
  LANE_O50_C_CANCEL              s4_typical.py              [32mIDENTICAL[0m
  LANE_O50_C_CANCEL              s5_order.py                [32mIDENTICAL[0m
  LANE_O50_C_CANCEL              s6_selection.py            [32mIDENTICAL[0m
  LANE_O50_C_CANCEL              s7_theorem.py              [32mIDENTICAL[0m
  LANE_O50_D_ESCAPE              o50d_1_carrier.py          [32mIDENTICAL[0m
  LANE_O50_D_ESCAPE              o50d_2_theorem.py          [32mIDENTICAL[0m
  LANE_O50_D_ESCAPE              o50d_3_escape1_carrier.py  [32mIDENTICAL[0m
  LANE_O50_D_ESCAPE              o50d_4_escape2_state.py    [32mIDENTICAL[0m
  LANE_O50_D_ESCAPE              o50d_5_escape34_history.py [31mDIFFERS (2 lines)[0m
  LANE_O50_D_ESCAPE              o50d_6_escape5_scoring.py  [32mIDENTICAL[0m
  LANE_O50_D_ESCAPE              o50d_7_escape6_irreversible.py [32mIDENTICAL[0m
  LANE_O50_D_ESCAPE              o50d_common.py             no sealed output — SKIP
  LANE_O54_A_CORNER              o54a_two_region.py         [32mIDENTICAL[0m
  LANE_O54_B_WORLD               o54b_world.py              [32mIDENTICAL[0m
  LANE_O54_C_ATTEMPT             o54c_attempts.py           [31mDIFFERS (2 lines)[0m
  LANE_O54_C_ATTEMPT             o54c_lib.py                no sealed output — SKIP
  LANE_O5_ADVERSARIAL            o5adv_a_gaptest_is_identity.py [32mIDENTICAL[0m
  LANE_O5_ADVERSARIAL            o5adv_b_which_gap.py       [32mIDENTICAL[0m
  LANE_O5_ADVERSARIAL            o5adv_c_lifetime_tracks_eps.py [32mIDENTICAL[0m
  LANE_O5_ADVERSARIAL            o5adv_d_infimum_and_readings.py [32mIDENTICAL[0m
  LANE_O5_ADVERSARIAL            o5adv_e_fnofH_and_steane_flip.py [32mIDENTICAL[0m
  LANE_O5_ADVERSARIAL            o5adv_f_seed_robustness.py [32mIDENTICAL[0m
  LANE_O5_ADVERSARIAL            o5adv_g_B3_is_void.py      [32mIDENTICAL[0m
  LANE_O5_APPROXIMATE            o5_a_carrier.py            [31mDIFFERS (2 lines)[0m
  LANE_O5_APPROXIMATE            o5_b_collapse.py           [32mIDENTICAL[0m
  LANE_O5_APPROXIMATE            o5_c_lifetime.py           [32mIDENTICAL[0m
  LANE_O5_APPROXIMATE            o5_common.py               no sealed output — SKIP
  LANE_O5_APPROXIMATE            o5_d_theorems.py           [32mIDENTICAL[0m
  LANE_O6_EMERGENCE              o6_emergence.py            [31mDIFFERS (8 lines)[0m
  LANE_O78_FRACTON_NONABELIAN    gf2.py                     no sealed output — SKIP
  LANE_O78_FRACTON_NONABELIAN    models.py                  no sealed output — SKIP
  LANE_O78_FRACTON_NONABELIAN    o7_chamon_fcc.py           [32mIDENTICAL[0m
  LANE_O78_FRACTON_NONABELIAN    o7_extra.py                [32mIDENTICAL[0m
  LANE_O78_FRACTON_NONABELIAN    o7_fractons.py             [32mIDENTICAL[0m
  LANE_O78_FRACTON_NONABELIAN    o7_strings.py              [32mIDENTICAL[0m
  LANE_O78_FRACTON_NONABELIAN    o7_writer_shape.py         [31mDIFFERS (8 lines)[0m
  LANE_O78_FRACTON_NONABELIAN    o8_chamon_lc.py            [31mDIFFERS (12 lines)[0m
  LANE_O78_FRACTON_NONABELIAN    o8_no_css_5.py             [32mIDENTICAL[0m
  LANE_O78_FRACTON_NONABELIAN    o8_nonabelian.py           [32mIDENTICAL[0m
  LANE_O78_FRACTON_NONABELIAN    o8_noncss.py               [32mIDENTICAL[0m
  LANE_O8_NONABELIAN             o8_flat_available.py       [32mIDENTICAL[0m
  LANE_P1_DEFINITION             p1_definition.py           [32mIDENTICAL[0m
  LANE_PA_THEOREMS               pa1_verify.py              [32mIDENTICAL[0m
  LANE_PA_THEOREMS               pa3_verify.py              [32mIDENTICAL[0m
  LANE_PA_THEOREMS               pa4_legibility.py          [32mIDENTICAL[0m
  LANE_PB_UNIVERSALITY           pb1_nonmarkov.py           [32mIDENTICAL[0m
  LANE_PB_UNIVERSALITY           pb2_field_dim.py           [32mIDENTICAL[0m
  LANE_PC_PREDICTION             pc1_is_it_locality.py      [32mIDENTICAL[0m
  LANE_PF2_DYNAMICAL             pf2_history.py             [32mIDENTICAL[0m
  LANE_PF3_ADMISSIBLE2           pf3_admissible.py          [31mDIFFERS (6 lines)[0m
  LANE_PF3_ADMISSIBLE2           pf3b_clausev.py            [32mIDENTICAL[0m
  LANE_PF3_ADMISSIBLE2           pf3c_twodistances.py       [32mIDENTICAL[0m
  LANE_PF5_LOCALBATH             pf5_localbath.py           [32mIDENTICAL[0m
  LANE_RC_CHARGE_REFUTER         rc0_validate.py            [32mIDENTICAL[0m
  LANE_RC_CHARGE_REFUTER         rc1_homogeneity.py         [32mIDENTICAL[0m
  LANE_RC_CHARGE_REFUTER         rc2_pointcount.py          [32mIDENTICAL[0m
  LANE_RC_CHARGE_REFUTER         rc3_rankwall.py            [32mIDENTICAL[0m
  LANE_RC_CHARGE_REFUTER         rc4_criterion.py           [32mIDENTICAL[0m
  LANE_RC_CHARGE_REFUTER         rc5_exact.py               [32mIDENTICAL[0m
  LANE_RC_CHARGE_REFUTER         rclib.py                   no sealed output — SKIP
  LANE_RX_MAPS_REFUTER           r1_validate.py             [32mIDENTICAL[0m
  LANE_RX_MAPS_REFUTER           r2_attacks.py              [32mIDENTICAL[0m
  LANE_RX_MAPS_REFUTER           r3_group_charge.py         [32mIDENTICAL[0m
  LANE_RX_MAPS_REFUTER           r4_walls.py                [32mIDENTICAL[0m
  LANE_RX_MAPS_REFUTER           r5_collapse_table.py       [32mIDENTICAL[0m
  LANE_RX_MAPS_REFUTER           rx.py                      no sealed output — SKIP
  LANE_R_CHARGE_REFUTER          rc_0_validate.py           [32mIDENTICAL[0m
  LANE_R_CHARGE_REFUTER          rc_1_attack.py             [32mIDENTICAL[0m
  LANE_R_CHARGE_REFUTER          rc_2_exact.py              [32mIDENTICAL[0m
  LANE_R_CHARGE_REFUTER          rc_3_counts.py             [32mIDENTICAL[0m
  LANE_R_CHARGE_REFUTER          rc_lib.py                  no sealed output — SKIP
  LANE_R_CHARGE_REFUTER          ref_charge.py              [32mIDENTICAL[0m
  LANE_R_CHARGE_REFUTER_S4-1     r1_build.py                [32mIDENTICAL[0m
  LANE_R_CHARGE_REFUTER_S4-1     r2_attack.py               [32mIDENTICAL[0m
  LANE_R_CHARGE_REFUTER_S4-1     r3_probe.py                [32mIDENTICAL[0m
  LANE_R_GROUP_REFUTER           r_group_refuter.py         no sealed output — SKIP
  LANE_R_GROUP_REFUTER           r_group_refuter2.py        no sealed output — SKIP
  LANE_R_GROUP_REFUTER           r_group_refuter3.py        no sealed output — SKIP
  LANE_R_GROUP_REFUTER           r_group_refuter4.py        no sealed output — SKIP
  LANE_R_GROUP_REFUTER           rg_0_validate.py           [32mIDENTICAL[0m
  LANE_R_GROUP_REFUTER           rg_1_attack.py             [32mIDENTICAL[0m
  LANE_R_GROUP_REFUTER           rg_2_theorem.py            [32mIDENTICAL[0m
  LANE_R_GROUP_REFUTER           rg_3_wall.py               [32mIDENTICAL[0m
  LANE_R_GROUP_REFUTER           rg_4_survives.py           [32mIDENTICAL[0m
  LANE_R_GROUP_REFUTER           rg_lib.py                  no sealed output — SKIP
  LANE_R_MAPS_REFUTER            maps_refuter.py            no sealed output — SKIP
  LANE_R_MAPS_REFUTER            maps_refuter2.py           no sealed output — SKIP
  LANE_R_MAPS_REFUTER            maps_refuter3.py           no sealed output — SKIP
  LANE_R_MAPS_REFUTER            maps_refuter4.py           no sealed output — SKIP
  LANE_R_MAPS_REFUTER            perm_exact.py              no sealed output — SKIP
  LANE_R_MAPS_REFUTER            perm_search.py             no sealed output — SKIP
  LANE_R_MAPS_REFUTER            prec_check.py              no sealed output — SKIP
  LANE_R_MAPS_REFUTER            r0_validate.py             [32mIDENTICAL[0m
  LANE_R_MAPS_REFUTER            r1_attack.py               [32mIDENTICAL[0m
  LANE_R_MAPS_REFUTER            r2_close.py                [32mIDENTICAL[0m
  LANE_R_MAPS_REFUTER            rm_1_validate.py           [32mIDENTICAL[0m
  LANE_R_MAPS_REFUTER            rm_2_attack.py             [32mIDENTICAL[0m
  LANE_R_MAPS_REFUTER            rm_3_exact.py              [32mIDENTICAL[0m
  LANE_R_MAPS_REFUTER            rm_4_homeo.py              [32mIDENTICAL[0m
  LANE_R_MAPS_REFUTER            rm_lib.py                  no sealed output — SKIP
  LANE_R_MAPS_REFUTER            rmlib.py                   no sealed output — SKIP
  LANE_R_SCHEDULE_REFUTER        rx_0_validate.py           [32mIDENTICAL[0m
  LANE_R_SCHEDULE_REFUTER        rx_1_attack.py             [31mDIFFERS (4 lines)[0m
  LANE_R_SCHEDULE_REFUTER        rx_2_exact.py              [32mIDENTICAL[0m
  LANE_R_SCHEDULE_REFUTER        rx_3_control.py            [32mIDENTICAL[0m
  LANE_R_SCHEDULE_REFUTER        rx_4_vacuous.py            [32mIDENTICAL[0m
  LANE_R_SCHEDULE_REFUTER        rx_lib.py                  no sealed output — SKIP
  LANE_S5_CHARGE_CODE            s5_A_charge.py             [32mIDENTICAL[0m
  LANE_S5_CHARGE_CODE            s5_B_sweep.py              [32mIDENTICAL[0m
  LANE_S5_CHARGE_CODE            s5_C_carriers.py           [32mIDENTICAL[0m
  LANE_S5_CHARGE_CODE            s5_D_decide.py             [31mDIFFERS (32 lines)[0m
  LANE_S5_CHARGE_CODE            s5_E_final.py              [32mIDENTICAL[0m
  LANE_S5_CHARGE_CODE            s5_F_check.py              [32mIDENTICAL[0m
  LANE_S5_CHARGE_CODE            s5_v0_validate.py          [32mIDENTICAL[0m
  LANE_S5_CHARGE_CODE            s5lib.py                   no sealed output — SKIP
  LANE_S5_SCHEDULE_REFUTER_CODE  ref_sched.py               [32mIDENTICAL[0m
  LANE_S5_SCHEDULE_REFUTER_CODE  ref_sched2.py              [32mIDENTICAL[0m
  LANE_SCALE_A_TRANSPORT         carriers.py                no sealed output — SKIP
  LANE_SCALE_A_TRANSPORT         glib.py                    no sealed output — SKIP
  LANE_SCALE_A_TRANSPORT         s1_census.py               [32mIDENTICAL[0m
  LANE_SCALE_A_TRANSPORT         s2_matrix.py               [31mDIFFERS (12 lines)[0m
  LANE_SCALE_A_TRANSPORT         s3_orbits.py               [32mIDENTICAL[0m
  LANE_SCALE_A_TRANSPORT         s4_read.py                 [32mIDENTICAL[0m
  LANE_SCALE_A_TRANSPORT         s5_clause_ii.py            [32mIDENTICAL[0m
  LANE_SCALE_B_METRIC            01_records_verify.py       [32mIDENTICAL[0m
  LANE_SCALE_B_METRIC            02_relations_exact.py      [31mDIFFERS (2 lines)[0m
  LANE_SCALE_B_METRIC            03_basis_and_classes.py    [32mIDENTICAL[0m
  LANE_SCALE_B_METRIC            04_operational_validate.py [32mIDENTICAL[0m
  LANE_SCALE_B_METRIC            05_drive_read.py           [32mIDENTICAL[0m
  LANE_SCALE_B_METRIC            06_classes_large.py        [32mIDENTICAL[0m
  LANE_SCALE_B_METRIC            07_crowding_relation.py    [32mIDENTICAL[0m
  LANE_SCALE_B_METRIC            08_synthesis.py            [32mIDENTICAL[0m
  LANE_SCALE_B_METRIC            lib_operational.py         no sealed output — SKIP
  LANE_SCALE_B_METRIC            lib_scaleb.py              no sealed output — SKIP
  LANE_SCALE_C_ACCUM             s1_combinatorics.py        [32mIDENTICAL[0m
  LANE_SCALE_C_ACCUM             s2_chi_scaling.py          [32mIDENTICAL[0m
  LANE_SCALE_C_ACCUM             s3_region_reach.py         [32mIDENTICAL[0m
  LANE_SCALE_C_ACCUM             s4_energy_and_count.py     [32mIDENTICAL[0m
  LANE_SCALE_D_THRESHOLD         battery.py                 no sealed output — SKIP
  LANE_SCALE_D_THRESHOLD         carriers.py                no sealed output — SKIP
  LANE_SCALE_D_THRESHOLD         f2.py                      no sealed output — SKIP
  LANE_SCALE_D_THRESHOLD         s10_dg_family.py           [31mDIFFERS (1 lines)[0m
  LANE_SCALE_D_THRESHOLD         s11_far_reach.py           [31mDIFFERS (1 lines)[0m
  LANE_SCALE_D_THRESHOLD         s1_verify_clauses.py       [31mDIFFERS (32 lines)[0m
  LANE_SCALE_D_THRESHOLD         s2_combinatorial_battery.py [31mDIFFERS (1 lines)[0m
  LANE_SCALE_D_THRESHOLD         s3_percolation_density.py  [31mDIFFERS (1 lines)[0m
  LANE_SCALE_D_THRESHOLD         s4_basis_sensitivity.py    [31mDIFFERS (1 lines)[0m
  LANE_SCALE_D_THRESHOLD         s5_dynamics_chi.py         [31mDIFFERS (1 lines)[0m
  LANE_SCALE_D_THRESHOLD         s6_onset_random_carriers.py [31mDIFFERS (1 lines)[0m
  LANE_SCALE_D_THRESHOLD         s6b_onset_hi.py            no sealed output — SKIP
  LANE_SCALE_D_THRESHOLD         s7_threshold_verdict.py    [32mIDENTICAL[0m
  LANE_SCALE_D_THRESHOLD         s8_master_table.py         [32mIDENTICAL[0m
  LANE_SCALE_D_THRESHOLD         s9_noncommuting_arm.py     [31mDIFFERS (1 lines)[0m
  LANE_SCALE_E_OBJECTIVITY       common.py                  no sealed output — SKIP
  LANE_SCALE_E_OBJECTIVITY       s1_records.py              [32mIDENTICAL[0m
  LANE_SCALE_E_OBJECTIVITY       s2_verify_fastpath.py      [32mIDENTICAL[0m
  LANE_SCALE_E_OBJECTIVITY       s3_redundancy.py           [32mIDENTICAL[0m
  LANE_SCALE_E_OBJECTIVITY       s4_helpers.py              no sealed output — SKIP
  LANE_SCALE_E_OBJECTIVITY       s4_relations.py            [32mIDENTICAL[0m
  LANE_SCALE_E_OBJECTIVITY       s5_transport_and_threshold.py [32mIDENTICAL[0m
  LANE_SCALE_E_OBJECTIVITY       s6_master.py               [32mIDENTICAL[0m
  LANE_SCALE_E_OBJECTIVITY       s7_push.py                 [31mDIFFERS (8 lines)[0m
  LANE_SCALE_E_OBJECTIVITY       s8_relational_fraction.py  [32mIDENTICAL[0m
  LANE_SIGN_DEFINITE             sd1_signs.py               [32mIDENTICAL[0m
  LANE_SIGN_DEFINITE             sd2_crowding.py            [32mIDENTICAL[0m
  LANE_SIGN_DEFINITE             sd3_break.py               [32mIDENTICAL[0m
  LANE_T10_PARAMS                t10_params.py              [32mIDENTICAL[0m
  LANE_T11_CLAUSEV               t11_clausev.py             [32mIDENTICAL[0m
  LANE_T11_CLAUSEV               t11b_geometric.py          [32mIDENTICAL[0m
  LANE_T11_CLAUSEV               t11c_scale.py              [32mIDENTICAL[0m
  LANE_T12_NECESSARY             t12_necessary.py           [32mIDENTICAL[0m
  LANE_T13_BATHSIZE              t13_bathsize.py            [31mDIFFERS (2 lines)[0m
  LANE_T13_BATHSIZE              t13b_redundancy.py         [32mIDENTICAL[0m
  LANE_T13_BATHSIZE              t13c_control.py            [32mIDENTICAL[0m
  LANE_T14_ALPHA                 t14_alpha.py               [32mIDENTICAL[0m
  LANE_T1_NEW_PROGRAM            t1_null_option.py          [32mIDENTICAL[0m
  LANE_T20_HOLONOMY              t20_holonomy.py            [32mIDENTICAL[0m
  LANE_T20_HOLONOMY              t20b_threerecords.py       [32mIDENTICAL[0m
  LANE_T20_HOLONOMY              t20c_final.py              [32mIDENTICAL[0m
  LANE_T24_DV                    t24_lib.py                 no sealed output — SKIP
  LANE_T24_DV                    t24_main.py                [32mIDENTICAL[0m
  LANE_T24_DV                    t24_minimal.py             [32mIDENTICAL[0m
  LANE_T24_DV                    t24_z2.py                  [32mIDENTICAL[0m
  LANE_T28_LIMIT                 t28_limit.py               [32mIDENTICAL[0m
  LANE_T29_HDD                   t29_grain.py               [32mIDENTICAL[0m
  LANE_T30_TOLERANCE             t30_tolerance.py           [32mIDENTICAL[0m
  LANE_T31_ASYMMETRY             t31_asymmetry.py           [32mIDENTICAL[0m
  LANE_T32_REALSOURCE            t32_source.py              [32mIDENTICAL[0m
  LANE_T33_ANYSURFACE            t33_anysurface.py          [32mIDENTICAL[0m
  LANE_T34_NAND                  t34_nand.py                [32mIDENTICAL[0m
  LANE_T39_A_ENUM                t39_alpha_amplification.py [32mIDENTICAL[0m
  LANE_T3_MODELREACH             t3_dim256.py               [32mIDENTICAL[0m
  LANE_T41_EXTERNAL              t41_external.py            [32mIDENTICAL[0m
  LANE_T42_A_DISTANCE            t42_a_toric.py             [32mIDENTICAL[0m
  LANE_T42_A_DISTANCE            t42_b_codes.py             [32mIDENTICAL[0m
  LANE_T42_A_DISTANCE            t42_c_doubles.py           [32mIDENTICAL[0m
  LANE_T42_A_DISTANCE            t42_d_records.py           [32mIDENTICAL[0m
  LANE_T42_A_DISTANCE            t42_lib.py                 no sealed output — SKIP
  LANE_T42_B_WORLDDIST           t42b_worlddist.py          [32mIDENTICAL[0m
  LANE_T42_C_BOUNDCAP            t42_corner.py              [32mIDENTICAL[0m
  LANE_T42_C_BOUNDCAP            t42_world.py               [32mIDENTICAL[0m
  LANE_T42_D_DERIVE              t42d_derive.py             [32mIDENTICAL[0m
  LANE_T43_A_CORNER              t43_corner.py              [32mIDENTICAL[0m
  LANE_T43_B_WORLD               t43b_world.py              [32mIDENTICAL[0m
  LANE_T43_C_RULE                t43c_rule.py               [32mIDENTICAL[0m
  LANE_T44_A_CORNER              t44a_corner.py             [32mIDENTICAL[0m
  LANE_T44_A_CORNER              t44a_lib.py                no sealed output — SKIP
  LANE_T44_B_WORLD               t44b_lib.py                no sealed output — SKIP
  LANE_T44_B_WORLD               t44b_world.py              [31mDIFFERS (1 lines)[0m
  LANE_T45_CLOCK                 t45_clock.py               [32mIDENTICAL[0m
  LANE_T47_A_WIDTH               t47_a_width.py             [32mIDENTICAL[0m
  LANE_T47_B_STAIRCASE           t47b_staircase.py          [32mIDENTICAL[0m
  LANE_T47_C_OWNERSHIP           control_departure.py       no sealed output — SKIP
  LANE_T5_CHANNEL                t5_count.py                [32mIDENTICAL[0m
  LANE_T5_CHANNEL                t5_diag.py                 [32mIDENTICAL[0m
  LANE_T6_MULTIRECORD            t6_multirecord.py          [32mIDENTICAL[0m
  LANE_T8_CARRIERS               t8_carriers.py             [32mIDENTICAL[0m
  LANE_T9_CARRIERINDEP           t9_sweep.py                [32mIDENTICAL[0m
  LANE_W07_RECURRENCE_ISOLATION  w07_a_carrier.py           [32mIDENTICAL[0m
  LANE_W07_RECURRENCE_ISOLATION  w07_b_dressed.py           [32mIDENTICAL[0m
  LANE_W07_RECURRENCE_ISOLATION  w07_c2_exact.py            [32mIDENTICAL[0m
  LANE_W07_RECURRENCE_ISOLATION  w07_c_scaling.py           [32mIDENTICAL[0m
  LANE_W07_RECURRENCE_ISOLATION  w07_d_carrier_recur.py     [32mIDENTICAL[0m
  LANE_W07_RECURRENCE_ISOLATION  w07_e_isolation.py         [32mIDENTICAL[0m
  LANE_W08_M1_IDENTIFICATION     M1_01_identification.py    [32mIDENTICAL[0m
  LANE_W08_M1_IDENTIFICATION     M1_02_mahler_machinery.py  [32mIDENTICAL[0m
  LANE_W08_M1_IDENTIFICATION     M1_03_three_connections.py [32mIDENTICAL[0m
  LANE_W08_M1_IDENTIFICATION     M1_04_durability.py        [32mIDENTICAL[0m
  LANE_W08_M1_IDENTIFICATION     M1_05_simplex.py           [32mIDENTICAL[0m
  LANE_W08_M1_IDENTIFICATION     M1_06_liouville.py         [32mIDENTICAL[0m
  LANE_W08_M1_IDENTIFICATION     M1_07_lawton.py            [32mIDENTICAL[0m
  LANE_W08_M1_IDENTIFICATION_REFUTE_1 R1_01_identification_exact.py [32mIDENTICAL[0m
  LANE_W08_M1_IDENTIFICATION_REFUTE_1 R1_02_mahler_highprec.py   [32mIDENTICAL[0m
  LANE_W08_M1_IDENTIFICATION_REFUTE_1 R1_03_diophantine_exactphase.py [32mIDENTICAL[0m
  LANE_W08_M1_IDENTIFICATION_REFUTE_1 R1_04_subtorus_singularities.py [32mIDENTICAL[0m
  LANE_W08_M1_IDENTIFICATION_REFUTE_1 R1_05_rank1_gap.py         [32mIDENTICAL[0m
  LANE_W08_M1_IDENTIFICATION_REFUTE_1 R1_06_lambda_vs_mP.py      [32mIDENTICAL[0m
  LANE_W08_M1_IDENTIFICATION_REFUTE_1 R1_07_durability_and_F4.py [32mIDENTICAL[0m
  LANE_W08_M1_IDENTIFICATION_REFUTE_1 R1_08_lawton_and_closedforms.py [32mIDENTICAL[0m
  LANE_W08_M1_IDENTIFICATION_REFUTE_1 R1_09_accumulation_noise.py [32mIDENTICAL[0m
  LANE_W08_M1_IDENTIFICATION_REFUTE_1 R1_10_operative_variable.py [32mIDENTICAL[0m
  LANE_W08_M1_IDENTIFICATION_REFUTE_2 R2_01_vacuous_control.py   [32mIDENTICAL[0m
  LANE_W08_M1_IDENTIFICATION_REFUTE_2 R2_02_iff_is_false.py      [32mIDENTICAL[0m
  LANE_W08_M1_IDENTIFICATION_REFUTE_2 R2_03_precision_and_weights.py [32mIDENTICAL[0m
  LANE_W08_M1_IDENTIFICATION_REFUTE_2 R2_04_comparison5.py       [32mIDENTICAL[0m
  LANE_W08_M1_IDENTIFICATION_REFUTE_2 R2_05_feps.py              [32mIDENTICAL[0m
  LANE_W08_M1_IDENTIFICATION_REFUTE_2 R2_06_table_and_sweep.py   [32mIDENTICAL[0m
  LANE_W08_M1_IDENTIFICATION_REFUTE_2 R2_07_operator_side.py     [32mIDENTICAL[0m
  LANE_W08_M2_FLOOR              m2_a_objects.py            [32mIDENTICAL[0m
  LANE_W08_M2_FLOOR              m2_b_sweep.py              [31mDIFFERS (4 lines)[0m
  LANE_W08_M2_FLOOR              m2_c_race.py               [32mIDENTICAL[0m
  LANE_W08_M2_FLOOR              m2_d_attained.py           [32mIDENTICAL[0m
  LANE_W08_M2_FLOOR              m2_e_schedule.py           [32mIDENTICAL[0m
  LANE_W08_M2_FLOOR              m2_f_floorlaw.py           [32mIDENTICAL[0m
  LANE_W08_M2_FLOOR_REFUTE_1     r1_objects_identity_theorem.py [32mIDENTICAL[0m
  LANE_W08_M2_FLOOR_REFUTE_1     r2_floor_exponents.py      [32mIDENTICAL[0m
  LANE_W08_M2_FLOOR_REFUTE_1     r3_vwa_confound.py         [32mIDENTICAL[0m
  LANE_W08_M2_FLOOR_REFUTE_1     r4_rates_independent.py    [32mIDENTICAL[0m
  LANE_W08_M2_FLOOR_REFUTE_1     r5_schedule_and_deff.py    [32mIDENTICAL[0m
  LANE_W08_M2_FLOOR_REFUTE_1     r6_m2_8_missing_cell.py    [32mIDENTICAL[0m
  LANE_W08_M2_FLOOR_REFUTE_1     r7_overlap_fixed_height.py [32mIDENTICAL[0m
  LANE_W08_M2_FLOOR_REFUTE_2     r2_a_verify.py             [32mIDENTICAL[0m
  LANE_W08_M2_FLOOR_REFUTE_2     r2_b_spectrum.py           [32mIDENTICAL[0m
  LANE_W08_M2_FLOOR_REFUTE_2     r2_c_publishedstate.py     [32mIDENTICAL[0m
  LANE_W08_M2_FLOOR_REFUTE_2     r2_d_yardstick.py          [32mIDENTICAL[0m
  LANE_W08_M2_FLOOR_REFUTE_2     r2_e_confound.py           [32mIDENTICAL[0m
  LANE_W08_M2_FLOOR_REFUTE_2     r2_f_ratespread.py         [32mIDENTICAL[0m
  LANE_W08_M3_ZEROSET            m3_1_identity_and_threeclass.py [32mIDENTICAL[0m
  LANE_W08_M3_ZEROSET            m3_2_fourclass.py          [32mIDENTICAL[0m
  LANE_W08_M3_ZEROSET            m3_3_published_state.py    [32mIDENTICAL[0m
  LANE_W08_M3_ZEROSET            m3_4_threeclass_vs_fourclass.py [32mIDENTICAL[0m
  LANE_W08_M3_ZEROSET            m3_5_theoremA_both_sides.py [32mIDENTICAL[0m
  LANE_W08_M3_ZEROSET_REFUTE_1   r1_three_statements.py     [32mIDENTICAL[0m
  LANE_W08_M3_ZEROSET_REFUTE_1   r2_zeroset_exact.py        [32mIDENTICAL[0m
  LANE_W08_M3_ZEROSET_REFUTE_1   r3_operative_variable.py   [32mIDENTICAL[0m
  LANE_W08_M3_ZEROSET_REFUTE_1   r4_values_independent_routes.py [32mIDENTICAL[0m
  LANE_W08_M3_ZEROSET_REFUTE_1   r5_implication_ledger.py   [32mIDENTICAL[0m
  LANE_W08_M3_ZEROSET_REFUTE_2   m3_1_identity_and_threeclass.py [32mIDENTICAL[0m
  LANE_W08_M3_ZEROSET_REFUTE_2   m3_2_fourclass.py          [32mIDENTICAL[0m
  LANE_W08_M3_ZEROSET_REFUTE_2   m3_3_published_state.py    [32mIDENTICAL[0m
  LANE_W08_M3_ZEROSET_REFUTE_2   m3_4_threeclass_vs_fourclass.py [32mIDENTICAL[0m
  LANE_W08_M3_ZEROSET_REFUTE_2   m3_5_theoremA_both_sides.py [32mIDENTICAL[0m
  LANE_W08_M3_ZEROSET_REFUTE_2   r2_1_spectator_carriers.py [32mIDENTICAL[0m
  LANE_W08_M3_ZEROSET_REFUTE_2   r2_2_connection_side_measure.py [32mIDENTICAL[0m
  LANE_W08_M3_ZEROSET_REFUTE_2   r2_3_formation_families_and_degeneracy.py [32mIDENTICAL[0m
  LANE_W08_M3_ZEROSET_REFUTE_2   r2_4_residual_scope_probes.py [32mIDENTICAL[0m
  LANE_W08_M3_ZEROSET_REFUTE_2   r2_5_independent_certification.py [32mIDENTICAL[0m
  LANE_W08_M4_REFUTE_W07         m4_b_rho_algebra.py        [32mIDENTICAL[0m
  LANE_W08_M4_REFUTE_W07         m4_c_diophantine.py        [32mIDENTICAL[0m
  LANE_W08_M4_REFUTE_W07         m4_d_forced_agreement.py   [32mIDENTICAL[0m
  LANE_W08_M4_REFUTE_W07         m4_e_3sqrt3.py             [32mIDENTICAL[0m
  LANE_W08_M4_REFUTE_W07         m4_f_sweep.py              [32mIDENTICAL[0m
  LANE_W08_M4_REFUTE_W07         m4_g_attained_exact.py     [32mIDENTICAL[0m
  LANE_W08_M4_REFUTE_W07         m4_h_corrections.py        [32mIDENTICAL[0m
  LANE_W08_M4_REFUTE_W07_REFUTE_1 r1_a_groundtruth.py        [32mIDENTICAL[0m
  LANE_W08_M4_REFUTE_W07_REFUTE_1 r1_b_sweep_contingency.py  [32mIDENTICAL[0m
  LANE_W08_M4_REFUTE_W07_REFUTE_1 r1_c_operative_variable.py [32mIDENTICAL[0m
  LANE_W08_M4_REFUTE_W07_REFUTE_1 r1_d_controls_and_sec4.py  [32mIDENTICAL[0m
  LANE_W08_M4_REFUTE_W07_REFUTE_1 r1_f_where_measured.py     [32mIDENTICAL[0m
  LANE_W08_M4_REFUTE_W07_REFUTE_2 r2_a_decisive_exact.py     [32mIDENTICAL[0m
  LANE_W08_M4_REFUTE_W07_REFUTE_2 r2_b_discrimination.py     [32mIDENTICAL[0m
  LANE_W08_M4_REFUTE_W07_REFUTE_2 r2_c_arithmetic.py         [32mIDENTICAL[0m
  LANE_W08_M4_REFUTE_W07_REFUTE_2 r2_d_wrong_scalar.py       [32mIDENTICAL[0m
  LANE_W08_REGISTRAR_VERIFY      w08_verify.py              [32mIDENTICAL[0m
  LANE_W08_REGISTRAR_VERIFY      w08_verify2.py             [32mIDENTICAL[0m
  LANE_W08_SYNTHESIS             S_01_where_measured.py     [32mIDENTICAL[0m
  LANE_W08_SYNTHESIS             S_02_the_race.py           [32mIDENTICAL[0m
  LANE_W08_SYNTHESIS             S_03_schedule_and_monotone.py [32mIDENTICAL[0m
  LANE_W08_SYNTHESIS             S_04_lawton_window.py      [32mIDENTICAL[0m
  LANE_W08_SYNTHESIS             S_05_ord_rho_name.py       [32mIDENTICAL[0m
  LANE_W08_SYNTHESIS             S_06_theorem_checks.py     [32mIDENTICAL[0m
  LANE_W08_SYNTHESIS             S_07_onset.py              [31mDIFFERS (10 lines)[0m
  LANE_W08_SYNTHESIS             S_09_adversary_density.py  [31mDIFFERS (14 lines)[0m
  LANE_W08_SYNTHESIS             S_10_w01_offK1.py          [32mIDENTICAL[0m
  LANE_W09_W01_OFF_K1            w09_convex_hull_off_k1.py  [32mIDENTICAL[0m
  LANE_W09_W01_OFF_K1            w09b_involution.py         [32mIDENTICAL[0m
  LANE_W09_W01_OFF_K1            w09c_exact.py              [32mIDENTICAL[0m
  LANE_W10_A_CARRIERS            w10a_1_build.py            [32mIDENTICAL[0m
  LANE_W10_A_CARRIERS            w10a_2_w02.py              [32mIDENTICAL[0m
  LANE_W10_A_CARRIERS            w10a_3_w08.py              [32mIDENTICAL[0m
  LANE_W10_A_CARRIERS            w10a_4_lambda.py           [32mIDENTICAL[0m
  LANE_W10_A_CARRIERS            w10a_5_schedule.py         [32mIDENTICAL[0m
  LANE_W10_A_CARRIERS            w10a_lib.py                no sealed output — SKIP
  LANE_W10_A_CARRIERS_REFUTE_1   r1_rebuild.py              [32mIDENTICAL[0m
  LANE_W10_A_CARRIERS_REFUTE_1   r1lib.py                   no sealed output — SKIP
  LANE_W10_A_CARRIERS_REFUTE_1   r2_lattice.py              [32mIDENTICAL[0m
  LANE_W10_A_CARRIERS_REFUTE_1   r3_mahler.py               [32mIDENTICAL[0m
  LANE_W10_A_CARRIERS_REFUTE_1   r4_scope.py                [32mIDENTICAL[0m
  LANE_W10_A_CARRIERS_REFUTE_1   r5_identity.py             [32mIDENTICAL[0m
  LANE_W10_A_CARRIERS_REFUTE_1   w10a_1_build.py            [32mIDENTICAL[0m
  LANE_W10_A_CARRIERS_REFUTE_1   w10a_2_w02.py              [32mIDENTICAL[0m
  LANE_W10_A_CARRIERS_REFUTE_1   w10a_3_w08.py              [32mIDENTICAL[0m
  LANE_W10_A_CARRIERS_REFUTE_1   w10a_4_lambda.py           [32mIDENTICAL[0m
  LANE_W10_A_CARRIERS_REFUTE_1   w10a_5_schedule.py         [32mIDENTICAL[0m
  LANE_W10_A_CARRIERS_REFUTE_1   w10a_lib.py                no sealed output — SKIP
  LANE_W10_A_CARRIERS_REFUTE_2   r2_1_rebuild.py            [32mIDENTICAL[0m
  LANE_W10_A_CARRIERS_REFUTE_2   r2_2_armdiff.py            [32mIDENTICAL[0m
  LANE_W10_A_CARRIERS_REFUTE_2   r2_3_exact.py              [32mIDENTICAL[0m
  LANE_W10_A_CARRIERS_REFUTE_2   r2_4_multiset.py           [32mIDENTICAL[0m
  LANE_W10_A_CARRIERS_REFUTE_2   r2_5_pointers.py           [32mIDENTICAL[0m
  LANE_W10_A_CARRIERS_REFUTE_2   r2_6_gaps.py               [32mIDENTICAL[0m
  LANE_W10_A_CARRIERS_REFUTE_2   r2_lib.py                  no sealed output — SKIP
  LANE_W10_B_MULTISET            b1_legA.py                 [32mIDENTICAL[0m
  LANE_W10_B_MULTISET            b2_legB_complex.py         [32mIDENTICAL[0m
  LANE_W10_B_MULTISET            b3_pushforward.py          [32mIDENTICAL[0m
  LANE_W10_B_MULTISET            b4_involution_labels.py    [32mIDENTICAL[0m
  LANE_W10_B_MULTISET            b5_custody.py              [31mDIFFERS (8 lines)[0m
  LANE_W10_B_MULTISET            b_lib.py                   no sealed output — SKIP
  LANE_W10_B_MULTISET_REFUTE_1   r1_complex_independent.py  [32mIDENTICAL[0m
  LANE_W10_B_MULTISET_REFUTE_1   r2_structure_and_boundary.py [32mIDENTICAL[0m
  LANE_W10_B_MULTISET_REFUTE_1   r3_connections_and_custody.py [31mDIFFERS (17 lines)[0m
  LANE_W10_B_MULTISET_REFUTE_1   r4_side_checks.py          [32mIDENTICAL[0m
  LANE_W10_B_MULTISET_REFUTE_1   r5_exception_measure.py    [32mIDENTICAL[0m
  LANE_W10_B_MULTISET_REFUTE_1   rlib.py                    no sealed output — SKIP
  LANE_W10_B_MULTISET_REFUTE_2   r1_domination_scope.py     [32mIDENTICAL[0m
  LANE_W10_B_MULTISET_REFUTE_2   r2_nonvacuous.py           [32mIDENTICAL[0m
  LANE_W10_B_MULTISET_REFUTE_2   r3_group_scope.py          [32mIDENTICAL[0m
  LANE_W10_B_MULTISET_REFUTE_2   r4_connections_scope.py    [32mIDENTICAL[0m
  LANE_W10_B_MULTISET_REFUTE_2   r5_report_vs_artifact.py   [31mDIFFERS (2 lines)[0m
  LANE_W10_B_MULTISET_REFUTE_2   r6_third_carrier.py        [32mIDENTICAL[0m
  LANE_W10_B_MULTISET_REFUTE_2   r_lib.py                   no sealed output — SKIP
  LANE_W10_C_N1                  C_01_carriers.py           [32mIDENTICAL[0m
  LANE_W10_C_N1                  C_02_identification.py     [32mIDENTICAL[0m
  LANE_W10_C_N1                  C_03_mahler_exact.py       [32mIDENTICAL[0m
  LANE_W10_C_N1                  C_04_birkhoff.py           [32mIDENTICAL[0m
  LANE_W10_C_N1                  C_05_hypothesis.py         [32mIDENTICAL[0m
  LANE_W10_C_N1                  C_06_lawton.py             [32mIDENTICAL[0m
  LANE_W10_C_N1_REFUTE_1         R_01_closed_forms.py       [32mIDENTICAL[0m
  LANE_W10_C_N1_REFUTE_1         R_02_subtorus_exact.py     [32mIDENTICAL[0m
  LANE_W10_C_N1_REFUTE_1         R_03_birkhoff_independent.py [32mIDENTICAL[0m
  LANE_W10_C_N1_REFUTE_1         R_04_boydlawton_decided.py [32mIDENTICAL[0m
  LANE_W10_C_N1_REFUTE_1         R_05_audit.py              [32mIDENTICAL[0m
  LANE_W10_C_N1_REFUTE_1         R_06_scaling.py            [32mIDENTICAL[0m
  LANE_W10_C_N1_REFUTE_2         R2_01_connection_arithmetic.py [32mIDENTICAL[0m
  LANE_W10_C_N1_REFUTE_2         R2_02_effect_sizes.py      [32mIDENTICAL[0m
  LANE_W10_C_N1_REFUTE_2         R2_03_long_runs.py         [31mDIFFERS (8 lines)[0m
  LANE_W10_C_N1_REFUTE_2         R2_04_published_connections.py [32mIDENTICAL[0m
  LANE_W10_C_N1_REFUTE_2         R2_05_isolation_verdict.py [32mIDENTICAL[0m
  LANE_W10_D_SCOPE               w10d_1_hull.py             [32mIDENTICAL[0m
  LANE_W10_D_SCOPE               w10d_2_mahler.py           [32mIDENTICAL[0m
  LANE_W10_D_SCOPE               w10d_3_criterion.py        [32mIDENTICAL[0m
  LANE_W10_D_SCOPE               w10d_4_structure.py        [32mIDENTICAL[0m
  LANE_W10_D_SCOPE               w10d_5_dressed.py          [32mIDENTICAL[0m
  LANE_W10_D_SCOPE               w10d_6_fibre.py            [32mIDENTICAL[0m
  LANE_W10_D_SCOPE               w10d_7_corpus.py           [31mDIFFERS (367 lines)[0m
  LANE_W10_D_SCOPE_REFUTE_1      r1_resonance.py            [32mIDENTICAL[0m
  LANE_W10_D_SCOPE_REFUTE_1      r2_vacuous.py              [32mIDENTICAL[0m
  LANE_W10_D_SCOPE_REFUTE_1      r3_multiset.py             [32mIDENTICAL[0m
  LANE_W10_D_SCOPE_REFUTE_1      r4_underread.py            [32mIDENTICAL[0m
  LANE_W10_D_SCOPE_REFUTE_1      r5_survives.py             [32mIDENTICAL[0m
  LANE_W10_D_SCOPE_REFUTE_1      r6_branchop.py             [32mIDENTICAL[0m
  LANE_W10_D_SCOPE_REFUTE_2      r2_1_exceptional.py        [32mIDENTICAL[0m
  LANE_W10_D_SCOPE_REFUTE_2      r2_2_omitted_claims.py     [32mIDENTICAL[0m
  LANE_W10_D_SCOPE_REFUTE_2      r2_3_edge_tick.py          [32mIDENTICAL[0m
  LANE_W10_D_SCOPE_REFUTE_2      r2_4_coverage.py           [31mDIFFERS (4 lines)[0m
  LANE_W10_D_SCOPE_REFUTE_2      r2_5_landscape.py          [32mIDENTICAL[0m
  LANE_W10_REGISTRAR_VERIFY      v1_rational_resonance.py   [32mIDENTICAL[0m
  LANE_W10_REGISTRAR_VERIFY      v2_b0b_closed_form.py      [32mIDENTICAL[0m
  LANE_W10_SYNTHESIS_SCOPE       s10_verify.py              [32mIDENTICAL[0m
  LANE_W11_CONVENTION_TEST       w11_a_edge_transport.py    [32mIDENTICAL[0m
  LANE_W11_CONVENTION_TEST       w11_b_decisive.py          [32mIDENTICAL[0m
  LANE_W11_CONVENTION_TEST       w11_c_b0b.py               [32mIDENTICAL[0m
  LANE_W11_CONVENTION_TEST       w11_d_rate.py              [32mIDENTICAL[0m
  LANE_W11_REGISTRAR_VERIFY      v_w11.py                   [32mIDENTICAL[0m
  LANE_W11_RULING                r1_reproduce.py            [32mIDENTICAL[0m
  LANE_W11_RULING                r2_theorem.py              [32mIDENTICAL[0m
  LANE_W11_RULING                r3_canonicity.py           [32mIDENTICAL[0m
  LANE_W11_RULING                r4_uniqueness.py           [32mIDENTICAL[0m
  LANE_W11_RULING                r5_n1.py                   [32mIDENTICAL[0m
  LANE_W11_RULING                r6_audit.py                [32mIDENTICAL[0m
  LANE_W11_RULING                rlib.py                    no sealed output — SKIP
  LANE_W11_R_BLIND               A_transport.py             [32mIDENTICAL[0m
  LANE_W11_R_BLIND               B_invisibility.py          [32mIDENTICAL[0m
  LANE_W11_R_BLIND               C_residue.py               [32mIDENTICAL[0m
  LANE_W11_R_BLIND               D_uniqueness.py            [32mIDENTICAL[0m
  LANE_W11_R_BLIND               E_b0b_clock.py             [32mIDENTICAL[0m
  LANE_W11_R_BLIND               F_gauge_content.py         [32mIDENTICAL[0m
  LANE_W11_R_BLIND               G_exact_and_diff.py        [32mIDENTICAL[0m
  LANE_W11_R_BLIND               wcore.py                   no sealed output — SKIP
  LANE_W11_R_BLIND_CROSS         X1_independent_rebuild.py  [32mIDENTICAL[0m
  LANE_W11_R_BLIND_CROSS         X2_operative_variable.py   [32mIDENTICAL[0m
  LANE_W11_R_BLIND_CROSS         X3_uniqueness_audit.py     [32mIDENTICAL[0m
  LANE_W11_R_BLIND_CROSS         X4_criterion_scope.py      [32mIDENTICAL[0m
  LANE_W11_R_BLIND_CROSS         X5_residue_and_dimension.py [32mIDENTICAL[0m
  LANE_W11_R_BLIND_CROSS         X6_exact_and_conventions.py [32mIDENTICAL[0m
  LANE_W11_R_BLIND_CROSS         xcore.py                   no sealed output — SKIP
  LANE_W11_R_CLOCK               w11c_1_lattice.py          [32mIDENTICAL[0m
  LANE_W11_R_CLOCK               w11c_2_clockrays.py        [32mIDENTICAL[0m
  LANE_W11_R_CLOCK               w11c_3_rate_decomp.py      [32mIDENTICAL[0m
  LANE_W11_R_CLOCK               w11c_4_gauge.py            [32mIDENTICAL[0m
  LANE_W11_R_CLOCK               w11c_5_correspondences.py  [32mIDENTICAL[0m
  LANE_W11_R_CLOCK               w11c_6_bytes.py            [31mDIFFERS (2 lines)[0m
  LANE_W11_R_CLOCK               w11c_7_closedform.py       [32mIDENTICAL[0m
  LANE_W11_R_CLOCK               w11c_lib.py                no sealed output — SKIP
  LANE_W11_R_CLOCK_CROSS         x1_rebuild.py              [32mIDENTICAL[0m
  LANE_W11_R_CLOCK_CROSS         x2_rival_ticks.py          [32mIDENTICAL[0m
  LANE_W11_R_CLOCK_CROSS         x3_leg7B_audit.py          [32mIDENTICAL[0m
  LANE_W11_R_CLOCK_CROSS         x4_tautologies.py          [32mIDENTICAL[0m
  LANE_W11_R_CLOCK_CROSS         x5_conventions_audit.py    [32mIDENTICAL[0m
  LANE_W11_R_CLOCK_CROSS         x6_what_the_stipulation_is.py [32mIDENTICAL[0m
  LANE_W11_R_CLOCK_CROSS         x7_leg5_fairness.py        [32mIDENTICAL[0m
  LANE_W11_R_CLOCK_CROSS         x8_uniqueness_sweep.py     [32mIDENTICAL[0m
  LANE_W11_R_CLOCK_CROSS         x_lib.py                   no sealed output — SKIP
  LANE_W11_R_MATH                wm0_lib.py                 no sealed output — SKIP
  LANE_W11_R_MATH                wm1_structure.py           [32mIDENTICAL[0m
  LANE_W11_R_MATH                wm2_rate.py                [32mIDENTICAL[0m
  LANE_W11_R_MATH                wm3_characterisation.py    [32mIDENTICAL[0m
  LANE_W11_R_MATH                wm4_uniqueness.py          [32mIDENTICAL[0m
  LANE_W11_R_MATH                wm5_connections.py         [32mIDENTICAL[0m
  LANE_W11_R_MATH                wm6_replicate.py           [32mIDENTICAL[0m
  LANE_W11_R_MATH                wm7_clock.py               [32mIDENTICAL[0m
  LANE_W11_R_MATH                wm8_commutator.py          [32mIDENTICAL[0m
  LANE_W11_R_MATH_CROSS          xc0_lib.py                 no sealed output — SKIP
  LANE_W11_R_MATH_CROSS          xc1_arithmetic_type.py     [32mIDENTICAL[0m
  LANE_W11_R_MATH_CROSS          xc2_u4_gap.py              [32mIDENTICAL[0m
  LANE_W11_R_MATH_CROSS          xc3_isolation.py           [32mIDENTICAL[0m
  LANE_W11_R_MATH_CROSS          xc4_provenance.py          [32mIDENTICAL[0m
  LANE_W11_R_MATH_CROSS          xc5_exact.py               [32mIDENTICAL[0m
  LANE_W11_R_MATH_CROSS          xc6_registrar_and_C1.py    [32mIDENTICAL[0m
  LANE_W11_R_STEELMAN            w11r_a_concede.py          [32mIDENTICAL[0m
  LANE_W11_R_STEELMAN            w11r_b_gate.py             [32mIDENTICAL[0m
  LANE_W11_R_STEELMAN            w11r_c_2x2.py              [32mIDENTICAL[0m
  LANE_W11_R_STEELMAN            w11r_d_roots.py            [32mIDENTICAL[0m
  LANE_W11_R_STEELMAN            w11r_e_lattice.py          [32mIDENTICAL[0m
  LANE_W11_R_STEELMAN            w11r_f_confound.py         [32mIDENTICAL[0m
  LANE_W11_R_STEELMAN            w11r_g_check.py            [32mIDENTICAL[0m
  LANE_W11_R_STEELMAN            w11r_lib.py                no sealed output — SKIP
  LANE_W11_R_STEELMAN_CROSS      x_a_repro.py               [32mIDENTICAL[0m
  LANE_W11_R_STEELMAN_CROSS      x_b_closure.py             [32mIDENTICAL[0m
  LANE_W11_R_STEELMAN_CROSS      x_c_arms.py                [32mIDENTICAL[0m
  LANE_W11_R_STEELMAN_CROSS      x_d_char.py                [32mIDENTICAL[0m
  LANE_W11_R_STEELMAN_CROSS      x_e_select.py              [32mIDENTICAL[0m
  LANE_W11_R_STEELMAN_CROSS      x_f_scope.py               [32mIDENTICAL[0m
  LANE_W11_R_STEELMAN_CROSS      x_g_citations.py           [31mDIFFERS (10 lines)[0m
  LANE_W11_R_STEELMAN_CROSS      xlib.py                    no sealed output — SKIP
  LANE_W11_R_UNIQUENESS          rlib.py                    no sealed output — SKIP
  LANE_W11_R_UNIQUENESS          t1_family.py               [32mIDENTICAL[0m
  LANE_W11_R_UNIQUENESS          t2_invisibility.py         [32mIDENTICAL[0m
  LANE_W11_R_UNIQUENESS          t3_canonicity.py           [32mIDENTICAL[0m
  LANE_W11_R_UNIQUENESS          t4_registrar_recheck.py    [32mIDENTICAL[0m
  LANE_W11_R_UNIQUENESS_CROSS    x1_instrument.py           [32mIDENTICAL[0m
  LANE_W11_R_UNIQUENESS_CROSS    x2_theorem_attack.py       [32mIDENTICAL[0m
  LANE_W11_R_UNIQUENESS_CROSS    x3_criteria.py             [32mIDENTICAL[0m
  LANE_W11_R_UNIQUENESS_CROSS    x4_scope_and_defects.py    [32mIDENTICAL[0m
  LANE_W12_BIANCHI               w12_a_bianchi.py           [32mIDENTICAL[0m
  LANE_W12_BIANCHI               w12_b_general.py           [32mIDENTICAL[0m
  LANE_W13_C_CONVERGENCE         W13C_01_central.py         [32mIDENTICAL[0m
  LANE_W13_C_CONVERGENCE         W13C_02_sharp.py           [32mIDENTICAL[0m
  LANE_W13_C_CONVERGENCE         W13C_03_liouville.py       [32mIDENTICAL[0m
  LANE_W13_C_CONVERGENCE         W13C_04_spacing_and_start.py [32mIDENTICAL[0m
  LANE_W13_C_CONVERGENCE_REFUTE  RW13C_01_precision_and_window.py [32mIDENTICAL[0m
  LANE_W13_C_CONVERGENCE_REFUTE  RW13C_02_startpoint_refutation.py [32mIDENTICAL[0m
  LANE_W13_C_CONVERGENCE_REFUTE  RW13C_03_table_and_figures.py [32mIDENTICAL[0m
  LANE_W13_C_CONVERGENCE_REFUTE  RW13C_04_lawton_row_and_ae_steps.py [32mIDENTICAL[0m
  LANE_W13_C_CONVERGENCE_REFUTE  RW13C_05_logic_checks.py   [32mIDENTICAL[0m
  LANE_W13_C_CONVERGENCE_REFUTE  RW13C_06_is_it_liouville.py [32mIDENTICAL[0m
  LANE_W13_L_LITERATURE          L1_zeros_are_algebraic.py  [32mIDENTICAL[0m
  LANE_W13_L_LITERATURE          L2_periodic_points.py      [32mIDENTICAL[0m
  LANE_W13_L_LITERATURE          L3_licensed_vs_unlicensed.py [32mIDENTICAL[0m
  LANE_W13_L_LITERATURE          L4_lawton_small_values.py  [32mIDENTICAL[0m
  LANE_W13_L_LITERATURE_REFUTE   RL1_rerun_target.py        [32mIDENTICAL[0m
  LANE_W13_L_LITERATURE_REFUTE   RL2_sudler_identity.py     [32mIDENTICAL[0m
  LANE_W13_L_LITERATURE_REFUTE   RL3_dobrowolski_load.py    [32mIDENTICAL[0m
  LANE_W13_L_LITERATURE_REFUTE   RL4_zeroset_uv1_h3.py      [32mIDENTICAL[0m
  LANE_W13_L_LITERATURE_REFUTE   RL5_independent_estimator_and_phases.py [31mDIFFERS (2 lines)[0m
  LANE_W13_L_LITERATURE_REFUTE   RL6_l2_periodic_points_independent.py [32mIDENTICAL[0m
  LANE_W13_L_LITERATURE_REFUTE   RL8_grep_audit.py          [31mDIFFERS (46 lines)[0m
  LANE_W13_REGISTRAR_VERIFY      v13.py                     [32mIDENTICAL[0m
  LANE_W13_RULING                X01_exact_geometry.py      [32mIDENTICAL[0m
  LANE_W13_RULING                X02_baker_forms.py         [31mDIFFERS (8 lines)[0m
  LANE_W13_RULING                X03_ladder_and_counterexample.py [32mIDENTICAL[0m
  LANE_W13_RULING                X04_audit_of_the_four.py   [32mIDENTICAL[0m
  LANE_W13_RULING                X05_brief_and_census.py    [32mIDENTICAL[0m
  LANE_W13_R_REDUCTION           R_01_zeros_and_mP.py       [32mIDENTICAL[0m
  LANE_W13_R_REDUCTION           R_02_reduction.py          [32mIDENTICAL[0m
  LANE_W13_R_REDUCTION           R_03_sudler_1d.py          [32mIDENTICAL[0m
  LANE_W13_R_REDUCTION           R_04_2d_arms.py            [32mIDENTICAL[0m
  LANE_W13_R_REDUCTION           R_05_counterexample.py     [32mIDENTICAL[0m
  LANE_W13_R_REDUCTION           R_06_sufficiency.py        [32mIDENTICAL[0m
  LANE_W13_R_REDUCTION           R_ladder.py                no sealed output — SKIP
  LANE_W13_R_REDUCTION           R_lib.py                   no sealed output — SKIP
  LANE_W13_R_REDUCTION_REFUTE    X_01_primitivity.py        [32mIDENTICAL[0m
  LANE_W13_R_REDUCTION_REFUTE    X_02_algebraic.py          [32mIDENTICAL[0m
  LANE_W13_R_REDUCTION_REFUTE    X_03_sudler_homogeneity.py [32mIDENTICAL[0m
  LANE_W13_R_REDUCTION_REFUTE    X_04_survives.py           [32mIDENTICAL[0m
  LANE_W13_R_REDUCTION_REFUTE    X_05_accumulation.py       [32mIDENTICAL[0m
  LANE_W13_R_REDUCTION_REFUTE    X_lib.py                   no sealed output — SKIP
  LANE_W13_Z_ZEROSET             z0_lib.py                  no sealed output — SKIP
  LANE_W13_Z_ZEROSET             z1_classification.py       [32mIDENTICAL[0m
  LANE_W13_Z_ZEROSET             z2_local_singularity.py    [32mIDENTICAL[0m
  LANE_W13_Z_ZEROSET             z3_hull_quantifiers.py     [32mIDENTICAL[0m
  LANE_W13_Z_ZEROSET             z4_convergence_consequence.py [32mIDENTICAL[0m
  LANE_W13_Z_ZEROSET_REFUTE      r0_lib.py                  no sealed output — SKIP
  LANE_W13_Z_ZEROSET_REFUTE      r1_zeroset_independent.py  [32mIDENTICAL[0m
  LANE_W13_Z_ZEROSET_REFUTE      r2_local_and_theta.py      [32mIDENTICAL[0m
  LANE_W13_Z_ZEROSET_REFUTE      r3_corpus_states_audit.py  [32mIDENTICAL[0m
  LANE_W13_Z_ZEROSET_REFUTE      r4_counterexample_at_K1REG.py [32mIDENTICAL[0m
  LANE_W14_STATE_SIDE            w14_a_asymmetry.py         [32mIDENTICAL[0m
  LANE_W14_STATE_SIDE            w14_b_knob_or_channel.py   [32mIDENTICAL[0m
  LANE_W14_STATE_SIDE            w14_c_uniform.py           [32mIDENTICAL[0m
  LANE_W14_STATE_SIDE            w14_d_proofs.py            [32mIDENTICAL[0m
  LANE_W15_BINARY_AUDIT          w15_count.py               [31mDIFFERS (14 lines)[0m
  LANE_W16_ADVANCE_LATTICE       w16_verify.py              [32mIDENTICAL[0m
  LANE_W17_R1_FOUNDING           f1_embed_variance.py       [32mIDENTICAL[0m
  LANE_W17_R1_FOUNDING           f1_f3_f5_recurrence.py     [32mIDENTICAL[0m
  LANE_W17_R1_FOUNDING           f2_degeneracy.py           [32mIDENTICAL[0m
  LANE_W17_R1_FOUNDING           f3_carving_corrected.py    [32mIDENTICAL[0m
  LANE_W17_R1_FOUNDING           f4_factorization.py        [32mIDENTICAL[0m
  LANE_W17_R2_DISPOSITION        cutoff_guard.py            [31mDIFFERS (2 lines)[0m
  LANE_W17_R2_DISPOSITION        f1_embed.py                [32mIDENTICAL[0m
  LANE_W17_R2_DISPOSITION        f2_f3_degeneracy_carving.py no sealed output — SKIP
  LANE_W17_R2_DISPOSITION        f4_f5_presupposition_null.py no sealed output — SKIP
  LANE_W17_R3_CONVENTION         w17_effdim_and_controls.py [32mIDENTICAL[0m
  LANE_W17_R3_CONVENTION         w17_frame.py               [32mIDENTICAL[0m
  LANE_W17_R3_CONVENTION         w17_presupposition.py      [32mIDENTICAL[0m
  LANE_W17_R4_SIDES              r4_frame.py                [31mDIFFERS (2 lines)[0m
  LANE_W17_REGISTRAR_VERIFY      v17.py                     [31mDIFFERS (6 lines)[0m
  LANE_W17_RULING                sound_frame_control.py     [32mIDENTICAL[0m
  LANE_W19_A_SWEEP               carriers.py                no sealed output — SKIP
  LANE_W19_A_SWEEP               w19a_00_validate.py        no sealed output — SKIP
  LANE_W19_A_SWEEP               w19a_01_ladder.py          no sealed output — SKIP
  LANE_W19_A_SWEEP               w19a_02_coupling.py        no sealed output — SKIP
  LANE_W19_A_SWEEP               w19a_03_controls.py        no sealed output — SKIP
  LANE_W19_A_SWEEP               w19a_04_threshold.py       no sealed output — SKIP
  LANE_W19_A_SWEEP               w19a_05_ruledep.py         no sealed output — SKIP
  LANE_W19_A_SWEEP               w19a_06_exhibit.py         no sealed output — SKIP
  LANE_W19_A_SWEEP               zn_gauge.py                no sealed output — SKIP
  LANE_W19_A_SWEEP_REFUTE        r19a_1_instrument.py       no sealed output — SKIP
  LANE_W19_A_SWEEP_REFUTE        r19a_2_minimality.py       no sealed output — SKIP
  LANE_W19_A_SWEEP_REFUTE        r19a_3_ruleB_prism.py      no sealed output — SKIP
  LANE_W19_A_SWEEP_REFUTE        r19a_4_defects.py          no sealed output — SKIP
  LANE_W19_A_SWEEP_REFUTE        r19a_5_ceiling.py          no sealed output — SKIP
  LANE_W19_A_SWEEP_REFUTE        r19a_6_girth.py            no sealed output — SKIP
  LANE_W19_A_SWEEP_REFUTE        refute_carriers.py         no sealed output — SKIP
  LANE_W19_B_CRITERION           b0_selftest.py             no sealed output — SKIP
  LANE_W19_B_CRITERION           b1_discrimination.py       no sealed output — SKIP
  LANE_W19_B_CRITERION           b2_sbs_vs_rdelta.py        no sealed output — SKIP
  LANE_W19_B_CRITERION           b3_gauge_choices.py        no sealed output — SKIP
  LANE_W19_B_CRITERION           b4_threshold.py            no sealed output — SKIP
  LANE_W19_B_CRITERION           lib_b.py                   no sealed output — SKIP
  LANE_W19_B_CRITERION_REFUTE    r0_selftest.py             no sealed output — SKIP
  LANE_W19_B_CRITERION_REFUTE    r1_enumeration.py          no sealed output — SKIP
  LANE_W19_B_CRITERION_REFUTE    r2_rdelta_definition.py    no sealed output — SKIP
  LANE_W19_B_CRITERION_REFUTE    r3_sbs_definition.py       no sealed output — SKIP
  LANE_W19_B_CRITERION_REFUTE    r4_threshold_and_gauge.py  no sealed output — SKIP
  LANE_W19_B_CRITERION_REFUTE    r5_reproduction.py         no sealed output — SKIP
  LANE_W19_B_CRITERION_REFUTE    rlib.py                    no sealed output — SKIP
  LANE_W19_REGISTRAR_VERIFY      v19.py                     [32mIDENTICAL[0m
  LANE_W20_C_CHARGE              run_charge.py              no sealed output — SKIP
  LANE_W20_C_CHARGE              run_isolate.py             no sealed output — SKIP
  LANE_W20_C_CHARGE              run_predict.py             no sealed output — SKIP
  LANE_W20_C_CHARGE              run_probe.py               no sealed output — SKIP
  LANE_W20_C_CHARGE              w20c_core.py               no sealed output — SKIP
  LANE_W20_PRE                   pin_algebra.py             no sealed output — SKIP
  LANE_W20_PRE                   pin_arms.py                no sealed output — SKIP
  LANE_W20_PRE                   pin_carrier.py             no sealed output — SKIP
  LANE_W20_REFUTE_FIT            rf1_validate.py            no sealed output — SKIP
  LANE_W20_REFUTE_FIT            rf2_decompose.py           no sealed output — SKIP
  LANE_W20_REFUTE_FIT            rf_core.py                 no sealed output — SKIP
  LANE_W20_REFUTE_VAC            ref_core.py                no sealed output — SKIP
  LANE_W20_R_LEDGER              core_w20r.py               no sealed output — SKIP
  LANE_W20_R_LEDGER              run_adversary.py           no sealed output — SKIP
  LANE_W20_R_LEDGER              run_arms.py                no sealed output — SKIP
  LANE_W20_R_LEDGER              run_extra.py               no sealed output — SKIP
  LANE_W20_R_LEDGER              verify_core.py             no sealed output — SKIP
  LANE_W21_K_KILLER              k1_typecheck.py            no sealed output — SKIP
  LANE_W21_K_KILLER              k2_centres.py              no sealed output — SKIP
  LANE_W21_K_KILLER              k2b_centres.py             no sealed output — SKIP
  LANE_W21_K_KILLER              k3_crossed.py              no sealed output — SKIP
  LANE_W21_K_KILLER              k4_w19_decomp.py           no sealed output — SKIP
  LANE_W21_K_KILLER              k5_hypothesis.py           no sealed output — SKIP
  LANE_W21_K_KILLER              k6_separated.py            no sealed output — SKIP
  LANE_W21_K_KILLER              klib.py                    no sealed output — SKIP
  LANE_W21_K_KILLER              klog.py                    no sealed output — SKIP
  LANE_W23_MATTER_CARRIER        w23_build.py               [32mIDENTICAL[0m
  LANE_W23_MATTER_CARRIER        w23b_charge_moves.py       [32mIDENTICAL[0m
  LANE_W23_MATTER_CARRIER        w23c_allowed_but_held.py   [32mIDENTICAL[0m
  LANE_W23_MATTER_CARRIER        w23d_correlation.py        [32mIDENTICAL[0m
  LANE_W24_Z3                    w24_zN.py                  [32mIDENTICAL[0m
  LANE_W24_Z3                    w24b_orientation.py        [32mIDENTICAL[0m
  LANE_W24_Z3                    w24c_reach_boundary.py     [32mIDENTICAL[0m
  LANE_W24_Z3                    w24d_current_needs_a_loop.py [32mIDENTICAL[0m
  LANE_W25_CLOSED_CURVE          w25_build.py               [32mIDENTICAL[0m
  LANE_W25_CLOSED_CURVE          w25b_boundary_physics.py   [32mIDENTICAL[0m
  LANE_W25_CLOSED_CURVE          w25c_triangles.py          [32mIDENTICAL[0m
  LANE_W25_CLOSED_CURVE          w25d_scaling.py            [32mIDENTICAL[0m
  LANE_W26_DISTRIBUTION          w26_distribution.py        [32mIDENTICAL[0m
  LANE_W27_PATCH                 w27_patch.py               [32mIDENTICAL[0m
  LANE_W27_PATCH                 w27b_open.py               [32mIDENTICAL[0m
  LANE_W27_PATCH                 w27c_both_halves.py        [32mIDENTICAL[0m
  LANE_W28_PROCESS               w28_process.py             [32mIDENTICAL[0m
  LANE_W29_WRITE                 w29_write.py               [32mIDENTICAL[0m
  LANE_W29_WRITE                 w29b_write_conjugate.py    [32mIDENTICAL[0m
  LANE_W29_WRITE                 w29c_spontaneous.py        [32mIDENTICAL[0m
  LANE_W30_DYNAMIC_CARRIER       w30a_nogo.py               [32mIDENTICAL[0m
  LANE_W30_DYNAMIC_CARRIER       w30b_alpha_axis.py         [31mDIFFERS (8 lines)[0m
  LANE_W31_RESPONSIVE_CARRIER    w31_responsive.py          no sealed output — SKIP
  LANE_W32_TIMESCALES            w32_timescales.py          [32mIDENTICAL[0m
  LANE_W32_TIMESCALES            w32b_window.py             [32mIDENTICAL[0m
  LANE_W33_SELECTION             w33_steady.py              [32mIDENTICAL[0m
  LANE_W33_SELECTION             w34_sieve.py               [32mIDENTICAL[0m
  LANE_W35_TRAJECTORIES          w35_unravel.py             [31mDIFFERS (2 lines)[0m
  LANE_W36_REDUNDANCY            w36_darwinism.py           [32mIDENTICAL[0m
  LANE_W36_REDUNDANCY            w36b_locality.py           [32mIDENTICAL[0m
  LANE_W37_TRANSPORT             w37_transport.py           [32mIDENTICAL[0m
  LANE_W37_TRANSPORT             w37b_scaling.py            [32mIDENTICAL[0m
  LANE_W37_TRANSPORT             w37c_parity.py             [32mIDENTICAL[0m
  LANE_W37_TRANSPORT             w37d_mechanism.py          [32mIDENTICAL[0m
  LANE_W37_TRANSPORT             w37e_fix_and_redundancy.py [32mIDENTICAL[0m
  LANE_W38_REGION                w38_region.py              [32mIDENTICAL[0m
  LANE_W39_CAPACITY              w39_capacity.py            [32mIDENTICAL[0m
  LANE_W39_CAPACITY              w39b_crowding.py           [32mIDENTICAL[0m
  LANE_W40_REDUNDANCY            w40_many_probes.py         [32mIDENTICAL[0m
  LANE_W41_K4                    w41_k4.py                  [32mIDENTICAL[0m
  LANE_W42_CAPACITY_LAW          w42_law.py                 [32mIDENTICAL[0m
  LANE_W43_METRIC                w43_metric.py              [32mIDENTICAL[0m
  LANE_W43_METRIC                w43b_locality.py           [32mIDENTICAL[0m
  LANE_W44_METRIC_DYNAMICS       w44_clock.py               no sealed output — SKIP
  LANE_W44_METRIC_DYNAMICS       w44_link-length.py         no sealed output — SKIP
  LANE_W44_METRIC_DYNAMICS       w44_site-potential.py      [32mIDENTICAL[0m
  LANE_W45_FUNCTIONAL            w45_function.py            [32mIDENTICAL[0m
  LANE_W45_FUNCTIONAL            w45b_screening.py          [32mIDENTICAL[0m
  LANE_W46_HOLOGRAPHY            w46_bulk_vs_boundary.py    [32mIDENTICAL[0m
  LANE_W47_COMBINED              w47_combined.py            [32mIDENTICAL[0m
  LANE_W48_VS_STANDARD           w48_vs_standard.py         [32mIDENTICAL[0m
  LANE_W49_CAPACITY_DYNAMICS     w49_dynamics.py            [32mIDENTICAL[0m
  LANE_W49_CAPACITY_DYNAMICS     w49b_thermal.py            [32mIDENTICAL[0m
  LANE_W49_CAPACITY_DYNAMICS     w49c_content.py            [32mIDENTICAL[0m
  LANE_W50_NECESSITY             w50_necessity.py           [32mIDENTICAL[0m
  LANE_W51_RECORD_TO_GEOMETRY    w51_correlation.py         no sealed output — SKIP
  LANE_W51_RECORD_TO_GEOMETRY    w51_operator-algebra.py    no sealed output — SKIP
  LANE_W51_RECORD_TO_GEOMETRY    w51_spectral.py            no sealed output — SKIP
  LANE_W52_FEEDBACK              w52_feedback.py            [32mIDENTICAL[0m
  LANE_W52_FEEDBACK              w52b_significance.py       [32mIDENTICAL[0m
  LANE_W53_MIRROR                w53_forced_check.py        [32mIDENTICAL[0m
  LANE_W54_ACCUMULATION          w54_accumulation.py        [32mIDENTICAL[0m
  LANE_W55_FACTORIZATION         w55_factorization.py       [32mIDENTICAL[0m
  LANE_W55_FACTORIZATION         w55b_spectrum.py           [32mIDENTICAL[0m
  LANE_W56_SUBALGEBRA            w56_center.py              [31mDIFFERS (8 lines)[0m
  LANE_W56_SUBALGEBRA            w56b_symplectic.py         [32mIDENTICAL[0m
  LANE_W57_ALGEBRAIC_REDUNDANCY  w57_algebraic.py           [32mIDENTICAL[0m
  LANE_W58_RELATIONAL_TIME       w58_pagewootters.py        [31mDIFFERS (16 lines)[0m
  LANE_W58_RELATIONAL_TIME       w58b_ratedepends.py        [31mDIFFERS (24 lines)[0m
  LANE_W59_OBSTRUCTION_STRUCTURE w59_dependencies.py        [32mIDENTICAL[0m
  LANE_W60_WHICH_HAMILTONIANS    w60_criterion.py           [32mIDENTICAL[0m
  LANE_W61_TOPOLOGICAL           w61_topological.py         [32mIDENTICAL[0m
  LANE_W62_CREATION              w62_creation.py            [32mIDENTICAL[0m
  LANE_W62_CREATION              w62b_logicals.py           [32mIDENTICAL[0m
  LANE_W63_DERIVATION            w63_derive.py              [32mIDENTICAL[0m
  LANE_X2_BACKREACTION           x2_backreaction.py         [32mIDENTICAL[0m
  LANE_X6_CONSTRAINT_ALGEBRA     x6a_algebra.py             [32mIDENTICAL[0m
  LANE_X6_CONSTRAINT_ALGEBRA     x6b_boundary.py            [32mIDENTICAL[0m
  LANE_X6_CONSTRAINT_ALGEBRA     x6c_cohomology.py          [32mIDENTICAL[0m

[1m3. THE STATUS LEDGER IS GENERATED, NOT TYPED[0m
==============================================================================
  regenerating the grid from ledger/status_ledger.tsv reproduces it byte-for-byte

[1mRESULT[0m
==============================================================================
  REPRODUCTION FAILED — see above
