==========================================================================================================================================================================
S2  ORDER-PARAMETER BATTERY vs NUMBER OF RECORDS k -- exact, two families in one table
==========================================================================================================================================================================
... A n=4 done  t=0.0s
... A n=6 done  t=0.0s
... A n=8 done  t=0.0s
... A n=10 done  t=0.1s
... A n=12 done  t=0.2s
... A n=14 done  t=0.3s
... A n=16 done  t=0.4s
... A n=20 done  t=0.8s
... A n=24 done  t=1.4s
... A n=28 done  t=3.0s
... A n=32 done  t=5.2s
... B m=1 done  t=5.2s
... B m=2 done  t=5.2s
... B m=3 done  t=5.3s
... B m=4 done  t=5.5s
... B m=5 done  t=5.9s
... B m=6 done  t=6.5s
... B m=7 done  t=7.8s
... B m=8 done  t=9.7s
... B m=10 done  t=15.0s
... B m=12 done  t=24.4s
... B m=16 done  t=55.7s
... C m=1 done  t=55.7s
... C m=2 done  t=55.7s
... C m=3 done  t=55.9s
... C m=4 done  t=56.5s
... C m=5 done  t=57.9s
... C m=6 done  t=60.0s
... C m=7 done  t=63.9s
... C m=8 done  t=69.6s
... C m=10 done  t=84.0s
... C m=12 done  t=115.1s
... C m=16 done  t=193.4s

TABLE 1  SUPPORT-OVERLAP GRAPH  (BASIS-DEPENDENT)
  families A, B and C are interleaved at EQUAL k -- each is the other's control
  label           k               log2dim         wbar            wbar_over_n     ov_edgefrac     ov_ncomp        ov_giant        ov_clus         ov_lapgap       ov_lammax_over_trov_percolates   
  ----------------------------------------------------------------------------------------------------------------------------------------------------------------------------------------------
  [[5,1,3]]^1     1               5               5.0000          1.0000          0.0000          1               1.0000          0.0000          0.0000          0.0000          True            
  [[4,2,2]]       2               4               2.0000          0.5000          1.0000          1               1.0000          0.0000          2.0000          0.5000          True            
  [[4,2,2]]^1     2               4               2.0000          0.5000          1.0000          1               1.0000          0.0000          2.0000          0.5000          True            
  [[5,1,3]]^2     2               10              5.0000          0.5000          0.0000          2               0.5000          0.0000          0.0000          0.0000          False           
  [[5,1,3]]^3     3               15              5.0000          0.3333          0.0000          3               0.3333          0.0000          0.0000          0.0000          False           
  [[6,4,2]]       4               6               3.0000          0.5000          1.0000          1               1.0000          1.0000          4.0000          0.2500          True            
  [[4,2,2]]^2     4               8               2.0000          0.2500          0.3333          2               0.5000          0.0000          0.0000          0.2500          False           
  [[5,1,3]]^4     4               20              5.0000          0.2500          0.0000          4               0.2500          0.0000          0.0000          0.0000          False           
  [[5,1,3]]^5     5               25              5.0000          0.2000          0.0000          5               0.2000          0.0000          0.0000          0.0000          False           
  [[8,6,2]]       6               8               4.0000          0.5000          1.0000          1               1.0000          1.0000          6.0000          0.1667          True            
  [[4,2,2]]^3     6               12              2.0000          0.1667          0.2000          3               0.3333          0.0000          0.0000          0.1667          False           
  [[5,1,3]]^6     6               30              5.0000          0.1667          0.0000          6               0.1667          0.0000          0.0000          0.0000          False           
  [[5,1,3]]^7     7               35              5.0000          0.1429          0.0000          7               0.1429          0.0000          0.0000          0.0000          False           
  [[10,8,2]]      8               10              5.0000          0.5000          1.0000          1               1.0000          1.0000          8.0000          0.1250          True            
  [[4,2,2]]^4     8               16              2.0000          0.1250          0.1429          4               0.2500          0.0000          0.0000          0.1250          False           
  [[5,1,3]]^8     8               40              5.0000          0.1250          0.0000          8               0.1250          0.0000          0.0000          0.0000          False           
  [[12,10,2]]     10              12              6.0000          0.5000          1.0000          1               1.0000          1.0000          10.0000         0.1000          True            
  [[4,2,2]]^5     10              20              2.0000          0.1000          0.1111          5               0.2000          0.0000          0.0000          0.1000          False           
  [[5,1,3]]^10    10              50              5.0000          0.1000          0.0000          10              0.1000          0.0000          0.0000          0.0000          False           
  [[14,12,2]]     12              14              7.0000          0.5000          1.0000          1               1.0000          1.0000          12.0000         0.0833          True            
  [[4,2,2]]^6     12              24              2.0000          0.0833          0.0909          6               0.1667          0.0000          0.0000          0.0833          False           
  [[5,1,3]]^12    12              60              5.0000          0.0833          0.0000          12              0.0833          0.0000          0.0000          0.0000          False           
  [[16,14,2]]     14              16              8.0000          0.5000          1.0000          1               1.0000          1.0000          14.0000         0.0714          True            
  [[4,2,2]]^7     14              28              2.0000          0.0714          0.0769          7               0.1429          0.0000          0.0000          0.0714          False           
  [[4,2,2]]^8     16              32              2.0000          0.0625          0.0667          8               0.1250          0.0000          0.0000          0.0625          False           
  [[5,1,3]]^16    16              80              5.0000          0.0625          0.0000          16              0.0625          0.0000          0.0000          0.0000          False           
  [[20,18,2]]     18              20              10.0000         0.5000          1.0000          1               1.0000          1.0000          18.0000         0.0556          True            
  [[4,2,2]]^10    20              40              2.0000          0.0500          0.0526          10              0.1000          0.0000          0.0000          0.0500          False           
  [[24,22,2]]     22              24              12.0000         0.5000          1.0000          1               1.0000          1.0000          22.0000         0.0455          True            
  [[4,2,2]]^12    24              48              2.0000          0.0417          0.0435          12              0.0833          0.0000          0.0000          0.0417          False           
  [[28,26,2]]     26              28              14.0000         0.5000          1.0000          1               1.0000          1.0000          26.0000         0.0385          True            
  [[32,30,2]]     30              32              16.0000         0.5000          1.0000          1               1.0000          1.0000          30.0000         0.0333          True            
  [[4,2,2]]^16    32              64              2.0000          0.0312          0.0323          16              0.0625          0.0000          0.0000          0.0312          False           

TABLE 2  CO-FLIP GRAPH: records ONE admissible region-r operation flips TOGETHER (BASIS-DEPENDENT)
  cf1_* is the clause-(v) claim and MUST be zero; cf2_*/cf3_* are the POSITIVE CONTROLS in the same table
  label           k               cf1_edgefrac    cf1_maxset      cf1_maxsingle   cf2_edgefrac    cf2_ncomp       cf2_giant       cf2_clus        cf2_lapgap      cf2_percolates  cf2_maxset      cf2_maxsingle   cf3_maxset      cf3_maxsingle   
  ----------------------------------------------------------------------------------------------------------------------------------------------------------------------------------------------------------------------------------------------
  [[5,1,3]]^1     1               0.0000          0               0               0.0000          1               1.0000          0.0000          0.0000          True            0               0               1               1               
  [[4,2,2]]       2               0.0000          0               0               1.0000          1               1.0000          0.0000          2.0000          True            2               2               2               2               
  [[4,2,2]]^1     2               0.0000          0               0               1.0000          1               1.0000          0.0000          2.0000          True            2               2               2               2               
  [[5,1,3]]^2     2               0.0000          0               0               0.0000          2               0.5000          0.0000          0.0000          False           0               0               1               1               
  [[5,1,3]]^3     3               0.0000          0               0               0.0000          3               0.3333          0.0000          0.0000          False           0               0               1               1               
  [[6,4,2]]       4               0.0000          0               0               0.5000          1               1.0000          0.0000          0.5858          True            2               2               2               3               
  [[4,2,2]]^2     4               0.0000          0               0               0.3333          2               0.5000          0.0000          0.0000          False           2               2               2               2               
  [[5,1,3]]^4     4               0.0000          0               0               0.0000          4               0.2500          0.0000          0.0000          False           0               0               1               1               
  [[5,1,3]]^5     5               0.0000          0               0               0.0000          5               0.2000          0.0000          0.0000          False           0               0               1               1               
  [[8,6,2]]       6               0.0000          0               0               0.3333          1               1.0000          0.0000          0.3820          True            2               2               2               3               
  [[4,2,2]]^3     6               0.0000          0               0               0.2000          3               0.3333          0.0000          0.0000          False           2               2               2               2               
  [[5,1,3]]^6     6               0.0000          0               0               0.0000          6               0.1667          0.0000          0.0000          False           0               0               1               1               
  [[5,1,3]]^7     7               0.0000          0               0               0.0000          7               0.1429          0.0000          0.0000          False           0               0               1               1               
  [[10,8,2]]      8               0.0000          0               0               0.2500          1               1.0000          0.0000          0.2509          True            2               2               2               3               
  [[4,2,2]]^4     8               0.0000          0               0               0.1429          4               0.2500          0.0000          0.0000          False           2               2               2               2               
  [[5,1,3]]^8     8               0.0000          0               0               0.0000          8               0.1250          0.0000          0.0000          False           0               0               1               1               
  [[12,10,2]]     10              0.0000          0               0               0.2000          1               1.0000          0.0000          0.1729          True            2               2               2               3               
  [[4,2,2]]^5     10              0.0000          0               0               0.1111          5               0.2000          0.0000          0.0000          False           2               2               2               2               
  [[5,1,3]]^10    10              0.0000          0               0               0.0000          10              0.1000          0.0000          0.0000          False           0               0               1               1               
  [[14,12,2]]     12              0.0000          0               0               0.1667          1               1.0000          0.0000          0.1250          True            2               2               2               3               
  [[4,2,2]]^6     12              0.0000          0               0               0.0909          6               0.1667          0.0000          0.0000          False           2               2               2               2               
  [[5,1,3]]^12    12              0.0000          0               0               0.0000          12              0.0833          0.0000          0.0000          False           0               0               1               1               
  [[16,14,2]]     14              0.0000          0               0               0.1429          1               1.0000          0.0000          0.0941          True            2               2               2               3               
  [[4,2,2]]^7     14              0.0000          0               0               0.0769          7               0.1429          0.0000          0.0000          False           2               2               2               2               
  [[4,2,2]]^8     16              0.0000          0               0               0.0667          8               0.1250          0.0000          0.0000          False           2               2               2               2               
  [[5,1,3]]^16    16              0.0000          0               0               0.0000          16              0.0625          0.0000          0.0000          False           0               0               1               1               
  [[20,18,2]]     18              0.0000          0               0               0.1111          1               1.0000          0.0000          0.0585          True            2               2               2               3               
  [[4,2,2]]^10    20              0.0000          0               0               0.0526          10              0.1000          0.0000          0.0000          False           2               2               2               2               
  [[24,22,2]]     22              0.0000          0               0               0.0909          1               1.0000          0.0000          0.0397          True            2               2               2               3               
  [[4,2,2]]^12    24              0.0000          0               0               0.0435          12              0.0833          0.0000          0.0000          False           2               2               2               2               
  [[28,26,2]]     26              0.0000          0               0               0.0769          1               1.0000          0.0000          0.0286          True            2               2               2               3               
  [[32,30,2]]     30              0.0000          0               0               0.0667          1               1.0000          0.0000          0.0216          True            2               2               2               3               
  [[4,2,2]]^16    32              0.0000          0               0               0.0323          16              0.0625          0.0000          0.0000          False           2               2               2               2               

TABLE 3  WHAT ONE CONTIGUOUS REGION CAN WRITE  (BASIS-INVARIANT)
  reach_r = dim_F2 of the logical group a single region of size r can write; 2k = dim of the whole record group
  label           k               protection_radiusreach1          reach2          reach3          reach4          reachfrac2      reachfrac4      rstar           rstar_over_n    joint_block_dim k_over_log2dim  
  --------------------------------------------------------------------------------------------------------------------------------------------------------------------------------------------------------------
  [[5,1,3]]^1     1               3               0               0               2               3               0.0000          1.5000          3               0.6000          1               0.2000          
  [[4,2,2]]       2               2               0               2               4               4               0.5000          1.0000          3               0.7500          1               0.5000          
  [[4,2,2]]^1     2               2               0               2               4               4               0.5000          1.0000          3               0.7500          1               0.5000          
  [[5,1,3]]^2     2               3               0               0               2               3               0.0000          0.7500          6               0.6000          1               0.2000          
  [[5,1,3]]^3     3               3               0               0               2               3               0.0000          0.5000          8               0.5333          1               0.2000          
  [[6,4,2]]       4               2               0               2               4               6               0.2500          0.7500          5               0.8333          1               0.6667          
  [[4,2,2]]^2     4               2               0               2               4               4               0.2500          0.5000          6               0.7500          1               0.5000          
  [[5,1,3]]^4     4               3               0               0               2               3               0.0000          0.3750          16              0.8000          1               0.2000          
  [[5,1,3]]^5     5               3               0               0               2               3               0.0000          0.3000          21              0.8400          1               0.2000          
  [[8,6,2]]       6               2               0               2               4               6               0.1667          0.5000          7               0.8750          1               0.7500          
  [[4,2,2]]^3     6               2               0               2               4               4               0.1667          0.3333          10              0.8333          1               0.5000          
  [[5,1,3]]^6     6               3               0               0               2               3               0.0000          0.2500          23              0.7667          1               0.2000          
  [[5,1,3]]^7     7               3               0               0               2               3               0.0000          0.2143          31              0.8857          1               0.2000          
  [[10,8,2]]      8               2               0               2               4               6               0.1250          0.3750          9               0.9000          1               0.8000          
  [[4,2,2]]^4     8               2               0               2               4               4               0.1250          0.2500          14              0.8750          1               0.5000          
  [[5,1,3]]^8     8               3               0               0               2               3               0.0000          0.1875          36              0.9000          1               0.2000          
  [[12,10,2]]     10              2               0               2               4               6               0.1000          0.3000          11              0.9167          1               0.8333          
  [[4,2,2]]^5     10              2               0               2               4               4               0.1000          0.2000          18              0.9000          1               0.5000          
  [[5,1,3]]^10    10              3               0               0               2               3               0.0000          0.1500          46              0.9200          1               0.2000          
  [[14,12,2]]     12              2               0               2               4               6               0.0833          0.2500          13              0.9286          1               0.8571          
  [[4,2,2]]^6     12              2               0               2               4               4               0.0833          0.1667          22              0.9167          1               0.5000          
  [[5,1,3]]^12    12              3               0               0               2               3               0.0000          0.1250          53              0.8833          1               0.2000          
  [[16,14,2]]     14              2               0               2               4               6               0.0714          0.2143          15              0.9375          1               0.8750          
  [[4,2,2]]^7     14              2               0               2               4               4               0.0714          0.1429          26              0.9286          1               0.5000          
  [[4,2,2]]^8     16              2               0               2               4               4               0.0625          0.1250          30              0.9375          1               0.5000          
  [[5,1,3]]^16    16              3               0               0               2               3               0.0000          0.0938          76              0.9500          1               0.2000          
  [[20,18,2]]     18              2               0               2               4               6               0.0556          0.1667          19              0.9500          1               0.9000          
  [[4,2,2]]^10    20              2               0               2               4               4               0.0500          0.1000          38              0.9500          1               0.5000          
  [[24,22,2]]     22              2               0               2               4               6               0.0455          0.1364          23              0.9583          1               0.9167          
  [[4,2,2]]^12    24              2               0               2               4               4               0.0417          0.0833          46              0.9583          1               0.5000          
  [[28,26,2]]     26              2               0               2               4               6               0.0385          0.1154          27              0.9643          1               0.9286          
  [[32,30,2]]     30              2               0               2               4               6               0.0333          0.1000          31              0.9688          1               0.9375          
  [[4,2,2]]^16    32              2               0               2               4               4               0.0312          0.0625          62              0.9688          1               0.5000          
total 193.4s
