======================================================================================================================================================
S3  PERCOLATION OF THE RECORD-INTERACTION GRAPH vs k, AT SEVERAL BATH SIZES (D-17)
======================================================================================================================================================

TABLE  interaction = two records touch the SAME bath site.  A and B in the same table.
  family       carrier          k    nB   assignment  recs/site    ncomp   giant    edgefrac   lapgap    percolates
  ---------------------------------------------------------------------------------------------------------------------------
  A            [[4,2,2]]        2    2    roundrobin  1.500        1       1.000    1.0000     2.0000    True
  A            [[4,2,2]]        2    3    roundrobin  1.333        1       1.000    1.0000     2.0000    True
  A            [[4,2,2]]        2    4    roundrobin  1.000        1       1.000    1.0000     2.0000    True
  A            [[4,2,2]]        2    2    block       1.500        1       1.000    1.0000     2.0000    True
  A            [[4,2,2]]        2    3    block       1.000        1       1.000    1.0000     2.0000    True
  A            [[4,2,2]]        2    4    block       1.000        1       1.000    1.0000     2.0000    True
  A            [[6,4,2]]        4    2    roundrobin  3.500        1       1.000    1.0000     4.0000    True
  A            [[6,4,2]]        4    3    roundrobin  3.333        1       1.000    1.0000     4.0000    True
  A            [[6,4,2]]        4    4    roundrobin  2.750        1       1.000    1.0000     4.0000    True
  A            [[6,4,2]]        4    6    roundrobin  2.000        1       1.000    1.0000     4.0000    True
  A            [[6,4,2]]        4    2    block       3.000        1       1.000    1.0000     4.0000    True
  A            [[6,4,2]]        4    3    block       2.667        1       1.000    1.0000     4.0000    True
  A            [[6,4,2]]        4    4    block       2.000        1       1.000    1.0000     4.0000    True
  A            [[6,4,2]]        4    6    block       2.000        1       1.000    1.0000     4.0000    True
  A            [[8,6,2]]        6    2    roundrobin  5.500        1       1.000    1.0000     6.0000    True
  A            [[8,6,2]]        6    3    roundrobin  5.333        1       1.000    1.0000     6.0000    True
  A            [[8,6,2]]        6    4    roundrobin  4.750        1       1.000    1.0000     6.0000    True
  A            [[8,6,2]]        6    6    roundrobin  3.833        1       1.000    1.0000     6.0000    True
  A            [[8,6,2]]        6    8    roundrobin  3.000        1       1.000    1.0000     6.0000    True
  A            [[8,6,2]]        6    2    block       4.500        1       1.000    1.0000     6.0000    True
  A            [[8,6,2]]        6    3    block       3.667        1       1.000    1.0000     6.0000    True
  A            [[8,6,2]]        6    4    block       3.750        1       1.000    1.0000     6.0000    True
  A            [[8,6,2]]        6    6    block       2.500        1       1.000    1.0000     6.0000    True
  A            [[8,6,2]]        6    8    block       3.000        1       1.000    1.0000     6.0000    True
  A            [[10,8,2]]       8    2    roundrobin  7.500        1       1.000    1.0000     8.0000    True
  A            [[10,8,2]]       8    3    roundrobin  7.333        1       1.000    1.0000     8.0000    True
  A            [[10,8,2]]       8    4    roundrobin  6.750        1       1.000    1.0000     8.0000    True
  A            [[10,8,2]]       8    6    roundrobin  5.833        1       1.000    1.0000     8.0000    True
  A            [[10,8,2]]       8    8    roundrobin  4.875        1       1.000    1.0000     8.0000    True
  A            [[10,8,2]]       8    2    block       6.000        1       1.000    1.0000     8.0000    True
  A            [[10,8,2]]       8    3    block       4.667        1       1.000    1.0000     8.0000    True
  A            [[10,8,2]]       8    4    block       4.250        1       1.000    1.0000     8.0000    True
  A            [[10,8,2]]       8    6    block       4.000        1       1.000    1.0000     8.0000    True
  A            [[10,8,2]]       8    8    block       3.000        1       1.000    1.0000     8.0000    True
  A            [[12,10,2]]      10   2    roundrobin  9.500        1       1.000    1.0000     10.0000   True
  A            [[12,10,2]]      10   3    roundrobin  9.333        1       1.000    1.0000     10.0000   True
  A            [[12,10,2]]      10   4    roundrobin  8.750        1       1.000    1.0000     10.0000   True
  A            [[12,10,2]]      10   6    roundrobin  7.833        1       1.000    1.0000     10.0000   True
  A            [[12,10,2]]      10   8    roundrobin  6.875        1       1.000    1.0000     10.0000   True
  A            [[12,10,2]]      10   12   roundrobin  5.000        1       1.000    1.0000     10.0000   True
  A            [[12,10,2]]      10   2    block       7.500        1       1.000    1.0000     10.0000   True
  A            [[12,10,2]]      10   3    block       6.667        1       1.000    1.0000     10.0000   True
  A            [[12,10,2]]      10   4    block       6.250        1       1.000    1.0000     10.0000   True
  A            [[12,10,2]]      10   6    block       5.833        1       1.000    1.0000     10.0000   True
  A            [[12,10,2]]      10   8    block       4.375        1       1.000    1.0000     10.0000   True
  A            [[12,10,2]]      10   12   block       5.000        1       1.000    1.0000     10.0000   True
  A            [[16,14,2]]      14   2    roundrobin  13.500       1       1.000    1.0000     14.0000   True
  A            [[16,14,2]]      14   3    roundrobin  13.333       1       1.000    1.0000     14.0000   True
  A            [[16,14,2]]      14   4    roundrobin  12.750       1       1.000    1.0000     14.0000   True
  A            [[16,14,2]]      14   6    roundrobin  11.833       1       1.000    1.0000     14.0000   True
  A            [[16,14,2]]      14   8    roundrobin  10.875       1       1.000    1.0000     14.0000   True
  A            [[16,14,2]]      14   12   roundrobin  8.917        1       1.000    1.0000     14.0000   True
  A            [[16,14,2]]      14   16   roundrobin  7.000        1       1.000    1.0000     14.0000   True
  A            [[16,14,2]]      14   2    block       10.500       1       1.000    1.0000     14.0000   True
  A            [[16,14,2]]      14   3    block       8.667        1       1.000    1.0000     14.0000   True
  A            [[16,14,2]]      14   4    block       8.750        1       1.000    1.0000     14.0000   True
  A            [[16,14,2]]      14   6    block       7.333        1       1.000    1.0000     14.0000   True
  A            [[16,14,2]]      14   8    block       7.875        1       1.000    1.0000     14.0000   True
  A            [[16,14,2]]      14   12   block       5.250        1       1.000    1.0000     14.0000   True
  A            [[16,14,2]]      14   16   block       7.000        1       1.000    1.0000     14.0000   True
  A            [[20,18,2]]      18   2    roundrobin  17.500       1       1.000    1.0000     18.0000   True
  A            [[20,18,2]]      18   3    roundrobin  17.333       1       1.000    1.0000     18.0000   True
  A            [[20,18,2]]      18   4    roundrobin  16.750       1       1.000    1.0000     18.0000   True
  A            [[20,18,2]]      18   6    roundrobin  15.833       1       1.000    1.0000     18.0000   True
  A            [[20,18,2]]      18   8    roundrobin  14.875       1       1.000    1.0000     18.0000   True
  A            [[20,18,2]]      18   12   roundrobin  12.917       1       1.000    1.0000     18.0000   True
  A            [[20,18,2]]      18   16   roundrobin  10.938       1       1.000    1.0000     18.0000   True
  A            [[20,18,2]]      18   2    block       13.500       1       1.000    1.0000     18.0000   True
  A            [[20,18,2]]      18   3    block       11.667       1       1.000    1.0000     18.0000   True
  A            [[20,18,2]]      18   4    block       11.250       1       1.000    1.0000     18.0000   True
  A            [[20,18,2]]      18   6    block       9.000        1       1.000    1.0000     18.0000   True
  A            [[20,18,2]]      18   8    block       8.625        1       1.000    1.0000     18.0000   True
  A            [[20,18,2]]      18   12   block       8.250        1       1.000    1.0000     18.0000   True
  A            [[20,18,2]]      18   16   block       6.188        1       1.000    1.0000     18.0000   True
  A            [[24,22,2]]      22   2    roundrobin  21.500       1       1.000    1.0000     22.0000   True
  A            [[24,22,2]]      22   3    roundrobin  21.333       1       1.000    1.0000     22.0000   True
  A            [[24,22,2]]      22   4    roundrobin  20.750       1       1.000    1.0000     22.0000   True
  A            [[24,22,2]]      22   6    roundrobin  19.833       1       1.000    1.0000     22.0000   True
  A            [[24,22,2]]      22   8    roundrobin  18.875       1       1.000    1.0000     22.0000   True
  A            [[24,22,2]]      22   12   roundrobin  16.917       1       1.000    1.0000     22.0000   True
  A            [[24,22,2]]      22   16   roundrobin  14.938       1       1.000    1.0000     22.0000   True
  A            [[24,22,2]]      22   24   roundrobin  11.000       1       1.000    1.0000     22.0000   True
  A            [[24,22,2]]      22   2    block       16.500       1       1.000    1.0000     22.0000   True
  A            [[24,22,2]]      22   3    block       14.667       1       1.000    1.0000     22.0000   True
  A            [[24,22,2]]      22   4    block       13.750       1       1.000    1.0000     22.0000   True
  A            [[24,22,2]]      22   6    block       12.833       1       1.000    1.0000     22.0000   True
  A            [[24,22,2]]      22   8    block       12.375       1       1.000    1.0000     22.0000   True
  A            [[24,22,2]]      22   12   block       11.917       1       1.000    1.0000     22.0000   True
  A            [[24,22,2]]      22   16   block       8.938        1       1.000    1.0000     22.0000   True
  A            [[24,22,2]]      22   24   block       11.000       1       1.000    1.0000     22.0000   True
  A            [[32,30,2]]      30   2    roundrobin  29.500       1       1.000    1.0000     30.0000   True
  A            [[32,30,2]]      30   3    roundrobin  29.333       1       1.000    1.0000     30.0000   True
  A            [[32,30,2]]      30   4    roundrobin  28.750       1       1.000    1.0000     30.0000   True
  A            [[32,30,2]]      30   6    roundrobin  27.833       1       1.000    1.0000     30.0000   True
  A            [[32,30,2]]      30   8    roundrobin  26.875       1       1.000    1.0000     30.0000   True
  A            [[32,30,2]]      30   12   roundrobin  24.917       1       1.000    1.0000     30.0000   True
  A            [[32,30,2]]      30   16   roundrobin  22.938       1       1.000    1.0000     30.0000   True
  A            [[32,30,2]]      30   24   roundrobin  18.958       1       1.000    1.0000     30.0000   True
  A            [[32,30,2]]      30   2    block       22.500       1       1.000    1.0000     30.0000   True
  A            [[32,30,2]]      30   3    block       19.667       1       1.000    1.0000     30.0000   True
  A            [[32,30,2]]      30   4    block       18.750       1       1.000    1.0000     30.0000   True
  A            [[32,30,2]]      30   6    block       15.833       1       1.000    1.0000     30.0000   True
  A            [[32,30,2]]      30   8    block       16.875       1       1.000    1.0000     30.0000   True
  A            [[32,30,2]]      30   12   block       14.583       1       1.000    1.0000     30.0000   True
  A            [[32,30,2]]      30   16   block       15.938       1       1.000    1.0000     30.0000   True
  A            [[32,30,2]]      30   24   block       10.625       1       1.000    1.0000     30.0000   True
  A            [[40,38,2]]      38   2    roundrobin  37.500       1       1.000    1.0000     38.0000   True
  A            [[40,38,2]]      38   3    roundrobin  37.333       1       1.000    1.0000     38.0000   True
  A            [[40,38,2]]      38   4    roundrobin  36.750       1       1.000    1.0000     38.0000   True
  A            [[40,38,2]]      38   6    roundrobin  35.833       1       1.000    1.0000     38.0000   True
  A            [[40,38,2]]      38   8    roundrobin  34.875       1       1.000    1.0000     38.0000   True
  A            [[40,38,2]]      38   12   roundrobin  32.917       1       1.000    1.0000     38.0000   True
  A            [[40,38,2]]      38   16   roundrobin  30.938       1       1.000    1.0000     38.0000   True
  A            [[40,38,2]]      38   24   roundrobin  26.958       1       1.000    1.0000     38.0000   True
  A            [[40,38,2]]      38   2    block       28.500       1       1.000    1.0000     38.0000   True
  A            [[40,38,2]]      38   3    block       24.667       1       1.000    1.0000     38.0000   True
  A            [[40,38,2]]      38   4    block       23.750       1       1.000    1.0000     38.0000   True
  A            [[40,38,2]]      38   6    block       21.333       1       1.000    1.0000     38.0000   True
  A            [[40,38,2]]      38   8    block       21.375       1       1.000    1.0000     38.0000   True
  A            [[40,38,2]]      38   12   block       17.417       1       1.000    1.0000     38.0000   True
  A            [[40,38,2]]      38   16   block       17.000       1       1.000    1.0000     38.0000   True
  A            [[40,38,2]]      38   24   block       16.625       1       1.000    1.0000     38.0000   True
  A            [[48,46,2]]      46   2    roundrobin  45.500       1       1.000    1.0000     46.0000   True
  A            [[48,46,2]]      46   3    roundrobin  45.333       1       1.000    1.0000     46.0000   True
  A            [[48,46,2]]      46   4    roundrobin  44.750       1       1.000    1.0000     46.0000   True
  A            [[48,46,2]]      46   6    roundrobin  43.833       1       1.000    1.0000     46.0000   True
  A            [[48,46,2]]      46   8    roundrobin  42.875       1       1.000    1.0000     46.0000   True
  A            [[48,46,2]]      46   12   roundrobin  40.917       1       1.000    1.0000     46.0000   True
  A            [[48,46,2]]      46   16   roundrobin  38.938       1       1.000    1.0000     46.0000   True
  A            [[48,46,2]]      46   24   roundrobin  34.958       1       1.000    1.0000     46.0000   True
  A            [[48,46,2]]      46   2    block       34.500       1       1.000    1.0000     46.0000   True
  A            [[48,46,2]]      46   3    block       30.667       1       1.000    1.0000     46.0000   True
  A            [[48,46,2]]      46   4    block       28.750       1       1.000    1.0000     46.0000   True
  A            [[48,46,2]]      46   6    block       26.833       1       1.000    1.0000     46.0000   True
  A            [[48,46,2]]      46   8    block       25.875       1       1.000    1.0000     46.0000   True
  A            [[48,46,2]]      46   12   block       24.917       1       1.000    1.0000     46.0000   True
  A            [[48,46,2]]      46   16   block       24.438       1       1.000    1.0000     46.0000   True
  A            [[48,46,2]]      46   24   block       23.958       1       1.000    1.0000     46.0000   True
  B            [[4,2,2]]^1      2    2    roundrobin  1.500        1       1.000    1.0000     2.0000    True
  B            [[4,2,2]]^1      2    3    roundrobin  1.333        1       1.000    1.0000     2.0000    True
  B            [[4,2,2]]^1      2    4    roundrobin  1.000        1       1.000    1.0000     2.0000    True
  B            [[4,2,2]]^1      2    2    block       1.500        1       1.000    1.0000     2.0000    True
  B            [[4,2,2]]^1      2    3    block       1.000        1       1.000    1.0000     2.0000    True
  B            [[4,2,2]]^1      2    4    block       1.000        1       1.000    1.0000     2.0000    True
  B            [[4,2,2]]^2      4    2    roundrobin  3.000        1       1.000    1.0000     4.0000    True
  B            [[4,2,2]]^2      4    3    roundrobin  2.667        1       1.000    1.0000     4.0000    True
  B            [[4,2,2]]^2      4    4    roundrobin  2.000        1       1.000    1.0000     4.0000    True
  B            [[4,2,2]]^2      4    6    roundrobin  1.333        1       1.000    0.6667     1.0000    True
  B            [[4,2,2]]^2      4    8    roundrobin  1.000        2       0.500    0.3333     0.0000    False
  B            [[4,2,2]]^2      4    2    block       2.000        2       0.500    0.3333     0.0000    False
  B            [[4,2,2]]^2      4    3    block       1.667        2       0.500    0.3333     0.0000    False
  B            [[4,2,2]]^2      4    4    block       1.500        2       0.500    0.3333     0.0000    False
  B            [[4,2,2]]^2      4    6    block       1.000        2       0.500    0.3333     0.0000    False
  B            [[4,2,2]]^2      4    8    block       1.000        2       0.500    0.3333     0.0000    False
  B            [[4,2,2]]^3      6    2    roundrobin  4.500        1       1.000    1.0000     6.0000    True
  B            [[4,2,2]]^3      6    3    roundrobin  4.000        1       1.000    1.0000     6.0000    True
  B            [[4,2,2]]^3      6    4    roundrobin  3.000        1       1.000    1.0000     6.0000    True
  B            [[4,2,2]]^3      6    6    roundrobin  2.000        1       1.000    0.6000     1.6972    True
  B            [[4,2,2]]^3      6    8    roundrobin  1.500        2       0.667    0.4667     0.0000    True
  B            [[4,2,2]]^3      6    12   roundrobin  1.000        3       0.333    0.2000     0.0000    False
  B            [[4,2,2]]^3      6    2    block       3.500        1       1.000    0.6000     1.0000    True
  B            [[4,2,2]]^3      6    3    block       2.000        3       0.333    0.2000     0.0000    False
  B            [[4,2,2]]^3      6    4    block       2.250        2       0.667    0.3333     0.0000    True
  B            [[4,2,2]]^3      6    6    block       1.500        3       0.333    0.2000     0.0000    False
  B            [[4,2,2]]^3      6    8    block       1.125        3       0.333    0.2000     0.0000    False
  B            [[4,2,2]]^3      6    12   block       1.000        3       0.333    0.2000     0.0000    False
  B            [[4,2,2]]^4      8    2    roundrobin  6.000        1       1.000    1.0000     8.0000    True
  B            [[4,2,2]]^4      8    3    roundrobin  5.333        1       1.000    1.0000     8.0000    True
  B            [[4,2,2]]^4      8    4    roundrobin  4.000        1       1.000    1.0000     8.0000    True
  B            [[4,2,2]]^4      8    6    roundrobin  2.667        1       1.000    0.6429     1.8196    True
  B            [[4,2,2]]^4      8    8    roundrobin  2.000        2       0.500    0.4286     0.0000    False
  B            [[4,2,2]]^4      8    12   roundrobin  1.333        3       0.500    0.2857     0.0000    False
  B            [[4,2,2]]^4      8    16   roundrobin  1.000        4       0.250    0.1429     0.0000    False
  B            [[4,2,2]]^4      8    2    block       4.000        2       0.500    0.4286     0.0000    False
  B            [[4,2,2]]^4      8    3    block       3.000        2       0.750    0.3571     0.0000    True
  B            [[4,2,2]]^4      8    4    block       2.000        4       0.250    0.1429     0.0000    False
  B            [[4,2,2]]^4      8    6    block       1.833        3       0.500    0.2143     0.0000    False
  B            [[4,2,2]]^4      8    8    block       1.500        4       0.250    0.1429     0.0000    False
  B            [[4,2,2]]^4      8    12   block       1.000        4       0.250    0.1429     0.0000    False
  B            [[4,2,2]]^4      8    16   block       1.000        4       0.250    0.1429     0.0000    False
  B            [[4,2,2]]^5      10   2    roundrobin  7.500        1       1.000    1.0000     10.0000   True
  B            [[4,2,2]]^5      10   3    roundrobin  6.667        1       1.000    1.0000     10.0000   True
  B            [[4,2,2]]^5      10   4    roundrobin  5.000        1       1.000    1.0000     10.0000   True
  B            [[4,2,2]]^5      10   6    roundrobin  3.333        1       1.000    0.6444     2.5115    True
  B            [[4,2,2]]^5      10   8    roundrobin  2.500        2       0.600    0.4667     0.0000    True
  B            [[4,2,2]]^5      10   12   roundrobin  1.667        3       0.400    0.2889     0.0000    False
  B            [[4,2,2]]^5      10   16   roundrobin  1.250        4       0.400    0.2000     0.0000    False
  B            [[4,2,2]]^5      10   2    block       5.500        1       1.000    0.5556     1.0000    True
  B            [[4,2,2]]^5      10   3    block       3.667        2       0.600    0.3333     0.0000    True
  B            [[4,2,2]]^5      10   4    block       3.250        2       0.800    0.3333     0.0000    True
  B            [[4,2,2]]^5      10   6    block       1.667        5       0.200    0.1111     0.0000    False
  B            [[4,2,2]]^5      10   8    block       1.750        4       0.400    0.1556     0.0000    False
  B            [[4,2,2]]^5      10   12   block       1.250        5       0.200    0.1111     0.0000    False
  B            [[4,2,2]]^5      10   16   block       0.938        5       0.200    0.1111     0.0000    False
  B            [[4,2,2]]^6      12   2    roundrobin  9.000        1       1.000    1.0000     12.0000   True
  B            [[4,2,2]]^6      12   3    roundrobin  8.000        1       1.000    1.0000     12.0000   True
  B            [[4,2,2]]^6      12   4    roundrobin  6.000        1       1.000    1.0000     12.0000   True
  B            [[4,2,2]]^6      12   6    roundrobin  4.000        1       1.000    0.6364     3.3944    True
  B            [[4,2,2]]^6      12   8    roundrobin  3.000        2       0.500    0.4545     0.0000    False
  B            [[4,2,2]]^6      12   12   roundrobin  2.000        3       0.333    0.2727     0.0000    False
  B            [[4,2,2]]^6      12   16   roundrobin  1.500        4       0.333    0.2121     0.0000    False
  B            [[4,2,2]]^6      12   24   roundrobin  1.000        6       0.167    0.0909     0.0000    False
  B            [[4,2,2]]^6      12   2    block       6.000        2       0.500    0.4545     0.0000    False
  B            [[4,2,2]]^6      12   3    block       4.000        3       0.333    0.2727     0.0000    False
  B            [[4,2,2]]^6      12   4    block       3.500        2       0.500    0.2727     0.0000    False
  B            [[4,2,2]]^6      12   6    block       2.000        6       0.167    0.0909     0.0000    False
  B            [[4,2,2]]^6      12   8    block       2.250        4       0.333    0.1515     -0.0000   False
  B            [[4,2,2]]^6      12   12   block       1.500        6       0.167    0.0909     0.0000    False
  B            [[4,2,2]]^6      12   16   block       1.125        6       0.167    0.0909     0.0000    False
  B            [[4,2,2]]^6      12   24   block       1.000        6       0.167    0.0909     0.0000    False
  B            [[4,2,2]]^8      16   2    roundrobin  12.000       1       1.000    1.0000     16.0000   True
  B            [[4,2,2]]^8      16   3    roundrobin  10.667       1       1.000    1.0000     16.0000   True
  B            [[4,2,2]]^8      16   4    roundrobin  8.000        1       1.000    1.0000     16.0000   True
  B            [[4,2,2]]^8      16   6    roundrobin  5.333        1       1.000    0.6500     4.1934    True
  B            [[4,2,2]]^8      16   8    roundrobin  4.000        2       0.500    0.4667     0.0000    False
  B            [[4,2,2]]^8      16   12   roundrobin  2.667        3       0.375    0.3000     0.0000    False
  B            [[4,2,2]]^8      16   16   roundrobin  2.000        4       0.250    0.2000     0.0000    False
  B            [[4,2,2]]^8      16   24   roundrobin  1.333        6       0.250    0.1333     0.0000    False
  B            [[4,2,2]]^8      16   2    block       8.000        2       0.500    0.4667     0.0000    False
  B            [[4,2,2]]^8      16   3    block       5.667        2       0.625    0.3333     0.0000    True
  B            [[4,2,2]]^8      16   4    block       4.000        4       0.250    0.2000     0.0000    False
  B            [[4,2,2]]^8      16   6    block       3.167        3       0.375    0.2000     0.0000    False
  B            [[4,2,2]]^8      16   8    block       2.000        8       0.125    0.0667     0.0000    False
  B            [[4,2,2]]^8      16   12   block       1.917        6       0.250    0.1000     -0.0000   False
  B            [[4,2,2]]^8      16   16   block       1.500        8       0.125    0.0667     0.0000    False
  B            [[4,2,2]]^8      16   24   block       1.000        8       0.125    0.0667     0.0000    False
  B            [[4,2,2]]^10     20   2    roundrobin  15.000       1       1.000    1.0000     20.0000   True
  B            [[4,2,2]]^10     20   3    roundrobin  13.333       1       1.000    1.0000     20.0000   True
  B            [[4,2,2]]^10     20   4    roundrobin  10.000       1       1.000    1.0000     20.0000   True
  B            [[4,2,2]]^10     20   6    roundrobin  6.667        1       1.000    0.6526     5.2623    True
  B            [[4,2,2]]^10     20   8    roundrobin  5.000        2       0.500    0.4737     -0.0000   False
  B            [[4,2,2]]^10     20   12   roundrobin  3.333        3       0.400    0.3053     0.0000    False
  B            [[4,2,2]]^10     20   16   roundrobin  2.500        4       0.300    0.2211     -0.0000   False
  B            [[4,2,2]]^10     20   24   roundrobin  1.667        6       0.200    0.1368     0.0000    False
  B            [[4,2,2]]^10     20   2    block       10.000       2       0.500    0.4737     0.0000    False
  B            [[4,2,2]]^10     20   3    block       7.000        2       0.700    0.3368     0.0000    True
  B            [[4,2,2]]^10     20   4    block       5.500        2       0.500    0.2632     0.0000    False
  B            [[4,2,2]]^10     20   6    block       3.833        4       0.500    0.1789     0.0000    False
  B            [[4,2,2]]^10     20   8    block       3.250        4       0.400    0.1579     -0.0000   False
  B            [[4,2,2]]^10     20   12   block       1.667        10      0.100    0.0526     0.0000    False
  B            [[4,2,2]]^10     20   16   block       1.812        7       0.200    0.0842     -0.0000   False
  B            [[4,2,2]]^10     20   24   block       1.250        10      0.100    0.0526     0.0000    False
  B            [[4,2,2]]^12     24   2    roundrobin  18.000       1       1.000    1.0000     24.0000   True
  B            [[4,2,2]]^12     24   3    roundrobin  16.000       1       1.000    1.0000     24.0000   True
  B            [[4,2,2]]^12     24   4    roundrobin  12.000       1       1.000    1.0000     24.0000   True
  B            [[4,2,2]]^12     24   6    roundrobin  8.000        1       1.000    0.6522     6.7889    True
  B            [[4,2,2]]^12     24   8    roundrobin  6.000        2       0.500    0.4783     -0.0000   False
  B            [[4,2,2]]^12     24   12   roundrobin  4.000        3       0.333    0.3043     -0.0000   False
  B            [[4,2,2]]^12     24   16   roundrobin  3.000        4       0.250    0.2174     -0.0000   False
  B            [[4,2,2]]^12     24   24   roundrobin  2.000        6       0.167    0.1304     0.0000    False
  B            [[4,2,2]]^12     24   2    block       12.000       2       0.500    0.4783     -0.0000   False
  B            [[4,2,2]]^12     24   3    block       8.000        3       0.333    0.3043     -0.0000   False
  B            [[4,2,2]]^12     24   4    block       6.000        4       0.250    0.2174     0.0000    False
  B            [[4,2,2]]^12     24   6    block       4.000        6       0.167    0.1304     0.0000    False
  B            [[4,2,2]]^12     24   8    block       3.500        4       0.250    0.1304     0.0000    False
  B            [[4,2,2]]^12     24   12   block       2.000        12      0.083    0.0435     0.0000    False
  B            [[4,2,2]]^12     24   16   block       2.250        8       0.167    0.0725     -0.0000   False
  B            [[4,2,2]]^12     24   24   block       1.500        12      0.083    0.0435     0.0000    False
  B            [[4,2,2]]^16     32   2    roundrobin  24.000       1       1.000    1.0000     32.0000   True
  B            [[4,2,2]]^16     32   3    roundrobin  21.333       1       1.000    1.0000     32.0000   True
  B            [[4,2,2]]^16     32   4    roundrobin  16.000       1       1.000    1.0000     32.0000   True
  B            [[4,2,2]]^16     32   6    roundrobin  10.667       1       1.000    0.6573     8.6714    True
  B            [[4,2,2]]^16     32   8    roundrobin  8.000        2       0.500    0.4839     0.0000    False
  B            [[4,2,2]]^16     32   12   roundrobin  5.333        3       0.375    0.3145     -0.0000   False
  B            [[4,2,2]]^16     32   16   roundrobin  4.000        4       0.250    0.2258     0.0000    False
  B            [[4,2,2]]^16     32   24   roundrobin  2.667        6       0.188    0.1452     -0.0000   False
  B            [[4,2,2]]^16     32   2    block       16.000       2       0.500    0.4839     0.0000    False
  B            [[4,2,2]]^16     32   3    block       11.000       2       0.688    0.3347     -0.0000   True
  B            [[4,2,2]]^16     32   4    block       8.000        4       0.250    0.2258     -0.0000   False
  B            [[4,2,2]]^16     32   6    block       5.833        4       0.500    0.1734     0.0000    False
  B            [[4,2,2]]^16     32   8    block       4.000        8       0.125    0.0968     0.0000    False
  B            [[4,2,2]]^16     32   12   block       3.083        6       0.188    0.0927     0.0000    False
  B            [[4,2,2]]^16     32   16   block       2.000        16      0.062    0.0323     0.0000    False
  B            [[4,2,2]]^16     32   24   block       1.958        11      0.125    0.0524     -0.0000   False
  B            [[4,2,2]]^20     40   2    roundrobin  30.000       1       1.000    1.0000     40.0000   True
  B            [[4,2,2]]^20     40   3    roundrobin  26.667       1       1.000    1.0000     40.0000   True
  B            [[4,2,2]]^20     40   4    roundrobin  20.000       1       1.000    1.0000     40.0000   True
  B            [[4,2,2]]^20     40   6    roundrobin  13.333       1       1.000    0.6590     10.9692   True
  B            [[4,2,2]]^20     40   8    roundrobin  10.000       2       0.500    0.4872     0.0000    False
  B            [[4,2,2]]^20     40   12   roundrobin  6.667        3       0.350    0.3179     0.0000    False
  B            [[4,2,2]]^20     40   16   roundrobin  5.000        4       0.250    0.2308     -0.0000   False
  B            [[4,2,2]]^20     40   24   roundrobin  3.333        6       0.200    0.1487     -0.0000   False
  B            [[4,2,2]]^20     40   2    block       20.000       2       0.500    0.4872     0.0000    False
  B            [[4,2,2]]^20     40   3    block       13.667       2       0.650    0.3333     0.0000    True
  B            [[4,2,2]]^20     40   4    block       10.000       4       0.250    0.2308     0.0000    False
  B            [[4,2,2]]^20     40   6    block       7.167        3       0.350    0.1744     0.0000    False
  B            [[4,2,2]]^20     40   8    block       5.500        4       0.250    0.1282     -0.0000   False
  B            [[4,2,2]]^20     40   12   block       4.083        6       0.250    0.0974     -0.0000   False
  B            [[4,2,2]]^20     40   16   block       3.250        8       0.200    0.0769     0.0000    False
  B            [[4,2,2]]^20     40   24   block       1.667        20      0.050    0.0256     0.0000    False
  B            [[4,2,2]]^24     48   2    roundrobin  36.000       1       1.000    1.0000     48.0000   True
  B            [[4,2,2]]^24     48   3    roundrobin  32.000       1       1.000    1.0000     48.0000   True
  B            [[4,2,2]]^24     48   4    roundrobin  24.000       1       1.000    1.0000     48.0000   True
  B            [[4,2,2]]^24     48   6    roundrobin  16.000       1       1.000    0.6596     13.5778   True
  B            [[4,2,2]]^24     48   8    roundrobin  12.000       2       0.500    0.4894     -0.0000   False
  B            [[4,2,2]]^24     48   12   roundrobin  8.000        3       0.333    0.3191     0.0000    False
  B            [[4,2,2]]^24     48   16   roundrobin  6.000        4       0.250    0.2340     -0.0000   False
  B            [[4,2,2]]^24     48   24   roundrobin  4.000        6       0.167    0.1489     -0.0000   False
  B            [[4,2,2]]^24     48   2    block       24.000       2       0.500    0.4894     -0.0000   False
  B            [[4,2,2]]^24     48   3    block       16.000       3       0.333    0.3191     0.0000    False
  B            [[4,2,2]]^24     48   4    block       12.000       4       0.250    0.2340     0.0000    False
  B            [[4,2,2]]^24     48   6    block       8.000        6       0.167    0.1489     0.0000    False
  B            [[4,2,2]]^24     48   8    block       6.000        8       0.125    0.1064     0.0000    False
  B            [[4,2,2]]^24     48   12   block       4.000        12      0.083    0.0638     -0.0000   False
  B            [[4,2,2]]^24     48   16   block       3.500        8       0.125    0.0638     0.0000    False
  B            [[4,2,2]]^24     48   24   block       2.000        24      0.042    0.0213     0.0000    False
  C            [[5,1,3]]^1      1    2    roundrobin  1.000        1       1.000    0.0000     0.0000    True
  C            [[5,1,3]]^1      1    3    roundrobin  1.000        1       1.000    0.0000     0.0000    True
  C            [[5,1,3]]^1      1    4    roundrobin  1.000        1       1.000    0.0000     0.0000    True
  C            [[5,1,3]]^1      1    2    block       1.000        1       1.000    0.0000     0.0000    True
  C            [[5,1,3]]^1      1    3    block       1.000        1       1.000    0.0000     0.0000    True
  C            [[5,1,3]]^1      1    4    block       0.750        1       1.000    0.0000     0.0000    True
  C            [[5,1,3]]^2      2    2    roundrobin  2.000        1       1.000    1.0000     2.0000    True
  C            [[5,1,3]]^2      2    3    roundrobin  2.000        1       1.000    1.0000     2.0000    True
  C            [[5,1,3]]^2      2    4    roundrobin  2.000        1       1.000    1.0000     2.0000    True
  C            [[5,1,3]]^2      2    6    roundrobin  1.667        1       1.000    1.0000     2.0000    True
  C            [[5,1,3]]^2      2    8    roundrobin  1.250        1       1.000    1.0000     2.0000    True
  C            [[5,1,3]]^2      2    2    block       1.000        2       0.500    0.0000     0.0000    False
  C            [[5,1,3]]^2      2    3    block       1.333        1       1.000    1.0000     2.0000    True
  C            [[5,1,3]]^2      2    4    block       1.250        1       1.000    1.0000     2.0000    True
  C            [[5,1,3]]^2      2    6    block       1.000        1       1.000    1.0000     2.0000    True
  C            [[5,1,3]]^2      2    8    block       0.750        1       1.000    1.0000     2.0000    True
  C            [[5,1,3]]^3      3    2    roundrobin  3.000        1       1.000    1.0000     3.0000    True
  C            [[5,1,3]]^3      3    3    roundrobin  3.000        1       1.000    1.0000     3.0000    True
  C            [[5,1,3]]^3      3    4    roundrobin  3.000        1       1.000    1.0000     3.0000    True
  C            [[5,1,3]]^3      3    6    roundrobin  2.500        1       1.000    1.0000     3.0000    True
  C            [[5,1,3]]^3      3    8    roundrobin  1.875        1       1.000    1.0000     3.0000    True
  C            [[5,1,3]]^3      3    12   roundrobin  1.250        2       0.667    0.3333     0.0000    True
  C            [[5,1,3]]^3      3    2    block       2.000        1       1.000    0.6667     1.0000    True
  C            [[5,1,3]]^3      3    3    block       1.000        3       0.333    0.0000     0.0000    False
  C            [[5,1,3]]^3      3    4    block       1.500        1       1.000    0.6667     1.0000    True
  C            [[5,1,3]]^3      3    6    block       1.167        1       1.000    0.6667     1.0000    True
  C            [[5,1,3]]^3      3    8    block       1.125        2       0.667    0.3333     0.0000    True
  C            [[5,1,3]]^3      3    12   block       0.750        2       0.667    0.3333     0.0000    True
  C            [[5,1,3]]^4      4    2    roundrobin  4.000        1       1.000    1.0000     4.0000    True
  C            [[5,1,3]]^4      4    3    roundrobin  4.000        1       1.000    1.0000     4.0000    True
  C            [[5,1,3]]^4      4    4    roundrobin  4.000        1       1.000    1.0000     4.0000    True
  C            [[5,1,3]]^4      4    6    roundrobin  3.333        1       1.000    1.0000     4.0000    True
  C            [[5,1,3]]^4      4    8    roundrobin  2.500        1       1.000    1.0000     4.0000    True
  C            [[5,1,3]]^4      4    12   roundrobin  1.667        1       1.000    0.5000     0.5858    True
  C            [[5,1,3]]^4      4    16   roundrobin  1.250        3       0.500    0.1667     0.0000    False
  C            [[5,1,3]]^4      4    2    block       2.000        2       0.500    0.3333     0.0000    False
  C            [[5,1,3]]^4      4    3    block       2.000        1       1.000    0.5000     0.5858    True
  C            [[5,1,3]]^4      4    4    block       1.000        4       0.250    0.0000     0.0000    False
  C            [[5,1,3]]^4      4    6    block       1.333        1       1.000    0.5000     0.5858    True
  C            [[5,1,3]]^4      4    8    block       1.125        2       0.750    0.3333     0.0000    True
  C            [[5,1,3]]^4      4    12   block       1.000        2       0.500    0.3333     0.0000    False
  C            [[5,1,3]]^4      4    16   block       0.750        2       0.500    0.3333     0.0000    False
  C            [[5,1,3]]^5      5    2    roundrobin  5.000        1       1.000    1.0000     5.0000    True
  C            [[5,1,3]]^5      5    3    roundrobin  5.000        1       1.000    1.0000     5.0000    True
  C            [[5,1,3]]^5      5    4    roundrobin  5.000        1       1.000    1.0000     5.0000    True
  C            [[5,1,3]]^5      5    6    roundrobin  4.167        1       1.000    1.0000     5.0000    True
  C            [[5,1,3]]^5      5    8    roundrobin  3.125        1       1.000    1.0000     5.0000    True
  C            [[5,1,3]]^5      5    12   roundrobin  2.083        1       1.000    0.6000     1.3820    True
  C            [[5,1,3]]^5      5    16   roundrobin  1.562        2       0.800    0.3000     0.0000    True
  C            [[5,1,3]]^5      5    24   roundrobin  1.042        4       0.400    0.1000     0.0000    False
  C            [[5,1,3]]^5      5    2    block       3.000        1       1.000    0.6000     1.0000    True
  C            [[5,1,3]]^5      5    3    block       2.333        1       1.000    0.5000     0.6972    True
  C            [[5,1,3]]^5      5    4    block       2.000        1       1.000    0.5000     0.5188    True
  C            [[5,1,3]]^5      5    6    block       0.833        5       0.200    0.0000     0.0000    False
  C            [[5,1,3]]^5      5    8    block       1.250        2       0.800    0.3000     0.0000    True
  C            [[5,1,3]]^5      5    12   block       1.000        2       0.600    0.3000     0.0000    True
  C            [[5,1,3]]^5      5    16   block       0.938        3       0.400    0.2000     0.0000    False
  C            [[5,1,3]]^5      5    24   block       0.625        3       0.400    0.2000     0.0000    False
  C            [[5,1,3]]^6      6    2    roundrobin  6.000        1       1.000    1.0000     6.0000    True
  C            [[5,1,3]]^6      6    3    roundrobin  6.000        1       1.000    1.0000     6.0000    True
  C            [[5,1,3]]^6      6    4    roundrobin  6.000        1       1.000    1.0000     6.0000    True
  C            [[5,1,3]]^6      6    6    roundrobin  5.000        1       1.000    1.0000     6.0000    True
  C            [[5,1,3]]^6      6    8    roundrobin  3.750        1       1.000    1.0000     6.0000    True
  C            [[5,1,3]]^6      6    12   roundrobin  2.500        1       1.000    0.6667     2.2679    True
  C            [[5,1,3]]^6      6    16   roundrobin  1.875        1       1.000    0.3333     0.2679    True
  C            [[5,1,3]]^6      6    24   roundrobin  1.250        3       0.667    0.2000     -0.0000   True
  C            [[5,1,3]]^6      6    2    block       3.000        2       0.500    0.4000     -0.0000   False
  C            [[5,1,3]]^6      6    3    block       2.000        3       0.333    0.2000     0.0000    False
  C            [[5,1,3]]^6      6    4    block       2.250        1       1.000    0.4000     0.4131    True
  C            [[5,1,3]]^6      6    6    block       1.000        6       0.167    0.0000     0.0000    False
  C            [[5,1,3]]^6      6    8    block       1.500        2       0.667    0.2667     0.0000    True
  C            [[5,1,3]]^6      6    12   block       1.167        2       0.500    0.2667     0.0000    False
  C            [[5,1,3]]^6      6    16   block       1.125        3       0.333    0.2000     0.0000    False
  C            [[5,1,3]]^6      6    24   block       0.750        3       0.333    0.2000     0.0000    False
  C            [[5,1,3]]^8      8    2    roundrobin  8.000        1       1.000    1.0000     8.0000    True
  C            [[5,1,3]]^8      8    3    roundrobin  8.000        1       1.000    1.0000     8.0000    True
  C            [[5,1,3]]^8      8    4    roundrobin  8.000        1       1.000    1.0000     8.0000    True
  C            [[5,1,3]]^8      8    6    roundrobin  6.667        1       1.000    1.0000     8.0000    True
  C            [[5,1,3]]^8      8    8    roundrobin  5.000        1       1.000    1.0000     8.0000    True
  C            [[5,1,3]]^8      8    12   roundrobin  3.333        1       1.000    0.6786     3.1864    True
  C            [[5,1,3]]^8      8    16   roundrobin  2.500        1       1.000    0.4286     1.0000    True
  C            [[5,1,3]]^8      8    24   roundrobin  1.667        1       1.000    0.2500     0.1522    True
  C            [[5,1,3]]^8      8    2    block       4.000        2       0.500    0.4286     0.0000    False
  C            [[5,1,3]]^8      8    3    block       3.333        1       1.000    0.4286     0.6277    True
  C            [[5,1,3]]^8      8    4    block       2.000        4       0.250    0.1429     0.0000    False
  C            [[5,1,3]]^8      8    6    block       2.000        2       0.875    0.2500     0.0000    True
  C            [[5,1,3]]^8      8    8    block       1.000        8       0.125    0.0000     0.0000    False
  C            [[5,1,3]]^8      8    12   block       1.333        2       0.500    0.2143     0.0000    False
  C            [[5,1,3]]^8      8    16   block       1.188        3       0.375    0.1786     0.0000    False
  C            [[5,1,3]]^8      8    24   block       1.000        4       0.250    0.1429     0.0000    False
  C            [[5,1,3]]^10     10   2    roundrobin  10.000       1       1.000    1.0000     10.0000   True
  C            [[5,1,3]]^10     10   3    roundrobin  10.000       1       1.000    1.0000     10.0000   True
  C            [[5,1,3]]^10     10   4    roundrobin  10.000       1       1.000    1.0000     10.0000   True
  C            [[5,1,3]]^10     10   6    roundrobin  8.333        1       1.000    1.0000     10.0000   True
  C            [[5,1,3]]^10     10   8    roundrobin  6.250        1       1.000    1.0000     10.0000   True
  C            [[5,1,3]]^10     10   12   roundrobin  4.167        1       1.000    0.7111     4.4550    True
  C            [[5,1,3]]^10     10   16   roundrobin  3.125        1       1.000    0.4667     1.7639    True
  C            [[5,1,3]]^10     10   24   roundrobin  2.083        1       1.000    0.2667     0.4071    True
  C            [[5,1,3]]^10     10   2    block       5.000        2       0.500    0.4444     0.0000    False
  C            [[5,1,3]]^10     10   3    block       4.000        1       1.000    0.4000     0.5359    True
  C            [[5,1,3]]^10     10   4    block       3.250        1       1.000    0.3333     0.3682    True
  C            [[5,1,3]]^10     10   6    block       2.333        2       0.900    0.2444     0.0000    True
  C            [[5,1,3]]^10     10   8    block       2.000        2       0.700    0.2000     0.0000    True
  C            [[5,1,3]]^10     10   12   block       0.833        10      0.100    0.0000     0.0000    False
  C            [[5,1,3]]^10     10   16   block       1.250        3       0.400    0.1556     0.0000    False
  C            [[5,1,3]]^10     10   24   block       0.958        4       0.300    0.1333     0.0000    False
  C            [[5,1,3]]^12     12   2    roundrobin  12.000       1       1.000    1.0000     12.0000   True
  C            [[5,1,3]]^12     12   3    roundrobin  12.000       1       1.000    1.0000     12.0000   True
  C            [[5,1,3]]^12     12   4    roundrobin  12.000       1       1.000    1.0000     12.0000   True
  C            [[5,1,3]]^12     12   6    roundrobin  10.000       1       1.000    1.0000     12.0000   True
  C            [[5,1,3]]^12     12   8    roundrobin  7.500        1       1.000    1.0000     12.0000   True
  C            [[5,1,3]]^12     12   12   roundrobin  5.000        1       1.000    0.7273     6.2679    True
  C            [[5,1,3]]^12     12   16   roundrobin  3.750        1       1.000    0.5000     2.2215    True
  C            [[5,1,3]]^12     12   24   roundrobin  2.500        1       1.000    0.3030     0.6817    True
  C            [[5,1,3]]^12     12   2    block       6.000        2       0.500    0.4545     0.0000    False
  C            [[5,1,3]]^12     12   3    block       4.000        3       0.333    0.2727     0.0000    False
  C            [[5,1,3]]^12     12   4    block       3.000        4       0.250    0.1818     -0.0000   False
  C            [[5,1,3]]^12     12   6    block       2.000        6       0.167    0.0909     0.0000    False
  C            [[5,1,3]]^12     12   8    block       2.250        2       0.667    0.1970     -0.0000   True
  C            [[5,1,3]]^12     12   12   block       1.000        12      0.083    0.0000     0.0000    False
  C            [[5,1,3]]^12     12   16   block       1.500        3       0.333    0.1364     0.0000    False
  C            [[5,1,3]]^12     12   24   block       1.167        4       0.250    0.1212     0.0000    False
  C            [[5,1,3]]^16     16   2    roundrobin  16.000       1       1.000    1.0000     16.0000   True
  C            [[5,1,3]]^16     16   3    roundrobin  16.000       1       1.000    1.0000     16.0000   True
  C            [[5,1,3]]^16     16   4    roundrobin  16.000       1       1.000    1.0000     16.0000   True
  C            [[5,1,3]]^16     16   6    roundrobin  13.333       1       1.000    1.0000     16.0000   True
  C            [[5,1,3]]^16     16   8    roundrobin  10.000       1       1.000    1.0000     16.0000   True
  C            [[5,1,3]]^16     16   12   roundrobin  6.667        1       1.000    0.7250     7.2604    True
  C            [[5,1,3]]^16     16   16   roundrobin  5.000        1       1.000    0.5333     3.9727    True
  C            [[5,1,3]]^16     16   24   roundrobin  3.333        1       1.000    0.3250     0.9738    True
  C            [[5,1,3]]^16     16   2    block       8.000        2       0.500    0.4667     0.0000    False
  C            [[5,1,3]]^16     16   3    block       6.000        1       1.000    0.3750     0.5228    True
  C            [[5,1,3]]^16     16   4    block       4.000        4       0.250    0.2000     0.0000    False
  C            [[5,1,3]]^16     16   6    block       3.333        2       0.875    0.2083     0.0000    True
  C            [[5,1,3]]^16     16   8    block       2.000        8       0.125    0.0667     0.0000    False
  C            [[5,1,3]]^16     16   12   block       2.083        3       0.438    0.1250     0.0000    False
  C            [[5,1,3]]^16     16   16   block       1.000        16      0.062    0.0000     0.0000    False
  C            [[5,1,3]]^16     16   24   block       1.333        4       0.250    0.1000     0.0000    False
  C            [[5,1,3]]^20     20   2    roundrobin  20.000       1       1.000    1.0000     20.0000   True
  C            [[5,1,3]]^20     20   3    roundrobin  20.000       1       1.000    1.0000     20.0000   True
  C            [[5,1,3]]^20     20   4    roundrobin  20.000       1       1.000    1.0000     20.0000   True
  C            [[5,1,3]]^20     20   6    roundrobin  16.667       1       1.000    1.0000     20.0000   True
  C            [[5,1,3]]^20     20   8    roundrobin  12.500       1       1.000    1.0000     20.0000   True
  C            [[5,1,3]]^20     20   12   roundrobin  8.333        1       1.000    0.7316     9.5975    True
  C            [[5,1,3]]^20     20   16   roundrobin  6.250        1       1.000    0.5316     4.3618    True
  C            [[5,1,3]]^20     20   24   roundrobin  4.167        1       1.000    0.3368     1.3496    True
  C            [[5,1,3]]^20     20   2    block       10.000       2       0.500    0.4737     0.0000    False
  C            [[5,1,3]]^20     20   3    block       7.333        1       1.000    0.3684     0.5538    True
  C            [[5,1,3]]^20     20   4    block       5.000        4       0.250    0.2105     0.0000    False
  C            [[5,1,3]]^20     20   6    block       4.000        2       0.850    0.1947     -0.0000   True
  C            [[5,1,3]]^20     20   8    block       3.250        2       0.650    0.1632     -0.0000   True
  C            [[5,1,3]]^20     20   12   block       2.417        3       0.450    0.1211     0.0000    False
  C            [[5,1,3]]^20     20   16   block       2.000        3       0.350    0.1053     0.0000    False
  C            [[5,1,3]]^20     20   24   block       0.833        20      0.050    0.0000     0.0000    False
  C            [[5,1,3]]^24     24   2    roundrobin  24.000       1       1.000    1.0000     24.0000   True
  C            [[5,1,3]]^24     24   3    roundrobin  24.000       1       1.000    1.0000     24.0000   True
  C            [[5,1,3]]^24     24   4    roundrobin  24.000       1       1.000    1.0000     24.0000   True
  C            [[5,1,3]]^24     24   6    roundrobin  20.000       1       1.000    1.0000     24.0000   True
  C            [[5,1,3]]^24     24   8    roundrobin  15.000       1       1.000    1.0000     24.0000   True
  C            [[5,1,3]]^24     24   12   roundrobin  10.000       1       1.000    0.7391     12.5359   True
  C            [[5,1,3]]^24     24   16   roundrobin  7.500        1       1.000    0.5362     5.5359    True
  C            [[5,1,3]]^24     24   24   roundrobin  5.000        1       1.000    0.3478     1.9219    True
  C            [[5,1,3]]^24     24   2    block       12.000       2       0.500    0.4783     -0.0000   False
  C            [[5,1,3]]^24     24   3    block       8.000        3       0.333    0.3043     -0.0000   False
  C            [[5,1,3]]^24     24   4    block       6.000        4       0.250    0.2174     0.0000    False
  C            [[5,1,3]]^24     24   6    block       4.000        6       0.167    0.1304     0.0000    False
  C            [[5,1,3]]^24     24   8    block       3.000        8       0.125    0.0870     -0.0000   False
  C            [[5,1,3]]^24     24   12   block       2.000        12      0.083    0.0435     0.0000    False
  C            [[5,1,3]]^24     24   16   block       2.250        3       0.333    0.0978     -0.0000   False
  C            [[5,1,3]]^24     24   24   block       1.000        24      0.042    0.0000     0.0000    False

k*  = SMALLEST k at which the interaction graph percolates (giant component > k/2).
     If k* MOVES with nB the onset is a DENSITY threshold, not a record-count threshold.
  family   assignment   nB     k*       k*/nB
  ----------------------------------------------------
  A        roundrobin   2      2        1.00
  A        roundrobin   3      2        0.67
  A        roundrobin   4      2        0.50
  A        roundrobin   6      4        0.67
  A        roundrobin   8      6        0.75
  A        roundrobin   12     10       0.83
  A        roundrobin   16     14       0.88
  A        roundrobin   24     22       0.92
  A        block        2      2        1.00
  A        block        3      2        0.67
  A        block        4      2        0.50
  A        block        6      4        0.67
  A        block        8      6        0.75
  A        block        12     10       0.83
  A        block        16     14       0.88
  A        block        24     22       0.92
  B        roundrobin   2      2        1.00
  B        roundrobin   3      2        0.67
  B        roundrobin   4      2        0.50
  B        roundrobin   6      4        0.67
  B        roundrobin   8      6        0.75
  B        roundrobin   12     none in range -
  B        roundrobin   16     none in range -
  B        roundrobin   24     none in range -
  B        block        2      2        1.00
  B        block        3      2        0.67
  B        block        4      2        0.50
  B        block        6      none in range -
  B        block        8      none in range -
  B        block        12     none in range -
  B        block        16     none in range -
  B        block        24     none in range -
  C        roundrobin   2      1        0.50
  C        roundrobin   3      1        0.33
  C        roundrobin   4      1        0.25
  C        roundrobin   6      2        0.33
  C        roundrobin   8      2        0.25
  C        roundrobin   12     3        0.25
  C        roundrobin   16     5        0.31
  C        roundrobin   24     6        0.25
  C        block        2      1        0.50
  C        block        3      1        0.33
  C        block        4      1        0.25
  C        block        6      2        0.33
  C        block        8      2        0.25
  C        block        12     3        0.25
  C        block        16     none in range -
  C        block        24     none in range -
total 309.2s
