======================================================================================================================================================
S4  BASIS SENSITIVITY OF THE BASIS-DEPENDENT ORDER PARAMETERS
======================================================================================================================================================
  ensemble: 24 random symplectic bases per carrier (products of 4k random transvections),
  every one re-checked for (a) symplectic form preserved, (b) family still commuting,
  (c) family still inside N(S), (d) no member trivial.  A basis that fails is discarded and
  reported, not silently used.
  measured [[4,2,2]]      k=2   ensemble=24 discarded=0  t=0.1s
  measured [[6,4,2]]      k=4   ensemble=24 discarded=0  t=0.2s
  measured [[8,6,2]]      k=6   ensemble=24 discarded=0  t=0.4s
  measured [[10,8,2]]     k=8   ensemble=24 discarded=0  t=0.8s
  measured [[12,10,2]]    k=10  ensemble=24 discarded=0  t=1.3s
  measured [[16,14,2]]    k=14  ensemble=24 discarded=0  t=2.6s
  measured [[20,18,2]]    k=18  ensemble=24 discarded=0  t=5.3s
  measured [[24,22,2]]    k=22  ensemble=24 discarded=0  t=9.7s
  measured [[4,2,2]]^1    k=2   ensemble=24 discarded=0  t=9.7s
  measured [[4,2,2]]^2    k=4   ensemble=24 discarded=0  t=9.7s
  measured [[4,2,2]]^3    k=6   ensemble=24 discarded=0  t=10.4s
  measured [[4,2,2]]^4    k=8   ensemble=24 discarded=0  t=11.2s
  measured [[4,2,2]]^5    k=10  ensemble=24 discarded=0  t=12.2s
  measured [[4,2,2]]^6    k=12  ensemble=24 discarded=0  t=14.1s
  measured [[4,2,2]]^8    k=16  ensemble=24 discarded=0  t=18.8s
  measured [[4,2,2]]^10   k=20  ensemble=24 discarded=0  t=28.5s
  measured [[4,2,2]]^12   k=24  ensemble=24 discarded=0  t=46.2s
  measured [[5,1,3]]^1    k=1   ensemble=24 discarded=0  t=46.2s
  measured [[5,1,3]]^2    k=2   ensemble=24 discarded=0  t=46.3s
  measured [[5,1,3]]^3    k=3   ensemble=24 discarded=0  t=46.7s
  measured [[5,1,3]]^4    k=4   ensemble=24 discarded=0  t=47.8s
  measured [[5,1,3]]^5    k=5   ensemble=24 discarded=0  t=49.6s
  measured [[5,1,3]]^6    k=6   ensemble=24 discarded=0  t=52.6s
  measured [[5,1,3]]^8    k=8   ensemble=24 discarded=0  t=60.6s
  measured [[5,1,3]]^10   k=10  ensemble=24 discarded=0  t=76.0s
  measured [[5,1,3]]^12   k=12  ensemble=24 discarded=0  t=99.0s

ORDER PARAMETER  wbar   -- canonical basis vs random-symplectic-basis ensemble
  family   carrier          k     canonical    ens_min      ens_mean     ens_max     
  ------------------------------------------------------------------------------------
  A        [[4,2,2]]        2     2.0000       2.0000       2.3958       3.0000      
  A        [[6,4,2]]        4     3.0000       2.2500       3.2188       3.7500      
  A        [[8,6,2]]        6     4.0000       4.0000       4.6181       5.3333      
  A        [[10,8,2]]       8     5.0000       5.0000       5.8646       6.3750      
  A        [[12,10,2]]      10    6.0000       6.6000       7.1792       7.7000      
  A        [[16,14,2]]      14    8.0000       9.1429       9.9762       10.4286     
  A        [[20,18,2]]      18    10.0000      12.0000      12.6597      13.1667     
  A        [[24,22,2]]      22    12.0000      14.8182      15.4034      15.8636     
  B        [[4,2,2]]^1      2     2.0000       2.0000       2.2292       3.0000      
  B        [[4,2,2]]^2      4     2.0000       3.5000       4.4896       5.2500      
  B        [[4,2,2]]^3      6     2.0000       6.1667       6.9861       8.1667      
  B        [[4,2,2]]^4      8     2.0000       7.6250       9.1875       9.8750      
  B        [[4,2,2]]^5      10    2.0000       9.4000       11.2625      12.5000     
  B        [[4,2,2]]^6      12    2.0000       12.6667      13.5278      14.3333     
  B        [[4,2,2]]^8      16    2.0000       16.8125      17.8203      18.5000     
  B        [[4,2,2]]^10     20    2.0000       21.9000      22.6125      23.2000     
  B        [[4,2,2]]^12     24    2.0000       26.3333      26.8993      27.6250     
  C        [[5,1,3]]^1      1     5.0000       3.0000       3.0000       3.0000      
  C        [[5,1,3]]^2      2     5.0000       3.0000       4.8125       6.0000      
  C        [[5,1,3]]^3      3     5.0000       4.0000       6.8333       9.0000      
  C        [[5,1,3]]^4      4     5.0000       6.0000       8.7812       11.2500     
  C        [[5,1,3]]^5      5     5.0000       9.6000       11.5750      13.2000     
  C        [[5,1,3]]^6      6     5.0000       11.5000      13.7917      15.5000     
  C        [[5,1,3]]^8      8     5.0000       14.2500      17.7812      20.6250     
  C        [[5,1,3]]^10     10    5.0000       19.5000      22.5750      24.3000     
  C        [[5,1,3]]^12     12    5.0000       24.5000      26.7917      29.2500     

ORDER PARAMETER  ov_edgefrac   -- canonical basis vs random-symplectic-basis ensemble
  family   carrier          k     canonical    ens_min      ens_mean     ens_max     
  ------------------------------------------------------------------------------------
  A        [[4,2,2]]        2     1.0000       1.0000       1.0000       1.0000      
  A        [[6,4,2]]        4     1.0000       0.5000       0.9097       1.0000      
  A        [[8,6,2]]        6     1.0000       0.8000       0.9667       1.0000      
  A        [[10,8,2]]       8     1.0000       0.9286       0.9955       1.0000      
  A        [[12,10,2]]      10    1.0000       0.9778       0.9991       1.0000      
  A        [[16,14,2]]      14    1.0000       1.0000       1.0000       1.0000      
  A        [[20,18,2]]      18    1.0000       1.0000       1.0000       1.0000      
  A        [[24,22,2]]      22    1.0000       1.0000       1.0000       1.0000      
  B        [[4,2,2]]^1      2     1.0000       1.0000       1.0000       1.0000      
  B        [[4,2,2]]^2      4     0.3333       0.8333       0.9931       1.0000      
  B        [[4,2,2]]^3      6     0.2000       1.0000       1.0000       1.0000      
  B        [[4,2,2]]^4      8     0.1429       1.0000       1.0000       1.0000      
  B        [[4,2,2]]^5      10    0.1111       1.0000       1.0000       1.0000      
  B        [[4,2,2]]^6      12    0.0909       1.0000       1.0000       1.0000      
  B        [[4,2,2]]^8      16    0.0667       1.0000       1.0000       1.0000      
  B        [[4,2,2]]^10     20    0.0526       1.0000       1.0000       1.0000      
  B        [[4,2,2]]^12     24    0.0435       1.0000       1.0000       1.0000      
  C        [[5,1,3]]^1      1     0.0000       0.0000       0.0000       0.0000      
  C        [[5,1,3]]^2      2     0.0000       0.0000       0.8333       1.0000      
  C        [[5,1,3]]^3      3     0.0000       0.3333       0.8750       1.0000      
  C        [[5,1,3]]^4      4     0.0000       0.5000       0.9236       1.0000      
  C        [[5,1,3]]^5      5     0.0000       0.9000       0.9917       1.0000      
  C        [[5,1,3]]^6      6     0.0000       0.8667       0.9917       1.0000      
  C        [[5,1,3]]^8      8     0.0000       0.8214       0.9821       1.0000      
  C        [[5,1,3]]^10     10    0.0000       1.0000       1.0000       1.0000      
  C        [[5,1,3]]^12     12    0.0000       1.0000       1.0000       1.0000      

ORDER PARAMETER  ov_ncomp   -- canonical basis vs random-symplectic-basis ensemble
  family   carrier          k     canonical    ens_min      ens_mean     ens_max     
  ------------------------------------------------------------------------------------
  A        [[4,2,2]]        2     1            1            1.0000       1           
  A        [[6,4,2]]        4     1            1            1.0000       1           
  A        [[8,6,2]]        6     1            1            1.0000       1           
  A        [[10,8,2]]       8     1            1            1.0000       1           
  A        [[12,10,2]]      10    1            1            1.0000       1           
  A        [[16,14,2]]      14    1            1            1.0000       1           
  A        [[20,18,2]]      18    1            1            1.0000       1           
  A        [[24,22,2]]      22    1            1            1.0000       1           
  B        [[4,2,2]]^1      2     1            1            1.0000       1           
  B        [[4,2,2]]^2      4     2            1            1.0000       1           
  B        [[4,2,2]]^3      6     3            1            1.0000       1           
  B        [[4,2,2]]^4      8     4            1            1.0000       1           
  B        [[4,2,2]]^5      10    5            1            1.0000       1           
  B        [[4,2,2]]^6      12    6            1            1.0000       1           
  B        [[4,2,2]]^8      16    8            1            1.0000       1           
  B        [[4,2,2]]^10     20    10           1            1.0000       1           
  B        [[4,2,2]]^12     24    12           1            1.0000       1           
  C        [[5,1,3]]^1      1     1            1            1.0000       1           
  C        [[5,1,3]]^2      2     2            1            1.1667       2           
  C        [[5,1,3]]^3      3     3            1            1.1250       2           
  C        [[5,1,3]]^4      4     4            1            1.0417       2           
  C        [[5,1,3]]^5      5     5            1            1.0000       1           
  C        [[5,1,3]]^6      6     6            1            1.0000       1           
  C        [[5,1,3]]^8      8     8            1            1.0000       1           
  C        [[5,1,3]]^10     10    10           1            1.0000       1           
  C        [[5,1,3]]^12     12    12           1            1.0000       1           

ORDER PARAMETER  ov_giant   -- canonical basis vs random-symplectic-basis ensemble
  family   carrier          k     canonical    ens_min      ens_mean     ens_max     
  ------------------------------------------------------------------------------------
  A        [[4,2,2]]        2     1.0000       1.0000       1.0000       1.0000      
  A        [[6,4,2]]        4     1.0000       1.0000       1.0000       1.0000      
  A        [[8,6,2]]        6     1.0000       1.0000       1.0000       1.0000      
  A        [[10,8,2]]       8     1.0000       1.0000       1.0000       1.0000      
  A        [[12,10,2]]      10    1.0000       1.0000       1.0000       1.0000      
  A        [[16,14,2]]      14    1.0000       1.0000       1.0000       1.0000      
  A        [[20,18,2]]      18    1.0000       1.0000       1.0000       1.0000      
  A        [[24,22,2]]      22    1.0000       1.0000       1.0000       1.0000      
  B        [[4,2,2]]^1      2     1.0000       1.0000       1.0000       1.0000      
  B        [[4,2,2]]^2      4     0.5000       1.0000       1.0000       1.0000      
  B        [[4,2,2]]^3      6     0.3333       1.0000       1.0000       1.0000      
  B        [[4,2,2]]^4      8     0.2500       1.0000       1.0000       1.0000      
  B        [[4,2,2]]^5      10    0.2000       1.0000       1.0000       1.0000      
  B        [[4,2,2]]^6      12    0.1667       1.0000       1.0000       1.0000      
  B        [[4,2,2]]^8      16    0.1250       1.0000       1.0000       1.0000      
  B        [[4,2,2]]^10     20    0.1000       1.0000       1.0000       1.0000      
  B        [[4,2,2]]^12     24    0.0833       1.0000       1.0000       1.0000      
  C        [[5,1,3]]^1      1     1.0000       1.0000       1.0000       1.0000      
  C        [[5,1,3]]^2      2     0.5000       0.5000       0.9167       1.0000      
  C        [[5,1,3]]^3      3     0.3333       0.6667       0.9583       1.0000      
  C        [[5,1,3]]^4      4     0.2500       0.7500       0.9896       1.0000      
  C        [[5,1,3]]^5      5     0.2000       1.0000       1.0000       1.0000      
  C        [[5,1,3]]^6      6     0.1667       1.0000       1.0000       1.0000      
  C        [[5,1,3]]^8      8     0.1250       1.0000       1.0000       1.0000      
  C        [[5,1,3]]^10     10    0.1000       1.0000       1.0000       1.0000      
  C        [[5,1,3]]^12     12    0.0833       1.0000       1.0000       1.0000      

ORDER PARAMETER  ov_clus   -- canonical basis vs random-symplectic-basis ensemble
  family   carrier          k     canonical    ens_min      ens_mean     ens_max     
  ------------------------------------------------------------------------------------
  A        [[4,2,2]]        2     0.0000       0.0000       0.0000       0.0000      
  A        [[6,4,2]]        4     1.0000       0.0000       0.8625       1.0000      
  A        [[8,6,2]]        6     1.0000       0.7895       0.9649       1.0000      
  A        [[10,8,2]]       8     1.0000       0.9310       0.9955       1.0000      
  A        [[12,10,2]]      10    1.0000       0.9767       0.9990       1.0000      
  A        [[16,14,2]]      14    1.0000       1.0000       1.0000       1.0000      
  A        [[20,18,2]]      18    1.0000       1.0000       1.0000       1.0000      
  A        [[24,22,2]]      22    1.0000       1.0000       1.0000       1.0000      
  B        [[4,2,2]]^1      2     0.0000       0.0000       0.0000       0.0000      
  B        [[4,2,2]]^2      4     0.0000       0.7500       0.9896       1.0000      
  B        [[4,2,2]]^3      6     0.0000       1.0000       1.0000       1.0000      
  B        [[4,2,2]]^4      8     0.0000       1.0000       1.0000       1.0000      
  B        [[4,2,2]]^5      10    0.0000       1.0000       1.0000       1.0000      
  B        [[4,2,2]]^6      12    0.0000       1.0000       1.0000       1.0000      
  B        [[4,2,2]]^8      16    0.0000       1.0000       1.0000       1.0000      
  B        [[4,2,2]]^10     20    0.0000       1.0000       1.0000       1.0000      
  B        [[4,2,2]]^12     24    0.0000       1.0000       1.0000       1.0000      
  C        [[5,1,3]]^1      1     0.0000       0.0000       0.0000       0.0000      
  C        [[5,1,3]]^2      2     0.0000       0.0000       0.0000       0.0000      
  C        [[5,1,3]]^3      3     0.0000       0.0000       0.7500       1.0000      
  C        [[5,1,3]]^4      4     0.0000       0.6000       0.9292       1.0000      
  C        [[5,1,3]]^5      5     0.0000       0.8750       0.9896       1.0000      
  C        [[5,1,3]]^6      6     0.0000       0.8667       0.9912       1.0000      
  C        [[5,1,3]]^8      8     0.0000       0.9111       0.9867       1.0000      
  C        [[5,1,3]]^10     10    0.0000       1.0000       1.0000       1.0000      
  C        [[5,1,3]]^12     12    0.0000       1.0000       1.0000       1.0000      

ORDER PARAMETER  ov_lapgap   -- canonical basis vs random-symplectic-basis ensemble
  family   carrier          k     canonical    ens_min      ens_mean     ens_max     
  ------------------------------------------------------------------------------------
  A        [[4,2,2]]        2     2.0000       2.0000       2.0000       2.0000      
  A        [[6,4,2]]        4     4.0000       0.5858       3.1077       4.0000      
  A        [[8,6,2]]        6     6.0000       2.5858       5.2327       6.0000      
  A        [[10,8,2]]       8     8.0000       5.0000       7.7917       8.0000      
  A        [[12,10,2]]      10    10.0000      8.0000       9.9167       10.0000     
  A        [[16,14,2]]      14    14.0000      14.0000      14.0000      14.0000     
  A        [[20,18,2]]      18    18.0000      18.0000      18.0000      18.0000     
  A        [[24,22,2]]      22    22.0000      22.0000      22.0000      22.0000     
  B        [[4,2,2]]^1      2     2.0000       2.0000       2.0000       2.0000      
  B        [[4,2,2]]^2      4     0.0000       2.0000       3.9167       4.0000      
  B        [[4,2,2]]^3      6     0.0000       6.0000       6.0000       6.0000      
  B        [[4,2,2]]^4      8     0.0000       8.0000       8.0000       8.0000      
  B        [[4,2,2]]^5      10    0.0000       10.0000      10.0000      10.0000     
  B        [[4,2,2]]^6      12    0.0000       12.0000      12.0000      12.0000     
  B        [[4,2,2]]^8      16    0.0000       16.0000      16.0000      16.0000     
  B        [[4,2,2]]^10     20    0.0000       20.0000      20.0000      20.0000     
  B        [[4,2,2]]^12     24    0.0000       24.0000      24.0000      24.0000     
  C        [[5,1,3]]^1      1     0.0000       0.0000       0.0000       0.0000      
  C        [[5,1,3]]^2      2     0.0000       0.0000       1.6667       2.0000      
  C        [[5,1,3]]^3      3     0.0000       0.0000       2.3750       3.0000      
  C        [[5,1,3]]^4      4     0.0000       0.0000       3.2917       4.0000      
  C        [[5,1,3]]^5      5     0.0000       3.0000       4.8333       5.0000      
  C        [[5,1,3]]^6      6     0.0000       3.0000       5.7917       6.0000      
  C        [[5,1,3]]^8      8     0.0000       2.0000       7.2917       8.0000      
  C        [[5,1,3]]^10     10    0.0000       10.0000      10.0000      10.0000     
  C        [[5,1,3]]^12     12    0.0000       12.0000      12.0000      12.0000     

ORDER PARAMETER  cf2_edgefrac   -- canonical basis vs random-symplectic-basis ensemble
  family   carrier          k     canonical    ens_min      ens_mean     ens_max     
  ------------------------------------------------------------------------------------
  A        [[4,2,2]]        2     1.0000       0.0000       0.9583       1.0000      
  A        [[6,4,2]]        4     0.5000       0.8333       0.9861       1.0000      
  A        [[8,6,2]]        6     0.3333       1.0000       1.0000       1.0000      
  A        [[10,8,2]]       8     0.2500       0.9643       0.9985       1.0000      
  A        [[12,10,2]]      10    0.2000       1.0000       1.0000       1.0000      
  A        [[16,14,2]]      14    0.1429       1.0000       1.0000       1.0000      
  A        [[20,18,2]]      18    0.1111       1.0000       1.0000       1.0000      
  A        [[24,22,2]]      22    0.0909       1.0000       1.0000       1.0000      
  B        [[4,2,2]]^1      2     1.0000       0.0000       0.9167       1.0000      
  B        [[4,2,2]]^2      4     0.3333       0.6667       0.9514       1.0000      
  B        [[4,2,2]]^3      6     0.2000       1.0000       1.0000       1.0000      
  B        [[4,2,2]]^4      8     0.1429       1.0000       1.0000       1.0000      
  B        [[4,2,2]]^5      10    0.1111       1.0000       1.0000       1.0000      
  B        [[4,2,2]]^6      12    0.0909       0.9848       0.9994       1.0000      
  B        [[4,2,2]]^8      16    0.0667       1.0000       1.0000       1.0000      
  B        [[4,2,2]]^10     20    0.0526       1.0000       1.0000       1.0000      
  B        [[4,2,2]]^12     24    0.0435       1.0000       1.0000       1.0000      
  C        [[5,1,3]]^1      1     0.0000       0.0000       0.0000       0.0000      
  C        [[5,1,3]]^2      2     0.0000       0.0000       0.0000       0.0000      
  C        [[5,1,3]]^3      3     0.0000       0.0000       0.0000       0.0000      
  C        [[5,1,3]]^4      4     0.0000       0.0000       0.0000       0.0000      
  C        [[5,1,3]]^5      5     0.0000       0.0000       0.0000       0.0000      
  C        [[5,1,3]]^6      6     0.0000       0.0000       0.0000       0.0000      
  C        [[5,1,3]]^8      8     0.0000       0.0000       0.0000       0.0000      
  C        [[5,1,3]]^10     10    0.0000       0.0000       0.0000       0.0000      
  C        [[5,1,3]]^12     12    0.0000       0.0000       0.0000       0.0000      

ORDER PARAMETER  cf2_ncomp   -- canonical basis vs random-symplectic-basis ensemble
  family   carrier          k     canonical    ens_min      ens_mean     ens_max     
  ------------------------------------------------------------------------------------
  A        [[4,2,2]]        2     1            1            1.0417       2           
  A        [[6,4,2]]        4     1            1            1.0000       1           
  A        [[8,6,2]]        6     1            1            1.0000       1           
  A        [[10,8,2]]       8     1            1            1.0000       1           
  A        [[12,10,2]]      10    1            1            1.0000       1           
  A        [[16,14,2]]      14    1            1            1.0000       1           
  A        [[20,18,2]]      18    1            1            1.0000       1           
  A        [[24,22,2]]      22    1            1            1.0000       1           
  B        [[4,2,2]]^1      2     1            1            1.0833       2           
  B        [[4,2,2]]^2      4     2            1            1.0000       1           
  B        [[4,2,2]]^3      6     3            1            1.0000       1           
  B        [[4,2,2]]^4      8     4            1            1.0000       1           
  B        [[4,2,2]]^5      10    5            1            1.0000       1           
  B        [[4,2,2]]^6      12    6            1            1.0000       1           
  B        [[4,2,2]]^8      16    8            1            1.0000       1           
  B        [[4,2,2]]^10     20    10           1            1.0000       1           
  B        [[4,2,2]]^12     24    12           1            1.0000       1           
  C        [[5,1,3]]^1      1     1            1            1.0000       1           
  C        [[5,1,3]]^2      2     2            2            2.0000       2           
  C        [[5,1,3]]^3      3     3            3            3.0000       3           
  C        [[5,1,3]]^4      4     4            4            4.0000       4           
  C        [[5,1,3]]^5      5     5            5            5.0000       5           
  C        [[5,1,3]]^6      6     6            6            6.0000       6           
  C        [[5,1,3]]^8      8     8            8            8.0000       8           
  C        [[5,1,3]]^10     10    10           10           10.0000      10          
  C        [[5,1,3]]^12     12    12           12           12.0000      12          

ORDER PARAMETER  cf2_giant   -- canonical basis vs random-symplectic-basis ensemble
  family   carrier          k     canonical    ens_min      ens_mean     ens_max     
  ------------------------------------------------------------------------------------
  A        [[4,2,2]]        2     1.0000       0.5000       0.9792       1.0000      
  A        [[6,4,2]]        4     1.0000       1.0000       1.0000       1.0000      
  A        [[8,6,2]]        6     1.0000       1.0000       1.0000       1.0000      
  A        [[10,8,2]]       8     1.0000       1.0000       1.0000       1.0000      
  A        [[12,10,2]]      10    1.0000       1.0000       1.0000       1.0000      
  A        [[16,14,2]]      14    1.0000       1.0000       1.0000       1.0000      
  A        [[20,18,2]]      18    1.0000       1.0000       1.0000       1.0000      
  A        [[24,22,2]]      22    1.0000       1.0000       1.0000       1.0000      
  B        [[4,2,2]]^1      2     1.0000       0.5000       0.9583       1.0000      
  B        [[4,2,2]]^2      4     0.5000       1.0000       1.0000       1.0000      
  B        [[4,2,2]]^3      6     0.3333       1.0000       1.0000       1.0000      
  B        [[4,2,2]]^4      8     0.2500       1.0000       1.0000       1.0000      
  B        [[4,2,2]]^5      10    0.2000       1.0000       1.0000       1.0000      
  B        [[4,2,2]]^6      12    0.1667       1.0000       1.0000       1.0000      
  B        [[4,2,2]]^8      16    0.1250       1.0000       1.0000       1.0000      
  B        [[4,2,2]]^10     20    0.1000       1.0000       1.0000       1.0000      
  B        [[4,2,2]]^12     24    0.0833       1.0000       1.0000       1.0000      
  C        [[5,1,3]]^1      1     1.0000       1.0000       1.0000       1.0000      
  C        [[5,1,3]]^2      2     0.5000       0.5000       0.5000       0.5000      
  C        [[5,1,3]]^3      3     0.3333       0.3333       0.3333       0.3333      
  C        [[5,1,3]]^4      4     0.2500       0.2500       0.2500       0.2500      
  C        [[5,1,3]]^5      5     0.2000       0.2000       0.2000       0.2000      
  C        [[5,1,3]]^6      6     0.1667       0.1667       0.1667       0.1667      
  C        [[5,1,3]]^8      8     0.1250       0.1250       0.1250       0.1250      
  C        [[5,1,3]]^10     10    0.1000       0.1000       0.1000       0.1000      
  C        [[5,1,3]]^12     12    0.0833       0.0833       0.0833       0.0833      

ORDER PARAMETER  cf2_clus   -- canonical basis vs random-symplectic-basis ensemble
  family   carrier          k     canonical    ens_min      ens_mean     ens_max     
  ------------------------------------------------------------------------------------
  A        [[4,2,2]]        2     0.0000       0.0000       0.0000       0.0000      
  A        [[6,4,2]]        4     0.0000       0.7500       0.9792       1.0000      
  A        [[8,6,2]]        6     0.0000       1.0000       1.0000       1.0000      
  A        [[10,8,2]]       8     0.0000       0.9615       0.9984       1.0000      
  A        [[12,10,2]]      10    0.0000       1.0000       1.0000       1.0000      
  A        [[16,14,2]]      14    0.0000       1.0000       1.0000       1.0000      
  A        [[20,18,2]]      18    0.0000       1.0000       1.0000       1.0000      
  A        [[24,22,2]]      22    0.0000       1.0000       1.0000       1.0000      
  B        [[4,2,2]]^1      2     0.0000       0.0000       0.0000       0.0000      
  B        [[4,2,2]]^2      4     0.0000       0.6000       0.9354       1.0000      
  B        [[4,2,2]]^3      6     0.0000       1.0000       1.0000       1.0000      
  B        [[4,2,2]]^4      8     0.0000       1.0000       1.0000       1.0000      
  B        [[4,2,2]]^5      10    0.0000       1.0000       1.0000       1.0000      
  B        [[4,2,2]]^6      12    0.0000       0.9844       0.9993       1.0000      
  B        [[4,2,2]]^8      16    0.0000       1.0000       1.0000       1.0000      
  B        [[4,2,2]]^10     20    0.0000       1.0000       1.0000       1.0000      
  B        [[4,2,2]]^12     24    0.0000       1.0000       1.0000       1.0000      
  C        [[5,1,3]]^1      1     0.0000       0.0000       0.0000       0.0000      
  C        [[5,1,3]]^2      2     0.0000       0.0000       0.0000       0.0000      
  C        [[5,1,3]]^3      3     0.0000       0.0000       0.0000       0.0000      
  C        [[5,1,3]]^4      4     0.0000       0.0000       0.0000       0.0000      
  C        [[5,1,3]]^5      5     0.0000       0.0000       0.0000       0.0000      
  C        [[5,1,3]]^6      6     0.0000       0.0000       0.0000       0.0000      
  C        [[5,1,3]]^8      8     0.0000       0.0000       0.0000       0.0000      
  C        [[5,1,3]]^10     10    0.0000       0.0000       0.0000       0.0000      
  C        [[5,1,3]]^12     12    0.0000       0.0000       0.0000       0.0000      

ORDER PARAMETER  cf2_maxset   -- canonical basis vs random-symplectic-basis ensemble
  family   carrier          k     canonical    ens_min      ens_mean     ens_max     
  ------------------------------------------------------------------------------------
  A        [[4,2,2]]        2     2            1            1.9583       2           
  A        [[6,4,2]]        4     2            3            3.5833       4           
  A        [[8,6,2]]        6     2            4            5.2083       6           
  A        [[10,8,2]]       8     2            6            6.5833       8           
  A        [[12,10,2]]      10    2            7            8.1667       10          
  A        [[16,14,2]]      14    2            10           11.2500      13          
  A        [[20,18,2]]      18    2            12           13.6667      16          
  A        [[24,22,2]]      22    2            15           16.4167      19          
  B        [[4,2,2]]^1      2     2            1            1.9167       2           
  B        [[4,2,2]]^2      4     2            2            3.5000       4           
  B        [[4,2,2]]^3      6     2            4            5.1250       6           
  B        [[4,2,2]]^4      8     2            6            6.8333       8           
  B        [[4,2,2]]^5      10    2            7            8.0833       9           
  B        [[4,2,2]]^6      12    2            8            9.4167       11          
  B        [[4,2,2]]^8      16    2            10           12.2083      14          
  B        [[4,2,2]]^10     20    2            14           15.1250      17          
  B        [[4,2,2]]^12     24    2            16           17.7917      19          
  C        [[5,1,3]]^1      1     0            0            0.0000       0           
  C        [[5,1,3]]^2      2     0            0            0.0000       0           
  C        [[5,1,3]]^3      3     0            0            0.0000       0           
  C        [[5,1,3]]^4      4     0            0            0.0000       0           
  C        [[5,1,3]]^5      5     0            0            0.0000       0           
  C        [[5,1,3]]^6      6     0            0            0.0000       0           
  C        [[5,1,3]]^8      8     0            0            0.0000       0           
  C        [[5,1,3]]^10     10    0            0            0.0000       0           
  C        [[5,1,3]]^12     12    0            0            0.0000       0           

ORDER PARAMETER  cf2_maxsingle   -- canonical basis vs random-symplectic-basis ensemble
  family   carrier          k     canonical    ens_min      ens_mean     ens_max     
  ------------------------------------------------------------------------------------
  A        [[4,2,2]]        2     2            1            1.9583       2           
  A        [[6,4,2]]        4     2            3            3.9167       4           
  A        [[8,6,2]]        6     2            5            5.7917       6           
  A        [[10,8,2]]       8     2            7            7.5417       8           
  A        [[12,10,2]]      10    2            8            9.3750       10          
  A        [[16,14,2]]      14    2            12           13.0833      14          
  A        [[20,18,2]]      18    2            15           16.5417      18          
  A        [[24,22,2]]      22    2            18           19.6667      21          
  B        [[4,2,2]]^1      2     2            1            1.9167       2           
  B        [[4,2,2]]^2      4     2            3            3.7500       4           
  B        [[4,2,2]]^3      6     2            5            5.7917       6           
  B        [[4,2,2]]^4      8     2            7            7.6667       8           
  B        [[4,2,2]]^5      10    2            8            9.3333       10          
  B        [[4,2,2]]^6      12    2            10           11.0417      12          
  B        [[4,2,2]]^8      16    2            13           14.6250      16          
  B        [[4,2,2]]^10     20    2            17           18.3750      20          
  B        [[4,2,2]]^12     24    2            20           21.6667      24          
  C        [[5,1,3]]^1      1     0            0            0.0000       0           
  C        [[5,1,3]]^2      2     0            0            0.0000       0           
  C        [[5,1,3]]^3      3     0            0            0.0000       0           
  C        [[5,1,3]]^4      4     0            0            0.0000       0           
  C        [[5,1,3]]^5      5     0            0            0.0000       0           
  C        [[5,1,3]]^6      6     0            0            0.0000       0           
  C        [[5,1,3]]^8      8     0            0            0.0000       0           
  C        [[5,1,3]]^10     10    0            0            0.0000       0           
  C        [[5,1,3]]^12     12    0            0            0.0000       0           

ORDER PARAMETER  cf1_maxsingle   -- canonical basis vs random-symplectic-basis ensemble
  family   carrier          k     canonical    ens_min      ens_mean     ens_max     
  ------------------------------------------------------------------------------------
  A        [[4,2,2]]        2     0            0            0.0000       0           
  A        [[6,4,2]]        4     0            0            0.0000       0           
  A        [[8,6,2]]        6     0            0            0.0000       0           
  A        [[10,8,2]]       8     0            0            0.0000       0           
  A        [[12,10,2]]      10    0            0            0.0000       0           
  A        [[16,14,2]]      14    0            0            0.0000       0           
  A        [[20,18,2]]      18    0            0            0.0000       0           
  A        [[24,22,2]]      22    0            0            0.0000       0           
  B        [[4,2,2]]^1      2     0            0            0.0000       0           
  B        [[4,2,2]]^2      4     0            0            0.0000       0           
  B        [[4,2,2]]^3      6     0            0            0.0000       0           
  B        [[4,2,2]]^4      8     0            0            0.0000       0           
  B        [[4,2,2]]^5      10    0            0            0.0000       0           
  B        [[4,2,2]]^6      12    0            0            0.0000       0           
  B        [[4,2,2]]^8      16    0            0            0.0000       0           
  B        [[4,2,2]]^10     20    0            0            0.0000       0           
  B        [[4,2,2]]^12     24    0            0            0.0000       0           
  C        [[5,1,3]]^1      1     0            0            0.0000       0           
  C        [[5,1,3]]^2      2     0            0            0.0000       0           
  C        [[5,1,3]]^3      3     0            0            0.0000       0           
  C        [[5,1,3]]^4      4     0            0            0.0000       0           
  C        [[5,1,3]]^5      5     0            0            0.0000       0           
  C        [[5,1,3]]^6      6     0            0            0.0000       0           
  C        [[5,1,3]]^8      8     0            0            0.0000       0           
  C        [[5,1,3]]^10     10    0            0            0.0000       0           
  C        [[5,1,3]]^12     12    0            0            0.0000       0           
total 99.0s
