======================================================================================================================================================
S6  ONSET OF LOCAL WRITABILITY vs k AT FIXED CARRIER SIZE n  (random stabiliser ensemble)
======================================================================================================================================================
  ... n=10 done  t=8.1s
  ... n=12 done  t=25.1s
  ... n=16 done  t=81.9s
  ... n=20 done  t=233.8s
  ... n=24 done  t=531.0s

  D-18 SPOT CHECKS on the random ensemble (record family built and re-checked):
     n=10  k=1    family size correct=True    symbolic self-checks=True
     n=10  k=5    family size correct=True    symbolic self-checks=True
     n=10  k=9    family size correct=True    symbolic self-checks=True
     n=12  k=1    family size correct=True    symbolic self-checks=True
     n=12  k=6    family size correct=True    symbolic self-checks=True
     n=12  k=11   family size correct=True    symbolic self-checks=True
     n=16  k=1    family size correct=True    symbolic self-checks=True
     n=16  k=8    family size correct=True    symbolic self-checks=True
     n=16  k=15   family size correct=True    symbolic self-checks=True
     n=20  k=1    family size correct=True    symbolic self-checks=True
     n=20  k=10   family size correct=True    symbolic self-checks=True
     n=20  k=19   family size correct=True    symbolic self-checks=True
     n=24  k=1    family size correct=True    symbolic self-checks=True
     n=24  k=12   family size correct=True    symbolic self-checks=True
     n=24  k=23   family size correct=True    symbolic self-checks=True

TABLE  fraction of random carriers in which ONE region of r sites can write ANY record
       (0.0 = clause (v) holds at radius r for every carrier in the ensemble)
  n     k     k/n     P(reach1>0)   P(reach2>0)   P(reach3>0)   mean_reach1   mean_reach2   mean_reach3  
  --------------------------------------------------------------------------------------------------------
  10    1     0.100   0.062         0.500         1.000         0.062         0.500         1.062        
  10    2     0.200   0.125         0.812         1.000         0.125         0.812         1.375        
  10    3     0.300   0.062         1.000         1.000         0.062         1.062         1.812        
  10    4     0.400   0.500         1.000         1.000         0.500         1.188         2.312        
  10    5     0.500   0.500         1.000         1.000         0.500         1.562         2.812        
  10    6     0.600   1.000         1.000         1.000         1.062         2.062         3.438        
  10    7     0.700   1.000         1.000         1.000         1.000         2.375         4.062        
  10    8     0.800   1.000         1.000         1.000         1.438         3.062         4.938        
  10    9     0.900   1.000         1.000         1.000         1.938         3.750         5.438        
  12    1     0.083   0.062         0.312         0.750         0.062         0.312         0.750        
  12    2     0.167   0.000         0.375         0.875         0.000         0.375         0.875        
  12    3     0.250   0.000         0.438         1.000         0.000         0.438         1.188        
  12    4     0.333   0.250         0.812         1.000         0.250         0.875         1.375        
  12    5     0.417   0.312         1.000         1.000         0.312         1.062         1.875        
  12    6     0.500   0.625         1.000         1.000         0.625         1.438         2.438        
  12    7     0.583   0.625         1.000         1.000         0.625         1.750         2.938        
  12    8     0.667   1.000         1.000         1.000         1.062         2.188         3.562        
  12    9     0.750   1.000         1.000         1.000         1.125         2.625         4.125        
  12    10    0.833   1.000         1.000         1.000         1.500         3.125         5.000        
  12    11    0.917   1.000         1.000         1.000         1.938         3.875         5.312        
  16    1     0.062   0.000         0.188         0.250         0.000         0.188         0.250        
  16    2     0.125   0.000         0.062         0.188         0.000         0.062         0.188        
  16    3     0.188   0.000         0.125         0.562         0.000         0.125         0.562        
  16    4     0.250   0.000         0.250         0.438         0.000         0.250         0.438        
  16    5     0.312   0.062         0.562         0.812         0.062         0.562         0.812        
  16    6     0.375   0.062         0.562         1.000         0.062         0.562         1.000        
  16    7     0.438   0.188         1.000         1.000         0.188         1.062         1.250        
  16    8     0.500   0.188         1.000         1.000         0.188         1.000         1.625        
  16    9     0.562   0.188         1.000         1.000         0.188         1.125         2.000        
  16    10    0.625   0.500         1.000         1.000         0.500         1.562         2.312        
  16    11    0.688   0.750         1.000         1.000         0.750         2.000         2.875        
  16    12    0.750   1.000         1.000         1.000         1.000         2.125         3.438        
  16    13    0.812   1.000         1.000         1.000         1.312         2.875         4.000        
  16    14    0.875   1.000         1.000         1.000         1.625         3.312         4.875        
  16    15    0.938   1.000         1.000         1.000         2.000         3.938         5.438        
  20    1     0.050   0.000         0.000         0.000         0.000         0.000         0.000        
  20    2     0.100   0.000         0.000         0.000         0.000         0.000         0.000        
  20    3     0.150   0.000         0.000         0.000         0.000         0.000         0.000        
  20    4     0.200   0.000         0.125         0.000         0.000         0.125         0.000        
  20    5     0.250   0.000         0.062         0.125         0.000         0.062         0.125        
  20    6     0.300   0.000         0.000         0.312         0.000         0.000         0.312        
  20    7     0.350   0.000         0.188         0.750         0.000         0.188         0.750        
  20    8     0.400   0.000         0.562         0.688         0.000         0.562         0.688        
  20    9     0.450   0.000         0.500         0.812         0.000         0.500         0.875        
  20    10    0.500   0.062         0.875         0.938         0.062         0.875         1.000        
  20    11    0.550   0.000         0.938         1.000         0.000         0.938         1.438        
  20    12    0.600   0.188         1.000         1.000         0.188         1.062         1.438        
  20    13    0.650   0.438         1.000         1.000         0.438         1.250         2.062        
  20    14    0.700   0.500         1.000         1.000         0.500         1.688         2.312        
  20    15    0.750   0.875         1.000         1.000         0.875         2.000         3.000        
  20    16    0.800   0.875         1.000         1.000         0.938         2.312         3.438        
  20    17    0.850   1.000         1.000         1.000         1.375         3.062         4.125        
  20    18    0.900   1.000         1.000         1.000         1.625         3.500         4.938        
  20    19    0.950   1.000         1.000         1.000         2.000         4.000         5.438        
  24    1     0.042   0.000         0.000         0.000         0.000         0.000         0.000        
  24    2     0.083   0.000         0.000         0.000         0.000         0.000         0.000        
  24    3     0.125   0.000         0.000         0.000         0.000         0.000         0.000        
  24    4     0.167   0.000         0.000         0.000         0.000         0.000         0.000        
  24    5     0.208   0.000         0.000         0.000         0.000         0.000         0.000        
  24    6     0.250   0.000         0.000         0.000         0.000         0.000         0.000        
  24    7     0.292   0.000         0.062         0.062         0.000         0.062         0.062        
  24    8     0.333   0.000         0.000         0.188         0.000         0.000         0.188        
  24    9     0.375   0.000         0.125         0.125         0.000         0.125         0.125        
  24    10    0.417   0.000         0.125         0.438         0.000         0.125         0.438        
  24    11    0.458   0.000         0.250         0.375         0.000         0.250         0.375        
  24    12    0.500   0.062         0.438         0.812         0.062         0.438         0.812        
  24    13    0.542   0.000         0.812         0.938         0.000         0.812         0.938        
  24    14    0.583   0.062         0.812         1.000         0.062         0.875         1.062        
  24    15    0.625   0.062         1.000         1.000         0.062         1.000         1.250        
  24    16    0.667   0.250         1.000         1.000         0.250         1.062         1.562        
  24    17    0.708   0.438         1.000         1.000         0.438         1.250         2.000        
  24    18    0.750   0.875         1.000         1.000         0.875         1.812         2.438        
  24    19    0.792   0.812         1.000         1.000         0.812         2.125         2.938        
  24    20    0.833   1.000         1.000         1.000         1.125         2.312         3.312        
  24    21    0.875   1.000         1.000         1.000         1.188         3.062         4.062        
  24    22    0.917   1.000         1.000         1.000         1.688         3.375         4.938        
  24    23    0.958   1.000         1.000         1.000         2.000         4.000         5.562        

POSITIVE CONTROL in the same table -- the structured families, where reach_2 > 0 always:
  carrier          n     k     reach1        reach2        reach3       
  ----------------------------------------------------------------------
  [[4,2,2]]        4     2     0             2             4            
  [[8,6,2]]        8     6     0             2             4            
  [[12,10,2]]      12    10    0             2             4            
  [[16,14,2]]      16    14    0             2             4            
  [[4,2,2]]^1      4     2     0             2             4            
  [[4,2,2]]^2      8     4     0             2             4            
  [[4,2,2]]^4      16    8     0             2             4            
  [[4,2,2]]^6      24    12    0             2             4            
  [[5,1,3]]^1      5     1     0             0             2            
  [[5,1,3]]^2      10    2     0             0             2            
  [[5,1,3]]^3      15    3     0             0             2            
  [[5,1,3]]^4      20    4     0             0             2            

ONSET k*(n, r) = SMALLEST k at which more than half the ensemble has reach_r > 0.
  D-17 READ: if k* is the SAME NUMBER at every n it is a RECORD-COUNT threshold;
            if k*/n is the same FRACTION at every n it is a DENSITY threshold.
  n     r     k*       k*/n     
  --------------------------------
  10    1     6        0.600    
  10    2     2        0.200    
  10    3     1        0.100    
  12    1     6        0.500    
  12    2     4        0.333    
  12    3     1        0.083    
  16    1     11       0.688    
  16    2     5        0.312    
  16    3     3        0.188    
  20    1     15       0.750    
  20    2     8        0.400    
  20    3     7        0.350    
  24    1     18       0.750    
  24    2     13       0.542    
  24    3     12       0.500    
total 532.4s
