================================================================================================================================
E-7  J = MINIMAL-CROSSING NUMBER OF A RECORD PAIR -- EXACT, GAUGE-INVARIANT BY CONSTRUCTION
================================================================================================================================

J1-J3   EXACT DISTRIBUTION OF J, AND THE PAIRS INVISIBLE TO THE F_2 PAIRING
--------------------------------------------------------------------------------------------------------------------------------
  n    k     pairs      exhaustive  exact distribution of J        J mod 2 == sp?   sp=0 but J>0       CTRL J(a,a) / pair
  4    2     105        YES         {0: 45, 1: 60}                 True             0                  0 / 1 OK        
  6    4     32385      YES         {0: 15705, 1: 16320, 2: 360}   True             360                0 / 1 OK        
  8    6     130816     sampled     {0: 40888, 1: 64945, 2: 24983} True             24983              0 / 1 OK        
  10   8     130816     sampled     {0: 30509, 1: 59809, 2: 37440, 3: 3058} True             37440              0 / 1 OK        
  12   10    130816     sampled     {0: 33431, 1: 46105, 2: 38831, 3: 12309, 4: 140} True             38971              0 / 1 OK        
  14   12    130816     sampled     {0: 45987, 1: 34412, 2: 32895, 3: 15564, 4: 1958} True             34853              0 / 1 OK        
  16   14    130816     sampled     {0: 69636, 1: 24616, 2: 23436, 3: 10076, 4: 2929, 5: 123} True             26365              0 / 1 OK        

J4   DOES J GROW WITH n?  (form, not magnitude -- scale-free and so survives the weakness objection)
--------------------------------------------------------------------------------------------------------------------------------
  n     max J     max J / n     mean J          frac(sp=0, J>0)   growth vs previous n    
  4     1         0.2500        0.5714          0.0000            -                       
  6     2         0.3333        0.5262          0.0111            max J +1, mean J -0.0453
  8     2         0.2500        0.8784          0.1910            max J +0, mean J +0.3522
  10    3         0.3000        1.0997          0.2862            max J +1, mean J +0.2213
  12    4         0.3333        1.2327          0.2979            max J +1, mean J +0.1329
  14    4         0.2857        1.1828          0.2664            max J +0, mean J -0.0499
  16    5         0.3125        0.8718          0.2015            max J +1, mean J -0.3110

J5   SEPARATION.  m disjoint [[n0,n0-2,2]] blocks: J for a cross-block pair, exactly.
--------------------------------------------------------------------------------------------------------------------------------
  n0    m    n      sep d     J values at this separation verdict                 
  4     2    8      0         [0, 1]                   CTRL: on-block, non-zero present
  4     2    8      1         [0]                      EXACTLY ZERO at every pair
  4     3    12     0         [0, 1]                   CTRL: on-block, non-zero present
  4     3    12     1         [0]                      EXACTLY ZERO at every pair
  4     3    12     2         [0]                      EXACTLY ZERO at every pair
  4     4    16     0         [0, 1]                   CTRL: on-block, non-zero present
  4     4    16     1         [0]                      EXACTLY ZERO at every pair
  4     4    16     2         [0]                      EXACTLY ZERO at every pair
  4     4    16     3         [0]                      EXACTLY ZERO at every pair
  6     2    12     0         [0, 1]                   CTRL: on-block, non-zero present
  6     2    12     1         [0]                      EXACTLY ZERO at every pair
  6     3    18     0         [0, 1]                   CTRL: on-block, non-zero present
  6     3    18     1         [0]                      EXACTLY ZERO at every pair
  6     3    18     2         [0]                      EXACTLY ZERO at every pair
  6     4    24     0         [0, 1]                   CTRL: on-block, non-zero present
  6     4    24     1         [0]                      EXACTLY ZERO at every pair
  6     4    24     2         [0]                      EXACTLY ZERO at every pair
  6     4    24     3         [0]                      EXACTLY ZERO at every pair

================================================================================================================================
  E-7 SUMMARY
================================================================================================================================
  J is EXACTLY ZERO for a record with itself and for every cross-region pair, at every
  separation d >= 1, at every block size and block count tested.
  J is EXACTLY NON-ZERO, and NOT visible to the F_2 pairing, on the pair counts in J3.
================================================================================================================================
