============================================================================================================
S2  FAST PATH vs record_model -- exactness check
============================================================================================================

H_int = lam * sum_ij W[i,j] R_i (x) X_j handed to record_model.evolve as a full operator.
lam = 0.8, bath energies (1.0, 1.4, 0.7, 1.1), beta = 2.0, weights = 'crowded' (generic, column-normalised)

  n   k  nq  dim_tot     t   fragment  rec |   chi model    chi fast     |diff| |  pair model   pair fast     |diff| |  par model   par fast     |diff|
----------------------------------------------------------------------------------------------------------------------------------------------------------------
  4   2   4      256   2.0        [0]    0 |   0.0000045   0.0000045   2.00e-15 |   0.4304359   0.4304359   5.55e-17 |  0.0000020  0.0000020   1.33e-15
  4   2   4      256   2.0        [1]    0 |   0.0731766   0.0731766   1.50e-15 |   0.1015656   0.1015656   1.67e-15 |  0.0069358  0.0069358   8.05e-16
  4   2   4      256   2.0     [0, 1]    0 |   0.0782132   0.0782132   2.89e-15 |   0.5193700   0.5193700   1.89e-15 |  0.0477679  0.0477679   2.44e-15
  4   2   4      256   2.0 [0, 1, 2, 3]    0 |   0.6034253   0.6034253   3.11e-15 |   1.1002257   1.1002257   6.66e-16 |  0.3057981  0.3057981   1.11e-15
  4   2   4      256   5.0        [0]    0 |   0.0000969   0.0000969   1.92e-15 |   0.0300965   0.0300965   1.42e-15 |  0.0000122  0.0000122   1.22e-15
  4   2   4      256   5.0        [1]    0 |   0.1545960   0.1545960   2.16e-15 |   0.5756225   0.5756225   3.22e-15 |  0.0072893  0.0072893   8.88e-16
  4   2   4      256   5.0     [0, 1]    0 |   0.1579266   0.1579266   2.00e-15 |   0.5915027   0.5915027   1.33e-15 |  0.0144636  0.0144636   1.55e-15
  4   2   4      256   5.0 [0, 1, 2, 3]    0 |   0.6439828   0.6439828   1.55e-15 |   1.4500174   1.4500174   1.78e-15 |  0.5543352  0.5543352   4.44e-16
  4   2   4      256   9.0        [0]    0 |   0.0001194   0.0001194   1.67e-15 |   0.7488419   0.7488419   4.44e-16 |  0.0000325  0.0000325   1.55e-15
  4   2   4      256   9.0        [1]    0 |   0.1626516   0.1626516   3.39e-15 |   0.2656572   0.2656572   5.88e-15 |  0.0143172  0.0143172   1.72e-15
  4   2   4      256   9.0     [0, 1]    0 |   0.1900596   0.1900596   4.55e-15 |   0.9558103   0.9558103   5.22e-15 |  0.1588245  0.1588245   1.67e-15
  4   2   4      256   9.0 [0, 1, 2, 3]    0 |   0.7225521   0.7225521   8.88e-15 |   1.6320132   1.6320132   5.33e-15 |  0.6791321  0.6791321   6.00e-15
  4   2   6     1024   3.0        [0]    0 |   0.0009430   0.0009430   1.11e-16 |   0.5378227   0.5378227   4.00e-15 |  0.0011661  0.0011661   7.77e-16
  4   2   6     1024   3.0        [1]    0 |   0.0501987   0.0501987   1.11e-16 |   0.7206072   0.7206072   0.00e+00 |  0.0152812  0.0152812   9.99e-16
  4   2   6     1024   3.0     [0, 1]    0 |   0.0806624   0.0806624   7.77e-16 |   0.9043686   0.9043686   1.33e-15 |  0.0664114  0.0664114   1.55e-15
  4   2   6     1024   3.0 [0, 1, 2, 3, 4, 5]    0 |   0.9146567   0.9146567   3.11e-15 |   1.8767334   1.8767334   4.44e-15 |  0.8831626  0.8831626   1.55e-15
  4   2   6     1024   8.0        [0]    0 |   0.0050450   0.0050450   2.22e-16 |   0.6293941   0.6293941   9.10e-15 |  0.0053361  0.0053361   3.33e-16
  4   2   6     1024   8.0        [1]    0 |   0.2340056   0.2340056   3.11e-15 |   0.5047012   0.5047012   1.33e-15 |  0.0765836  0.0765836   3.83e-15
  4   2   6     1024   8.0     [0, 1]    0 |   0.3112461   0.3112461   1.78e-15 |   1.0147682   1.0147682   6.22e-15 |  0.2668427  0.2668427   4.44e-16
  4   2   6     1024   8.0 [0, 1, 2, 3, 4, 5]    0 |   0.7736354   0.7736354   1.15e-14 |   1.6416121   1.6416121   6.66e-16 |  0.6916505  0.6916505   9.77e-15
  6   4   4     1024   2.0        [0]    0 |   0.0000016   0.0000016   7.49e-16 |   0.0059842   0.0059842   2.78e-17 |  0.0000004  0.0000004   1.11e-16
  6   4   4     1024   2.0        [1]    0 |   0.0042789   0.0042789   9.99e-16 |   0.0582267   0.0582267   4.44e-16 |  0.0124345  0.0124345   2.22e-16
  6   4   4     1024   2.0     [0, 1]    0 |   0.0073965   0.0073965   1.55e-15 |   0.0689758   0.0689758   8.88e-16 |  0.0141674  0.0141674   1.11e-16
  6   4   4     1024   2.0 [0, 1, 2, 3]    0 |   0.1594923   0.1594923   2.66e-15 |   0.3098892   0.3098892   3.55e-15 |  0.0814351  0.0814351   2.00e-15
  6   4   4     1024   5.0        [0]    0 |   0.0000078   0.0000078   1.22e-15 |   0.0982665   0.0982665   2.33e-15 |  0.0000015  0.0000015   5.55e-16
  6   4   4     1024   5.0        [1]    0 |   0.0411259   0.0411259   0.00e+00 |   0.1267654   0.1267654   1.33e-15 |  0.0190764  0.0190764   8.88e-16
  6   4   4     1024   5.0     [0, 1]    0 |   0.0485306   0.0485306   2.22e-16 |   0.2472021   0.2472021   3.11e-15 |  0.0434315  0.0434315   0.00e+00
  6   4   4     1024   5.0 [0, 1, 2, 3]    0 |   0.1438647   0.1438647   3.11e-15 |   0.5110701   0.5110701   1.78e-15 |  0.1497982  0.1497982   8.88e-16
  6   4   4     1024   9.0        [0]    0 |   0.0000007   0.0000007   3.33e-16 |   0.0469450   0.0469450   2.22e-16 |  0.0000002  0.0000002   2.22e-16
  6   4   4     1024   9.0        [1]    0 |   0.0378272   0.0378272   6.66e-16 |   0.0948111   0.0948111   3.33e-16 |  0.0003278  0.0003278   5.00e-16
  6   4   4     1024   9.0     [0, 1]    0 |   0.0575490   0.0575490   8.88e-16 |   0.1826836   0.1826836   0.00e+00 |  0.0086977  0.0086977   2.22e-16
  6   4   4     1024   9.0 [0, 1, 2, 3]    0 |   0.1982360   0.1982360   4.44e-15 |   0.6681719   0.6681719   4.22e-15 |  0.2234398  0.2234398   1.33e-15
  6   4   5     2048   4.0        [0]    0 |   0.0000006   0.0000006   9.99e-16 |   0.1472683   0.1472683   1.11e-16 |  0.0000009  0.0000009   2.22e-16
  6   4   5     2048   4.0        [1]    0 |   0.0486147   0.0486147   2.33e-15 |   0.0506090   0.0506090   4.44e-16 |  0.0009158  0.0009158   1.33e-15
  6   4   5     2048   4.0     [0, 1]    0 |   0.0542044   0.0542044   0.00e+00 |   0.2285917   0.2285917   5.55e-16 |  0.0379775  0.0379775   1.11e-16
  6   4   5     2048   4.0 [0, 1, 2, 3, 4]    0 |   0.2350778   0.2350778   4.44e-16 |   0.8101835   0.8101835   1.78e-15 |  0.3605667  0.3605667   4.44e-16
  8   6   4     4096   3.0        [0]    0 |   0.0000001   0.0000001   1.67e-15 |   0.0137393   0.0137393   1.55e-15 |  0.0000000  0.0000000   1.55e-15
  8   6   4     4096   3.0     [0, 1]    0 |   0.0049493   0.0049493   2.22e-16 |   0.0971822   0.0971822   2.22e-16 |  0.0012956  0.0012956   8.88e-16
  8   6   4     4096   3.0 [0, 1, 2, 3]    0 |   0.0504813   0.0504813   2.66e-15 |   0.2589893   0.2589893   2.22e-15 |  0.0398136  0.0398136   2.66e-15
----------------------------------------------------------------------------------------------------------------------------------------------------------------
MAX |diff| single-record chi : 1.155e-14
MAX |diff| pair chi          : 9.104e-15
MAX |diff| parity chi        : 9.770e-15
SELF-CHECK: PASSED -- the fast path IS record_model on this coupling class.

============================================================================================================
IS THE PARITY R_i R_j ITSELF A RECORD?  (D-18: nothing is called a record unchecked)
============================================================================================================
  n   k |  pairs (i,j)  (i) bit  (ii) durable  (iii) nontriv  (iv) writable
------------------------------------------------------------------------------
  4   2 |            1        1             1              1              1
  6   4 |            6        6             6              6              6
  8   6 |           15       15            15             15             15
READ: every pair product R_i R_j satisfies (i)-(iv) too -- the parity of two records is a
      record in its own right, so 'the environment holds the relation' is a statement about
      a bona fide record, not about a derived statistic.

============================================================================================================
CONTROL, RUN THROUGH THE FULL MODEL: TWO LITERALLY INDEPENDENT CARRIERS, DISJOINT BATHS
============================================================================================================
System = [[4,2,2]] (x) [[4,2,2]], H = H_A (x) I + I (x) H_B, dim 256.  Record 1 lives on
carrier A and couples ONLY to bath sites {0,1}; record 2 lives on carrier B and couples ONLY
to bath sites {2,3}.  No relation between the two records can exist in any fragment.

  composite eigenvalue multiplicities: [16, 64, 96, 64, 16]
  clause (ii) [Hc,RA]=0 : 0.00e+00   [Hc,RB]=0 : 0.00e+00
  clause (iii) RA True  RB True   clause (iv) RA True  RB True

    t   fragment |   chi(R1)   chi(R2)  chi(R1,R2)    SYNERGY  chi(parity) | READ
--------------------------------------------------------------------------------------------
