SELF-CHECK  Walsh group scan vs explicit-mask group scan: max |diff| = 1.582e-15 -> PASSED

============================================================================================================================================================
S6  MASTER TABLE -- one k-series from k = 1 to k = 10, nq = 6, lam = 0.8
============================================================================================================================================================

carrier used per k:  k=1->[[4,2,2]], k=2->[[4,2,2]], k=3->[[6,4,2]], k=4->[[6,4,2]], k=5->[[8,6,2]], k=6->[[8,6,2]], k=7->[[10,8,2]], k=8->[[10,8,2]], k=9->[[12,10,2]], k=10->[[12,10,2]]

  k      geom |   chi_wh chi_site  E=nq*rat  N1(.1)  R(.1)  R(.25) |  chi_ALL    sum_i |  exc site  d* site Nbet site | chi_d1 wh  chi_* wh   exc wh  d* wh  ratio wh
------------------------------------------------------------------------------------------------------------------------------------------------------------
  1   crowded |  0.97505  0.49881    3.0694   0.000  1.500   3.000 |  0.97505  0.97505 |  0.000000    1.000      0.00 |   0.97505   0.97505  0.00000    1.0    1.0000
  2   crowded |  0.81175  0.18402    1.3472   0.000  1.200   1.500 |  1.64088  1.62349 |  0.000159    1.167      0.17 |   0.85844   0.85844  0.00000    1.0    1.0000
  3   crowded |  0.64465  0.09287    0.8613   0.000  1.000   1.200 |  2.14285  1.93395 |  0.000000    1.000      0.00 |   0.67611   0.67611  0.00000    1.0    1.0000
  4   crowded |  0.48625  0.06749    0.7681   0.000  1.000   1.200 |  2.42379  1.94498 |  0.000592    1.167      0.17 |   0.67846   0.67846  0.00000    1.0    1.0000
  5   crowded |  0.36291  0.04432    0.6868   0.000  1.000   1.200 |  2.61432  1.81455 |  0.001081    1.333      0.33 |   0.54815   0.54815  0.00000    1.0    1.0000
  6   crowded |  0.23550  0.02667    0.6572   0.000  1.000   1.133 |  2.66789  1.41301 |  0.000000    1.000      0.00 |   0.32288   0.32288  0.00000    1.0    1.0000
  7   crowded |  0.18056  0.02175    0.6706   0.000  1.000   1.143 |  2.71705  1.26395 |  0.000000    1.000      0.00 |   0.28932   0.28932  0.00000    1.0    1.0000
  8   crowded |  0.13643  0.01769    0.7354   0.000  1.000   1.175 |  2.78873  1.09145 |  0.000000    1.000      0.00 |   0.23354   0.23354  0.00000    1.0    1.0000
  9   crowded |  0.10504  0.01433    0.7818   0.000  1.000   1.178 |  2.81225  0.94535 |  0.000000    1.000      0.00 |   0.17722   0.17722  0.00000    1.0    1.0000
 10   crowded |  0.08623  0.01240    0.8373   0.000  1.000   1.180 |  2.82466  0.86231 |  0.000000    1.000      0.00 |   0.15162   0.15162  0.00000    1.0    1.0000
------------------------------------------------------------------------------------------------------------------------------------------------------------
  1       sym |  0.97505  0.49881    3.0694   0.000  1.500   3.000 |  0.97505  0.97505 |  0.000000    1.000      0.00 |   0.97505   0.97505  0.00000    1.0    1.0000
  2       sym |  0.42292  0.13271    1.8827   0.000  1.200   1.500 |  1.24614  0.84584 |  0.010174    1.333      0.33 |   0.42292   0.75492  0.33200    2.0    1.7850
  3       sym |  0.25883  0.06556    1.5197   0.000  1.200   1.500 |  1.50572  0.77650 |  0.064707    3.000      1.00 |   0.25883   0.74856  0.48973    3.0    2.8921
  4       sym |  0.17522  0.04569    1.5647   0.000  1.200   1.500 |  1.52520  0.70088 |  0.005231    2.000      0.33 |   0.17522   0.57387  0.39866    4.0    3.2752
  5       sym |  0.13254  0.03297    1.4928   0.000  1.200   1.500 |  1.64995  0.66269 |  0.046615    5.000      1.00 |   0.13254   0.59831  0.46577    5.0    4.5143
  6       sym |  0.10559  0.02626    1.4923   0.000  1.200   1.500 |  1.64572  0.63354 |  0.004080    4.333      0.67 |   0.10559   0.46447  0.35888    6.0    4.3988
  7       sym |  0.08791  0.02171    1.4818   0.000  1.200   1.500 |  1.71726  0.61540 |  0.036833    7.000      1.00 |   0.08791   0.49105  0.40314    7.0    5.5856
  8       sym |  0.07555  0.01838    1.4595   0.000  1.200   1.500 |  1.71267  0.60444 |  0.005403    5.667      0.67 |   0.07555   0.39605  0.32050    8.0    5.2420
  9       sym |  0.06563  0.01569    1.4340   0.000  1.200   1.500 |  1.76344  0.59068 |  0.037379    9.000      1.00 |   0.06563   0.43814  0.37251    9.0    6.6759
 10       sym |  0.05867  0.01403    1.4345   0.000  1.200   1.500 |  1.75112  0.58666 |  0.004831    7.000      0.67 |   0.05867   0.34251  0.28384   10.0    5.8383
------------------------------------------------------------------------------------------------------------------------------------------------------------
  1  separate |  0.97505  0.49881    3.0694   0.000  1.500   3.000 |  0.97505  0.97505 |  0.000000    1.000      0.00 |   0.97505   0.97505  0.00000    1.0    1.0000
  2  separate |  0.85465  0.24940    1.7510   0.000  1.200   1.500 |  1.70930  1.70930 |  0.000000    1.000      0.00 |   0.85743   0.85743  0.00000    1.0    1.0000
  3  separate |  0.73271  0.16627    1.3617   0.000  1.067   1.500 |  2.19814  2.19814 |  0.000000    1.000      0.00 |   0.74371   0.74371  0.00000    1.0    1.0000
  4  separate |  0.60954  0.12470    1.1930   0.500  1.050   1.350 |  2.43817  2.43817 |  0.000000    1.000      0.00 |   0.72067   0.72067  0.00000    1.0    1.0000
  5  separate |  0.54911  0.09976    1.0654   0.800  1.000   1.260 |  2.74553  2.74553 |  0.000000    1.000      0.00 |   0.75606   0.75606  0.00000    1.0    1.0000
  6  separate |  0.49881  0.08313    1.0000   1.000  1.000   1.200 |  2.99285  2.99285 |  0.000000    1.000      0.00 |   0.53094   0.53094  0.00000    1.0    1.0000
  7  separate |  0.42755  0.07126    1.0000   1.714  1.000   1.200 |  2.99285  2.99285 |  0.000000    1.000      0.00 |   0.53094   0.53094  0.00000    1.0    1.0000
  8  separate |  0.37411  0.06235    1.0000   2.000  1.000   1.200 |  2.99285  2.99285 |  0.000000    1.000      0.00 |   0.53094   0.53094  0.00000    1.0    1.0000
  9  separate |  0.33254  0.05542    1.0000   2.667  1.000   1.200 |  2.99285  2.99285 |  0.000000    1.000      0.00 |   0.53094   0.53094  0.00000    1.0    1.0000
 10  separate |  0.29929  0.04988    1.0000   2.600  1.000   1.200 |  2.99285  2.99285 |  0.000000    1.000      0.00 |   0.53094   0.53094  0.00000    1.0    1.0000
------------------------------------------------------------------------------------------------------------------------------------------------------------

============================================================================================================================================================
TABLE J  BATH GROWN IN PROPORTION TO k AT CONSTANT SITES-PER-RECORD c = nq/k.
          This is the D-16 separation: c fixed removes the crowding of the bath, leaving only
          the record count.  Control column 'separate' in the same table.
============================================================================================================================================================
   c   k  nq | chi_wh crd chi_st crd    E crd R(.1) crd R(.25) crd | chi_wh sep chi_st sep    E sep R(.1) sep R(.25) sep
------------------------------------------------------------------------------------------------------------------------------------
   1   2   2 |    0.39649    0.22261   0.9696     1.000      1.000 |    0.49625    0.24813   1.0000     1.000      1.000
   1   4   4 |    0.26906    0.05271   0.7495     1.000      1.000 |    0.49853    0.12463   1.0000     1.000      1.083
   1   6   6 |    0.23550    0.02667   0.6572     1.000      1.133 |    0.49881    0.08313   1.0000     1.000      1.200
