============================================================================================================================================
S7  THE k-LADDER, PUSHED
============================================================================================================================================

memory budget for the 2^k x d x d conditional-state array: 0.5 GB; lam = 0.8;
25 times in [1,13]; bath energies as in common.py; beta = 2.0.

SELF-CHECK: the memory-lean scanner must reproduce group_scan_chi_fast exactly.
            max |diff| = 2.359e-16 -> PASSED

============================================================================================================================================
LADDER at nq = 6.  'crd' = generic crowded, 'sym' = equal magnitudes, 'sep' = CONTROL
============================================================================================================================================
  k        carrier  geom | chi_i site chi_i whole       E | chi_d1 site chi_* site  exc site d* site Nbet site | chi_d1 wh  chi_* wh   exc wh  d* wh ratio wh
--------------------------------------------------------------------------------------------------------------------------------------------------------
  2      [[4,2,2]]   cro |   0.184022    0.811747  1.3472 |    0.269802   0.269961  0.000159   1.167      0.17 |  0.858444  0.858444 0.000000    1.0   1.0000
  2      [[4,2,2]]   sym |   0.132707    0.422918  1.8827 |    0.132707   0.142881  0.010174   1.333      0.33 |  0.422918  0.754920 0.332002    2.0   1.7850
  2      [[4,2,2]]   sep |   0.249405    0.854651  1.7510 |    0.498809   0.498809  0.000000   1.000      0.00 |  0.857429  0.857429 0.000000    1.0   1.0000
--------------------------------------------------------------------------------------------------------------------------------------------------------
  4      [[6,4,2]]   cro |   0.067488    0.486246  0.7681 |    0.168971   0.169562  0.000592   1.167      0.17 |  0.678456  0.678456 0.000000    1.0   1.0000
  4      [[6,4,2]]   sym |   0.045695    0.175220  1.5647 |    0.045695   0.050925  0.005231   2.000      0.33 |  0.175220  0.573875 0.398655    4.0   3.2752
  4      [[6,4,2]]   sep |   0.124702    0.609544  1.1930 |    0.498809   0.498809  0.000000   1.000      0.00 |  0.720669  0.720669 0.000000    1.0   1.0000
--------------------------------------------------------------------------------------------------------------------------------------------------------
  6      [[8,6,2]]   cro |   0.026670    0.235502  0.6572 |    0.071079   0.071079  0.000000   1.000      0.00 |  0.322879  0.322879 0.000000    1.0   1.0000
  6      [[8,6,2]]   sym |   0.026262    0.105589  1.4923 |    0.026262   0.030342  0.004080   4.333      0.67 |  0.105589  0.464468 0.358878    6.0   4.3988
  6      [[8,6,2]]   sep |   0.083135    0.498809  1.0000 |    0.498809   0.498809  0.000000   1.000      0.00 |  0.530938  0.530938 0.000000    1.0   1.0000
--------------------------------------------------------------------------------------------------------------------------------------------------------
  8     [[10,8,2]]   cro |   0.017692    0.136431  0.7354 |    0.064695   0.064695  0.000000   1.000      0.00 |  0.233540  0.233540 0.000000    1.0   1.0000
  8     [[10,8,2]]   sym |   0.018379    0.075554  1.4595 |    0.018379   0.023782  0.005403   5.667      0.67 |  0.075554  0.396054 0.320499    8.0   5.2420
  8     [[10,8,2]]   sep |   0.062351    0.374107  1.0000 |    0.498809   0.498809  0.000000   1.000      0.00 |  0.530938  0.530938 0.000000    1.0   1.0000
--------------------------------------------------------------------------------------------------------------------------------------------------------
 10    [[12,10,2]]   cro |   0.012403    0.086231  0.8373 |    0.051319   0.051319  0.000000   1.000      0.00 |  0.151618  0.151618 0.000000    1.0   1.0000
 10    [[12,10,2]]   sym |   0.014026    0.058666  1.4345 |    0.014026   0.018857  0.004831   7.000      0.67 |  0.058666  0.342508 0.283842   10.0   5.8383
 10    [[12,10,2]]   sep |   0.049881    0.299285  1.0000 |    0.498809   0.498809  0.000000   1.000      0.00 |  0.530938  0.530938 0.000000    1.0   1.0000
--------------------------------------------------------------------------------------------------------------------------------------------------------
 12    [[14,12,2]]   cro |   0.010019    0.065097  0.9006 |    0.052983   0.052983  0.000000   1.000      0.00 |  0.146237  0.146237 0.000000    1.0   1.0000
 12    [[14,12,2]]   sym |   0.011370    0.047978  1.4219 |    0.011370   0.015752  0.004382  12.000      1.00 |  0.047978  0.309841 0.261863   12.0   6.4580
