==============================================================================================================
S3  HOLEVO ADDITIVITY  --  total chi about all records, SHARED bath vs SEPARATE baths
==============================================================================================================

--------------------------------------------------------------------------------------------------------------
VALIDATION 1  --  [BLOCH] against [MATRIX] for the crowding function chi(n)
--------------------------------------------------------------------------------------------------------------
n      chi(n) [MATRIX]        chi(n) [BLOCH]         |difference|  
1      0.52152730075953       0.52152730075953       2.220e-16     
2      0.13640868897176       0.13640868897176       8.327e-17     
3      0.07178321984410       0.07178321984410       0.000e+00     
5      0.03353045864216       0.03353045864216       6.939e-18     
9      0.01375854217041       0.01375854217041       5.378e-17     
17     0.00542112103598       0.00542112103598       8.674e-18     
max deviation 2.220e-16 -- PASS

--------------------------------------------------------------------------------------------------------------
VALIDATION 2  --  [ANALYTIC] against [DIRECT] joint-state simulation (5 time points)
              If this fails, nothing below may be read.
--------------------------------------------------------------------------------------------------------------
mode       m    nq   joint dim    readouts  sum chi DIRECT     sum chi ANALYTIC   max |diff|    
--------------------------------------------------------------------------------------------------------------
shared     1    3    32           all       1.032967883849     1.032967883849     1.055e-15     
shared     2    3    128          all       1.433159893143     1.433159893143     7.772e-16     
shared     3    3    512          all       0.874881850157     0.874881850157     9.714e-16     
shared     1    1    8            all       0.266150453284     0.266150453284     1.110e-16     
shared     2    1    32           all       0.205331722963     0.205331722963     8.327e-17     
shared     3    1    128          all       0.166584772279     0.166584772279     1.978e-16     
separate   1    2    16           all       1.032967883849     1.032967883849     1.055e-15     
separate   2    2    256          all       2.065935767699     2.065935767699     1.610e-15     
separate   1    1    8            all       0.266150453284     0.266150453284     1.110e-16     
separate   2    1    64           all       0.532300906569     0.532300906569     1.110e-16     
separate   3    1    512          all       0.798451359853     0.798451359853     3.886e-16     
shared     4    3    2048         2         0.141398415220     0.141398415220     1.249e-16     
separate   4    1    4096         2         0.266150453284     0.266150453284     5.274e-16     
--------------------------------------------------------------------------------------------------------------
max per-record |ANALYTIC - DIRECT| = 1.610e-15
SELF-CHECK: PASS -- the factorisation is exact; it may be used at any m

--------------------------------------------------------------------------------------------------------------
TABLE 4  --  THE PAIRWISE TEST:   chi(block A + block B)   vs   chi(A) + chi(B)
            CONTROL ROWS are the SEPARATE-bath runs, where additivity MUST hold exactly.
--------------------------------------------------------------------------------------------------------------
configuration                  chi(A+B)         chi(A)+chi(B)    DEFECT         ratio       
--------------------------------------------------------------------------------------------------------------
SHARED bath, nq=1              0.180650299961   0.545634755887   -3.650e-01     0.33108283  
SHARED bath, nq=2              0.570945162095   1.985012377023   -1.414e+00     0.28762801  
SHARED bath, nq=3              1.214475739057   1.985012377023   -7.705e-01     0.61182275  
SHARED bath, nq=4              1.994123394430   1.985012377023   9.111e-03      1.00458990  
SEPARATE bath, nq=1 [CTRL]     0.545634755887   0.545634755887   0.000e+00      1.00000000  
SEPARATE bath, nq=2 [CTRL]     1.985012377023   1.985012377023   0.000e+00      1.00000000  
SEPARATE bath, nq=3 [CTRL]     1.985012377023   1.985012377023   0.000e+00      1.00000000  
SEPARATE bath, nq=4 [CTRL]     1.985012377023   1.985012377023   0.000e+00      1.00000000  

   CTRL2 -- SEPARATE baths whose ENERGIES DIFFER between the blocks.  Any defect here is a
   bath-parameter mismatch, NOT an interaction, and must not be read as one:
   identical baths [CTRL]       chi(A+B) = 1.9850123770   2*chi(A) = 1.9850123770   DEFECT = 0.000e+00
   mismatched baths [CTRL2]     chi(A+B) = 1.9941233944   2*chi(A) = 1.9850123770   DEFECT = 9.111e-03

--------------------------------------------------------------------------------------------------------------
TABLE 5  --  DOES THE DEFECT GROW WITH m?   chi_total(m) vs m*chi_total(1), nq=3 both sides.
            SEPARATE is the CONTROL: it must be exactly additive at every m.
--------------------------------------------------------------------------------------------------------------
m       N=2m      chi_tot SHARED   m*chi_1 SH    DEFECT SH     ratio SH    chi_tot SEP[C]   DEFECT SEP[C]
--------------------------------------------------------------------------------------------------------------
1       2         0.9925061885     0.9925        0.000e+00     1.000000    0.992506         0.000e+00    
2       4         1.2144757391     1.9850        -7.705e-01    0.611823    1.985012         0.000e+00    
3       6         0.7729850553     2.9775        -2.205e+00    0.259607    2.977519         0.000e+00    
4       8         0.6447106814     3.9700        -3.325e+00    0.162395    3.970025         0.000e+00    
6       12        0.5120635834     5.9550        -5.443e+00    0.085988    5.955037         0.000e+00    
8       16        0.4512767067     7.9400        -7.489e+00    0.056836    7.940050         0.000e+00    
12      24        0.3588577513     11.9101       -1.155e+01    0.030131    11.910074        0.000e+00    
16      32        0.3149070053     15.8801       -1.557e+01    0.019830    15.880099        0.000e+00    
24      48        0.2566423281     23.8201       -2.356e+01    0.010774    23.820149        3.553e-15    
32      64        0.2268655625     31.7602       -3.153e+01    0.007143    31.760198        3.553e-15    
48      96        0.2000024080     47.6403       -4.744e+01    0.004198    47.640297        7.105e-15    
64      128       0.1817296596     63.5204       -6.334e+01    0.002861    63.520396        7.105e-15    
96      192       0.1560946637     95.2806       -9.512e+01    0.001638    95.280594        1.421e-14    
128     256       0.1337540710     127.0408      -1.269e+02    0.001053    127.040792       1.421e-14    
192     384       0.1073928843     190.5612      -1.905e+02    0.000564    190.561188       2.842e-14    
256     512       0.0874757940     254.0816      -2.540e+02    0.000344    254.081584       2.842e-14    
384     768       0.0658236256     381.1224      -3.811e+02    0.000173    381.122376       5.684e-14    
512     1024      0.0523147277     508.1632      -5.081e+02    0.000103    508.163169       5.684e-14    
768     1536      0.0365260917     762.2448      -7.622e+02    0.000048    762.244753       1.137e-13    
1024    2048      0.0257322837     1016.3263     -1.016e+03    0.000025    1016.326337      1.137e-13    
1536    3072      0.0126501149     1524.4895     -1.524e+03    0.000008    1524.489506      2.274e-13    
2048    4096      0.0063737987     2032.6527     -2.033e+03    0.000003    2032.652674      2.274e-13    
3072    6144      0.0023768870     3048.9790     -3.049e+03    0.000001    3048.979011      0.000e+00    
4096    8192      0.0014289749     4065.3053     -4.065e+03    0.000000    4065.305348      -4.547e-13   
8192    16384     0.0006743895     8130.6107     -8.131e+03    0.000000    8130.610696      -9.095e-13   
16384   32768     0.0003315809     16261.2214    -1.626e+04    0.000000    16261.221393     0.000e+00    
32768   65536     0.0001657879     32522.4428    -3.252e+04    0.000000    32522.442785     3.638e-12    

--------------------------------------------------------------------------------------------------------------
TABLE 6  --  SATURATION TEST.  Requirement (a) of extensivity demands S(2N)/S(N) -> 2.
--------------------------------------------------------------------------------------------------------------
N=2m       2N         chi_tot(N) SHARED  chi_tot(2N) SHARED S(2N)/S(N) SH    S(2N)/S(N) SEP[C]
--------------------------------------------------------------------------------------------------------------
2          4          0.9925061885       1.2144757391       1.223646         2.000000        
4          8          1.2144757391       0.6447106814       0.530855         2.000000        
6          12         0.7729850553       0.5120635834       0.662450         2.000000        
8          16         0.6447106814       0.4512767067       0.699968         2.000000        
12         24         0.5120635834       0.3588577513       0.700807         2.000000        
16         32         0.4512767067       0.3149070053       0.697814         2.000000        
24         48         0.3588577513       0.2566423281       0.715165         2.000000        
32         64         0.3149070053       0.2268655625       0.720421         2.000000        
48         96         0.2566423281       0.2000024080       0.779304         2.000000        
64         128        0.2268655625       0.1817296596       0.801046         2.000000        
96         192        0.2000024080       0.1560946637       0.780464         2.000000        
128        256        0.1817296596       0.1337540710       0.736006         2.000000        
192        384        0.1560946637       0.1073928843       0.687998         2.000000        
256        512        0.1337540710       0.0874757940       0.654005         2.000000        
384        768        0.1073928843       0.0658236256       0.612924         2.000000        
512        1024       0.0874757940       0.0523147277       0.598048         2.000000        
768        1536       0.0658236256       0.0365260917       0.554909         2.000000        
1024       2048       0.0523147277       0.0257322837       0.491875         2.000000        
1536       3072       0.0365260917       0.0126501149       0.346331         2.000000        
2048       4096       0.0257322837       0.0063737987       0.247697         2.000000        
3072       6144       0.0126501149       0.0023768870       0.187895         2.000000        
4096       8192       0.0063737987       0.0014289749       0.224195         2.000000        
8192       16384      0.0014289749       0.0006743895       0.471939         2.000000        
16384      32768      0.0006743895       0.0003315809       0.491676         2.000000        
32768      65536      0.0003315809       0.0001657879       0.499992         2.000000        
   the SEPARATE column is exactly 2.000000 at every N by the factorisation (bath grows with
   the records); it is the positive control showing the ratio column can reach 2.

--------------------------------------------------------------------------------------------------------------
TABLE 7  --  THE EXACT CROWDING FUNCTION chi(n): ONE bath qubit shared by n records.
            n*chi(n) is all the chi that one bath site can support.
--------------------------------------------------------------------------------------------------------------
n          chi(n)               n*chi(n)             n*chi(n) / 1*chi(1)
--------------------------------------------------------------------------------------------------------------
1          5.215273007595e-01   0.521527300760       1.000000        
2          1.364086889718e-01   0.272817377944       0.523112        
3          7.178321984410e-02   0.215349659532       0.412921        
4          4.516257499027e-02   0.180650299961       0.346387        
6          2.430704322610e-02   0.145842259357       0.279645        
8          1.562302487079e-02   0.124984198966       0.239650        
12         8.428416873937e-03   0.101141002487       0.193932        
16         5.564783657806e-03   0.089036538525       0.170723        
24         3.229762512853e-03   0.077514300308       0.148629        
32         2.228043745339e-03   0.071297399851       0.136709        
64         8.591789843532e-04   0.054987454999       0.105435        
128        2.830900185790e-04   0.036235522378       0.069480        
256        8.495014534323e-05   0.021747237208       0.041699        
512        2.345632572670e-05   0.012009638772       0.023028        
1024       4.022612825394e-06   0.004119155533       0.007898        
2048       3.467617378705e-07   0.000710168039       0.001362        
4096       6.438697051969e-08   0.000263729031       0.000506        
8192       1.578741913200e-08   0.000129330538       0.000248        
16384      3.912582373644e-09   0.000064103750       0.000123        
32768      9.747452134334e-10   0.000031940451       0.000061        
65536      2.434155410569e-10   0.000015952481       0.000031        

--------------------------------------------------------------------------------------------------------------
TABLE 8  --  D-17: VARY THE VENUE'S OWN SCALE before calling any effect new.
            The shared-bath ceiling tracks the BATH (nq, lam, beta), not the record count.
--------------------------------------------------------------------------------------------------------------
nq     lam    beta    chi_tot m=16    m=256           m=4096          m=65536         ceiling/nq   
--------------------------------------------------------------------------------------------------------------
1      0.4    0.5     0.01853415      0.00432578      0.00011763      0.00000727      0.00000727   
1      0.4    2.0     0.08434156      0.01907366      0.00051241      0.00003166      0.00003166   
1      0.8    0.5     0.01580064      0.00271710      0.00002971      0.00000183      0.00000183   
1      0.8    2.0     0.07129740      0.01200964      0.00012933      0.00000798      0.00000798   
1      1.6    0.5     0.01467439      0.00213912      0.00000742      0.00000046      0.00000046   
1      1.6    2.0     0.06844036      0.00964870      0.00003230      0.00000200      0.00000200   
2      0.4    0.5     0.06734735      0.02288383      0.00108271      0.00006282      0.00003141   
2      0.4    2.0     0.23991874      0.07533291      0.00333456      0.00019351      0.00009675   
2      0.8    0.5     0.05770591      0.01541921      0.00026405      0.00001588      0.00000794   
2      0.8    2.0     0.19610716      0.05088009      0.00081326      0.00004891      0.00002445   
2      1.6    0.5     0.06394230      0.01037551      0.00006560      0.00000399      0.00000199   
2      1.6    2.0     0.22311952      0.03612455      0.00020197      0.00001228      0.00000614   
3      0.4    0.5     0.08902281      0.03107605      0.00169720      0.00009896      0.00003299   
3      0.4    2.0     0.37538764      0.11771987      0.00561167      0.00032680      0.00010893   
3      0.8    0.5     0.08046493      0.02329285      0.00043040      0.00002509      0.00000836   
3      0.8    2.0     0.31490701      0.08747579      0.00142897      0.00008274      0.00002758   
3      1.6    0.5     0.08242921      0.01579125      0.00012035      0.00000632      0.00000211   
3      1.6    2.0     0.32397372      0.06259133      0.00040666      0.00002084      0.00000695   
6      0.4    0.5     0.22573050      0.08480223      0.00796917      0.00040094      0.00006682   
6      0.4    2.0     0.99638992      0.32430580      0.02837594      0.00136981      0.00022830   
6      0.8    0.5     0.23448988      0.07357913      0.00361845      0.00010135      0.00001689   
6      0.8    2.0     0.94507310      0.27841786      0.01313898      0.00034619      0.00005770   
6      1.6    0.5     0.21147944      0.05358320      0.00230340      0.00002555      0.00000426   
6      1.6    2.0     0.86136186      0.20985974      0.00861432      0.00008724      0.00001454   

--------------------------------------------------------------------------------------------------------------
TABLE 9  --  THE CHI RELATION MATRIX  M_ij = chi about record j when ONLY record i is
            coupled.  Off-diagonal = information about one record leaking from another's
            channel.  [DIRECT] joint-state simulation, m=3, shared nq=3 bath, 25 times.
--------------------------------------------------------------------------------------------------------------
    5.2153e-01   2.6645e-16   2.6645e-16   4.8406e-16   4.8406e-16   4.8406e-16
    0.0000e+00   4.7098e-01   0.0000e+00   0.0000e+00   0.0000e+00   0.0000e+00
    7.5495e-17   7.5495e-17   4.7068e-01   8.8818e-17   8.8818e-17   8.8818e-17
    2.3537e-16   2.3537e-16   2.3537e-16   5.2153e-01   2.3537e-16   2.3537e-16
    0.0000e+00   0.0000e+00   0.0000e+00   0.0000e+00   4.7098e-01   0.0000e+00
    8.4377e-17   8.4377e-17   8.4377e-17   7.9936e-17   7.9936e-17   4.7068e-01
   [CONTROL: the DIAGONAL is what a non-zero looks like on this same scale]
   max |off-diagonal|      = 4.841e-16     min diagonal = 0.47067947
   max |CROSS-BLOCK entry| = 4.841e-16     (records in DIFFERENT regions)
   spectrum of (M+M^T)/2   : [0.47067947 0.47067947 0.47097889 0.47097889 0.5215273  0.5215273 ]

   relation-matrix spectral invariants vs m ([DIRECT], shared nq=3 bath):
   m     tr M             m*tr M(1)        DEFECT         lam_max        max off-diag  
   1     0.9925061885     0.9925061885     0.000e+00      0.5215273008   2.021e-16     
   2     1.9847129626     1.9850123770     -2.994e-04     0.5215273008   2.642e-16     
   3     2.9263713237     2.9775185655     -5.115e-02     0.5215273008   4.841e-16     

[written]
python3 -u s3_chi_additivity.py  823.96s user 18.41s system 85% cpu 16:19.91 total
EXIT=0
